Component: ARM Compiler 5.06 update 7 (build 960) Tool: armlink [4d3601]

==============================================================================

Section Cross References

    error.o(.rev16_text) refers (Special) to use_no_semi.o(.text) for __use_no_semihosting_swi
    error.o(.revsh_text) refers (Special) to use_no_semi.o(.text) for __use_no_semihosting_swi
    error.o(.rrx_text) refers (Special) to use_no_semi.o(.text) for __use_no_semihosting_swi
    error.o(i.parar_con_error) refers (Special) to use_no_semi.o(.text) for __use_no_semihosting_swi
    error.o(i.parar_con_error) refers to _printf_percent.o(.ARM.Collect$$_printf_percent$$00000000) for _printf_percent
    error.o(i.parar_con_error) refers to _printf_s.o(.ARM.Collect$$_printf_percent$$00000014) for _printf_s
    error.o(i.parar_con_error) refers to _printf_str.o(.text) for _printf_str
    error.o(i.parar_con_error) refers to _printf_u.o(.ARM.Collect$$_printf_percent$$0000000A) for _printf_u
    error.o(i.parar_con_error) refers to _printf_dec.o(.text) for _printf_int_dec
    error.o(i.parar_con_error) refers to __2snprintf.o(.text) for __2snprintf
    error.o(i.parar_con_error) refers to glcd.o(i.glcd_texto) for glcd_texto
    glcd.o(.rev16_text) refers (Special) to use_no_semi.o(.text) for __use_no_semihosting_swi
    glcd.o(.revsh_text) refers (Special) to use_no_semi.o(.text) for __use_no_semihosting_swi
    glcd.o(.rrx_text) refers (Special) to use_no_semi.o(.text) for __use_no_semihosting_swi
    glcd.o(i._sys_exit) refers (Special) to use_no_semi.o(.text) for __use_no_semihosting_swi
    glcd.o(i.ferror) refers (Special) to use_no_semi.o(.text) for __use_no_semihosting_swi
    glcd.o(i.ferror) refers to glcd.o(.data) for __stdout
    glcd.o(i.fgetc) refers (Special) to use_no_semi.o(.text) for __use_no_semihosting_swi
    glcd.o(i.fputc) refers (Special) to use_no_semi.o(.text) for __use_no_semihosting_swi
    glcd.o(i.fputc) refers to glcd.o(i.glcd_desplazar) for glcd_desplazar
    glcd.o(i.fputc) refers to glcd.o(i.glcd_caracter) for glcd_caracter
    glcd.o(i.fputc) refers to glcd.o(.data) for tabla_fonts
    glcd.o(i.glcd_activar_desplazamiento) refers (Special) to use_no_semi.o(.text) for __use_no_semihosting_swi
    glcd.o(i.glcd_activar_desplazamiento) refers to glcd.o(.data) for desplazamiento_activado
    glcd.o(i.glcd_borrar) refers (Special) to use_no_semi.o(.text) for __use_no_semihosting_swi
    glcd.o(i.glcd_caracter) refers (Special) to use_no_semi.o(.text) for __use_no_semihosting_swi
    glcd.o(i.glcd_caracter) refers to error.o(i.parar_con_error) for parar_con_error
    glcd.o(i.glcd_caracter) refers to glcd.o(.constdata) for __FUNCTION__
    glcd.o(i.glcd_caracter) refers to glcd.o(.data) for tabla_fonts
    glcd.o(i.glcd_circulo) refers (Special) to use_no_semi.o(.text) for __use_no_semihosting_swi
    glcd.o(i.glcd_circulo) refers to glcd.o(i.glcd_linea) for glcd_linea
    glcd.o(i.glcd_circunferencia) refers (Special) to use_no_semi.o(.text) for __use_no_semihosting_swi
    glcd.o(i.glcd_circunferencia) refers to glcd.o(i.glcd_punto) for glcd_punto
    glcd.o(i.glcd_color_texto) refers (Special) to use_no_semi.o(.text) for __use_no_semihosting_swi
    glcd.o(i.glcd_color_texto) refers to glcd.o(.data) for color_texto_actual
    glcd.o(i.glcd_desplazar) refers (Special) to use_no_semi.o(.text) for __use_no_semihosting_swi
    glcd.o(i.glcd_desplazar) refers to rt_memmove_v6.o(.text) for __aeabi_memmove
    glcd.o(i.glcd_desplazar) refers to glcd.o(.data) for color_fondo_texto_actual
    glcd.o(i.glcd_fondo_texto) refers (Special) to use_no_semi.o(.text) for __use_no_semihosting_swi
    glcd.o(i.glcd_fondo_texto) refers to glcd.o(.data) for color_fondo_texto_actual
    glcd.o(i.glcd_i2c0_inicializar) refers (Special) to use_no_semi.o(.text) for __use_no_semihosting_swi
    glcd.o(i.glcd_i2c0_start) refers (Special) to use_no_semi.o(.text) for __use_no_semihosting_swi
    glcd.o(i.glcd_i2c0_stop) refers (Special) to use_no_semi.o(.text) for __use_no_semihosting_swi
    glcd.o(i.glcd_i2c0_transmitir_buffer) refers (Special) to use_no_semi.o(.text) for __use_no_semihosting_swi
    glcd.o(i.glcd_i2c0_transmitir_buffer) refers to glcd.o(i.glcd_i2c0_start) for glcd_i2c0_start
    glcd.o(i.glcd_i2c0_transmitir_buffer) refers to glcd.o(i.glcd_i2c0_transmitir_byte) for glcd_i2c0_transmitir_byte
    glcd.o(i.glcd_i2c0_transmitir_buffer) refers to glcd.o(i.glcd_i2c0_stop) for glcd_i2c0_stop
    glcd.o(i.glcd_i2c0_transmitir_byte) refers (Special) to use_no_semi.o(.text) for __use_no_semihosting_swi
    glcd.o(i.glcd_inicializar) refers (Special) to use_no_semi.o(.text) for __use_no_semihosting_swi
    glcd.o(i.glcd_inicializar) refers to glcd.o(i.glcd_i2c0_inicializar) for glcd_i2c0_inicializar
    glcd.o(i.glcd_inicializar) refers to sdram.o(i.sdram_inicializar) for sdram_inicializar
    glcd.o(i.glcd_inicializar) refers to glcd.o(i.glcd_i2c0_transmitir_buffer) for glcd_i2c0_transmitir_buffer
[...]
    .ARM.Collect$$_printf_percent$$00000000  0x00000158   Section        0  _printf_percent.o(.ARM.Collect$$_printf_percent$$00000000)
    .ARM.Collect$$_printf_percent$$00000001  0x00000158   Section        6  _printf_n.o(.ARM.Collect$$_printf_percent$$00000001)
    .ARM.Collect$$_printf_percent$$00000002  0x0000015e   Section        6  _printf_p.o(.ARM.Collect$$_printf_percent$$00000002)
    .ARM.Collect$$_printf_percent$$00000003  0x00000164   Section        6  _printf_f.o(.ARM.Collect$$_printf_percent$$00000003)
    .ARM.Collect$$_printf_percent$$00000004  0x0000016a   Section        6  _printf_e.o(.ARM.Collect$$_printf_percent$$00000004)
    .ARM.Collect$$_printf_percent$$00000005  0x00000170   Section        6  _printf_g.o(.ARM.Collect$$_printf_percent$$00000005)
    .ARM.Collect$$_printf_percent$$00000006  0x00000176   Section        6  _printf_a.o(.ARM.Collect$$_printf_percent$$00000006)
    .ARM.Collect$$_printf_percent$$00000007  0x0000017c   Section       10  _printf_ll.o(.ARM.Collect$$_printf_percent$$00000007)
    .ARM.Collect$$_printf_percent$$00000008  0x00000186   Section        6  _printf_i.o(.ARM.Collect$$_printf_percent$$00000008)
    .ARM.Collect$$_printf_percent$$00000009  0x0000018c   Section        6  _printf_d.o(.ARM.Collect$$_printf_percent$$00000009)
    .ARM.Collect$$_printf_percent$$0000000A  0x00000192   Section        6  _printf_u.o(.ARM.Collect$$_printf_percent$$0000000A)
    .ARM.Collect$$_printf_percent$$0000000B  0x00000198   Section        6  _printf_o.o(.ARM.Collect$$_printf_percent$$0000000B)
    .ARM.Collect$$_printf_percent$$0000000C  0x0000019e   Section        6  _printf_x.o(.ARM.Collect$$_printf_percent$$0000000C)
    .ARM.Collect$$_printf_percent$$0000000D  0x000001a4   Section        6  _printf_lli.o(.ARM.Collect$$_printf_percent$$0000000D)
    .ARM.Collect$$_printf_percent$$0000000E  0x000001aa   Section        6  _printf_lld.o(.ARM.Collect$$_printf_percent$$0000000E)
    .ARM.Collect$$_printf_percent$$0000000F  0x000001b0   Section        6  _printf_llu.o(.ARM.Collect$$_printf_percent$$0000000F)
    .ARM.Collect$$_printf_percent$$00000010  0x000001b6   Section        6  _printf_llo.o(.ARM.Collect$$_printf_percent$$00000010)
    .ARM.Collect$$_printf_percent$$00000011  0x000001bc   Section        6  _printf_llx.o(.ARM.Collect$$_printf_percent$$00000011)
    .ARM.Collect$$_printf_percent$$00000012  0x000001c2   Section       10  _printf_l.o(.ARM.Collect$$_printf_percent$$00000012)
    .ARM.Collect$$_printf_percent$$00000013  0x000001cc   Section        6  _printf_c.o(.ARM.Collect$$_printf_percent$$00000013)
    .ARM.Collect$$_printf_percent$$00000014  0x000001d2   Section        6  _printf_s.o(.ARM.Collect$$_printf_percent$$00000014)
    .ARM.Collect$$_printf_percent$$00000015  0x000001d8   Section        6  _printf_lc.o(.ARM.Collect$$_printf_percent$$00000015)
    .ARM.Collect$$_printf_percent$$00000016  0x000001de   Section        6  _printf_ls.o(.ARM.Collect$$_printf_percent$$00000016)
    .ARM.Collect$$_printf_percent$$00000017  0x000001e4   Section        4  _printf_percent_end.o(.ARM.Collect$$_printf_percent$$00000017)
    .ARM.Collect$$libinit$$00000000          0x000001e8   Section        2  libinit.o(.ARM.Collect$$libinit$$00000000)
    .ARM.Collect$$libinit$$00000001          0x000001ea   Section        4  libinit2.o(.ARM.Collect$$libinit$$00000001)
    .ARM.Collect$$libinit$$00000004          0x000001ee   Section        0  libinit2.o(.ARM.Collect$$libinit$$00000004)
    .ARM.Collect$$libinit$$0000000A          0x000001ee   Section        0  libinit2.o(.ARM.Collect$$libinit$$0000000A)
    .ARM.Collect$$libinit$$0000000C          0x000001ee   Section        0  libinit2.o(.ARM.Collect$$libinit$$0000000C)
    .ARM.Collect$$libinit$$0000000E          0x000001ee   Section        0  libinit2.o(.ARM.Collect$$libinit$$0000000E)
    .ARM.Collect$$libinit$$0000000F          0x000001ee   Section        6  libinit2.o(.ARM.Collect$$libinit$$0000000F)
    .ARM.Collect$$libinit$$00000011          0x000001f4   Section        0  libinit2.o(.ARM.Collect$$libinit$$00000011)
    .ARM.Collect$$libinit$$00000012          0x000001f4   Section       12  libinit2.o(.ARM.Collect$$libinit$$00000012)
    .ARM.Collect$$libinit$$00000013          0x00000200   Section        0  libinit2.o(.ARM.Collect$$libinit$$00000013)
    .ARM.Collect$$libinit$$00000015          0x00000200   Section        0  libinit2.o(.ARM.Collect$$libinit$$00000015)
    .ARM.Collect$$libinit$$00000016          0x00000200   Section       10  libinit2.o(.ARM.Collect$$libinit$$00000016)
    .ARM.Collect$$libinit$$00000017          0x0000020a   Section        0  libinit2.o(.ARM.Collect$$libinit$$00000017)
    .ARM.Collect$$libinit$$00000019          0x0000020a   Section        0  libinit2.o(.ARM.Collect$$libinit$$00000019)
    .ARM.Collect$$libinit$$0000001B          0x0000020a   Section        0  libinit2.o(.ARM.Collect$$libinit$$0000001B)
    .ARM.Collect$$libinit$$0000001D          0x0000020a   Section        0  libinit2.o(.ARM.Collect$$libinit$$0000001D)
    .ARM.Collect$$libinit$$0000001F          0x0000020a   Section        0  libinit2.o(.ARM.Collect$$libinit$$0000001F)
    .ARM.Collect$$libinit$$00000021          0x0000020a   Section        0  libinit2.o(.ARM.Collect$$libinit$$00000021)
    .ARM.Collect$$libinit$$00000023          0x0000020a   Section        0  libinit2.o(.ARM.Collect$$libinit$$00000023)
    .ARM.Collect$$libinit$$00000025          0x0000020a   Section        0  libinit2.o(.ARM.Collect$$libinit$$00000025)
    .ARM.Collect$$libinit$$0000002C          0x0000020a   Section        0  libinit2.o(.ARM.Collect$$libinit$$0000002C)
    .ARM.Collect$$libinit$$0000002E          0x0000020a   Section        0  libinit2.o(.ARM.Collect$$libinit$$0000002E)
    .ARM.Collect$$libinit$$00000030          0x0000020a   Section        0  libinit2.o(.ARM.Collect$$libinit$$00000030)
    .ARM.Collect$$libinit$$00000032          0x0000020a   Section        0  libinit2.o(.ARM.Collect$$libinit$$00000032)
    .ARM.Collect$$libinit$$00000033          0x0000020a   Section        2  libinit2.o(.ARM.Collect$$libinit$$00000033)
    .ARM.Collect$$libshutdown$$00000000      0x0000020c   Section        2  libshutdown.o(.ARM.Collect$$libshutdown$$00000000)
    .ARM.Collect$$libshutdown$$00000002      0x0000020e   Section        0  libshutdown2.o(.ARM.Collect$$libshutdown$$00000002)
    .ARM.Collect$$libshutdown$$00000004      0x0000020e   Section        0  libshutdown2.o(.ARM.Collect$$libshutdown$$00000004)
    .ARM.Collect$$libshutdown$$00000006      0x0000020e   Section        0  libshutdown2.o(.ARM.Collect$$libshutdown$$00000006)
    .ARM.Collect$$libshutdown$$00000009      0x0000020e   Section        0  libshutdown2.o(.ARM.Collect$$libshutdown$$00000009)
    .ARM.Collect$$libshutdown$$0000000C      0x0000020e   Section        0  libshutdown2.o(.ARM.Collect$$libshutdown$$0000000C)
    .ARM.Collect$$libshutdown$$0000000E      0x0000020e   Section        0  libshutdown2.o(.ARM.Collect$$libshutdown$$0000000E)
    .ARM.Collect$$libshutdown$$00000011      0x0000020e   Section        0  libshutdown2.o(.ARM.Collect$$libshutdown$$00000011)
    .ARM.Collect$$libshutdown$$00000012      0x0000020e   Section        2  libshutdown2.o(.ARM.Collect$$libshutdown$$00000012)
    .ARM.Collect$$rtentry$$00000000          0x00000210   Section        0  __rtentry.o(.ARM.Collect$$rtentry$$00000000)
    .ARM.Collect$$rtentry$$00000002          0x00000210   Section        0  __rtentry2.o(.ARM.Collect$$rtentry$$00000002)
    .ARM.Collect$$rtentry$$00000004          0x00000210   Section        6  __rtentry4.o(.ARM.Collect$$rtentry$$00000004)
    .ARM.Collect$$rtentry$$00000009          0x00000216   Section        0  __rtentry2.o(.ARM.Collect$$rtentry$$00000009)
    .ARM.Collect$$rtentry$$0000000A          0x00000216   Section        4  __rtentry2.o(.ARM.Collect$$rtentry$$0000000A)
    .ARM.Collect$$rtentry$$0000000C          0x0000021a   Section        0  __rtentry2.o(.ARM.Collect$$rtentry$$0000000C)
    .ARM.Collect$$rtentry$$0000000D          0x0000021a   Section        8  __rtentry2.o(.ARM.Collect$$rtentry$$0000000D)
    .ARM.Collect$$rtexit$$00000000           0x00000222   Section        2  rtexit.o(.ARM.Collect$$rtexit$$00000000)
    .ARM.Collect$$rtexit$$00000002           0x00000224   Section        0  rtexit2.o(.ARM.Collect$$rtexit$$00000002)
    .ARM.Collect$$rtexit$$00000003           0x00000224   Section        4  rtexit2.o(.ARM.Collect$$rtexit$$00000003)
    .ARM.Collect$$rtexit$$00000004           0x00000228   Section        6  rtexit2.o(.ARM.Collect$$rtexit$$00000004)
    .text                                    0x00000230   Section       60  startup_lpc407x_8x_177x_8x.o(.text)
    $v0                                      0x00000230   Number         0  startup_lpc407x_8x_177x_8x.o(.text)
    .text                                    0x0000026c   Section        2  use_no_semi.o(.text)
    .text                                    0x00000270   Section        0  c89vprintf.o(.text)
    .text                                    0x0000027c   Section        0  __2snprintf.o(.text)
    .text                                    0x000002b4   Section        0  atoi.o(.text)
    .text                                    0x000002ce   Section        0  heapauxi.o(.text)
    .text                                    0x000002d4   Section        8  rt_errno_addr_intlibspace.o(.text)
    .text                                    0x000002dc   Section        0  _sputc.o(.text)
    .text                                    0x000002e6   Section        0  _snputc.o(.text)
    i._sys_exit                              0x000002f6   Section        0  glcd.o(i._sys_exit)
    x$fpl$usenofp                            0x000002fa   Section        0  usenofp.o(x$fpl$usenofp)
    .ARM.__at_0x02FC                         0x000002fc   Section        4  startup_lpc407x_8x_177x_8x.o(.ARM.__at_0x02FC)
    .text                                    0x00000300   Section        0  _printf_str.o(.text)
    .text                                    0x00000354   Section        0  _printf_dec.o(.text)
    .text                                    0x000003cc   Section        0  __printf_flags_ss_wp.o(.text)
    .text                                    0x00000554   Section      132  rt_memmove_v6.o(.text)
    .text                                    0x000005d8   Section        0  _printf_pad.o(.text)
    .text                                    0x00000626   Section        0  _printf_truncate.o(.text)
    .text                                    0x0000064a   Section        0  _printf_intcommon.o(.text)
    .text                                    0x000006fc   Section        0  _printf_charcount.o(.text)
    .text                                    0x00000724   Section        0  _printf_char_common.o(.text)
    _printf_input_char                       0x00000725   Thumb Code    10  _printf_char_common.o(.text)
    .text                                    0x00000754   Section        0  _printf_char.o(.text)
    .text                                    0x00000780   Section        0  _printf_char_file.o(.text)
    .text                                    0x000007a4   Section        0  _printf_wctomb.o(.text)
    .text                                    0x00000860   Section        0  _printf_longlong_dec.o(.text)
    .text                                    0x000008dc   Section        0  _printf_oct_int_ll.o(.text)
    _printf_longlong_oct_internal            0x000008dd   Thumb Code     0  _printf_oct_int_ll.o(.text)
    .text                                    0x0000094c   Section        0  _printf_hex_int_ll_ptr.o(.text)
    _printf_hex_common                       0x0000094d   Thumb Code     0  _printf_hex_int_ll_ptr.o(.text)
    .text                                    0x000009e0   Section        0  strtol.o(.text)
    .text                                    0x00000a50   Section      138  rt_memcpy_v6.o(.text)
    .text                                    0x00000ada   Section      122  rt_memmove_w.o(.text)
    .text                                    0x00000b54   Section        8  libspace.o(.text)
    .text                                    0x00000b5c   Section       16  rt_ctype_table.o(.text)
    .text                                    0x00000b6c   Section      138  lludiv10.o(.text)
    .text                                    0x00000bf6   Section        0  _printf_fp_dec.o(.text)
    _fp_digits                               0x00000bf9   Thumb Code   432  _printf_fp_dec.o(.text)
    .text                                    0x00001014   Section        0  _printf_wchar.o(.text)
    .text                                    0x00001040   Section        0  _strtoul.o(.text)
    .text                                    0x000010de   Section        0  _wcrtomb.o(.text)
    .text                                    0x0000111e   Section      100  rt_memcpy_w.o(.text)
    .text                                    0x00001182   Section       74  sys_stackheap_outer.o(.text)
    .text                                    0x000011cc   Section        8  rt_locale_intlibspace.o(.text)
    .text                                    0x000011d4   Section        0  _printf_fp_infnan.o(.text)
    .text                                    0x00001254   Section        0  _chval.o(.text)
    .text                                    0x00001270   Section        0  bigflt0.o(.text)
    .text                                    0x00001354   Section        0  exit.o(.text)
    .text                                    0x00001368   Section      128  strcmpv7m.o(.text)
    CL$$btod_d2e                             0x000013e8   Section       62  btod.o(CL$$btod_d2e)
    CL$$btod_d2e_denorm_low                  0x00001426   Section       70  btod.o(CL$$btod_d2e_denorm_low)
    CL$$btod_d2e_norm_op1                    0x0000146c   Section       96  btod.o(CL$$btod_d2e_norm_op1)
    CL$$btod_div_common                      0x000014cc   Section      824  btod.o(CL$$btod_div_common)
    CL$$btod_e2e                             0x00001804   Section      220  btod.o(CL$$btod_e2e)
    CL$$btod_ediv                            0x000018e0   Section       42  btod.o(CL$$btod_ediv)
    CL$$btod_emul                            0x0000190a   Section       42  btod.o(CL$$btod_emul)
    CL$$btod_mult_common                     0x00001934   Section      580  btod.o(CL$$btod_mult_common)
    i.SystemCoreClockUpdate                  0x00001b78   Section        0  system_lpc407x_8x_177x_8x.o(i.SystemCoreClockUpdate)
    i.SystemInit                             0x00001e4c   Section        0  system_lpc407x_8x_177x_8x.o(i.SystemInit)
    i.SystemInit_ExtMemCtl                   0x00001f3c   Section        0  system_lpc407x_8x_177x_8x.o(i.SystemInit_ExtMemCtl)
    i.TIMER3_IRQHandler                      0x00002134   Section        0  sonido.o(i.TIMER3_IRQHandler)
    i.TIM_Waitms                             0x00002190   Section        0  sdram.o(i.TIM_Waitms)
    TIM_Waitms                               0x00002191   Thumb Code    60  sdram.o(i.TIM_Waitms)
    i._DelayMs                               0x000021cc   Section        0  system_lpc407x_8x_177x_8x.o(i._DelayMs)
    _DelayMs                                 0x000021cd   Thumb Code    38  system_lpc407x_8x_177x_8x.o(i._DelayMs)
    i.__ARM_fpclassify                       0x000021f8   Section        0  fpclassify.o(i.__ARM_fpclassify)
    i.__hardfp_fabs                          0x00002228   Section        0  fabs.o(i.__hardfp_fabs)
    i._is_digit                              0x0000223c   Section        0  __printf_wp.o(i._is_digit)
    i.adjust_timing                          0x0000224c   Section        0  sdram.o(i.adjust_timing)
    i.calibration                            0x000022a4   Section        0  sdram.o(i.calibration)
    calibration                              0x000022a5   Thumb Code    62  sdram.o(i.calibration)
    i.ferror                                 0x000022ec   Section        0  glcd.o(i.ferror)
    i.find_cmddly                            0x00002300   Section        0  sdram.o(i.find_cmddly)
    find_cmddly                              0x00002301   Thumb Code   124  sdram.o(i.find_cmddly)
    i.find_fbclkdly                          0x00002384   Section        0  sdram.o(i.find_fbclkdly)
    find_fbclkdly                            0x00002385   Thumb Code   124  sdram.o(i.find_fbclkdly)
    i.fpu_init                               0x00002408   Section        0  system_lpc407x_8x_177x_8x.o(i.fpu_init)
    i.fputc                                  0x00002458   Section        0  glcd.o(i.fputc)
    i.glcd_borrar                            0x000025c8   Section        0  glcd.o(i.glcd_borrar)
    i.glcd_caracter                          0x000025e0   Section        0  glcd.o(i.glcd_caracter)
    i.glcd_desplazar                         0x000026f8   Section        0  glcd.o(i.glcd_desplazar)
    i.glcd_i2c0_inicializar                  0x00002750   Section        0  glcd.o(i.glcd_i2c0_inicializar)
    glcd_i2c0_inicializar                    0x00002751   Thumb Code    56  glcd.o(i.glcd_i2c0_inicializar)
    i.glcd_i2c0_start                        0x00002794   Section        0  glcd.o(i.glcd_i2c0_start)
    glcd_i2c0_start                          0x00002795   Thumb Code    48  glcd.o(i.glcd_i2c0_start)
    i.glcd_i2c0_stop                         0x000027c8   Section        0  glcd.o(i.glcd_i2c0_stop)
    glcd_i2c0_stop                           0x000027c9   Thumb Code    26  glcd.o(i.glcd_i2c0_stop)
    i.glcd_i2c0_transmitir_buffer            0x000027e8   Section        0  glcd.o(i.glcd_i2c0_transmitir_buffer)
    glcd_i2c0_transmitir_buffer              0x000027e9   Thumb Code    50  glcd.o(i.glcd_i2c0_transmitir_buffer)
    i.glcd_i2c0_transmitir_byte              0x0000281c   Section        0  glcd.o(i.glcd_i2c0_transmitir_byte)
    glcd_i2c0_transmitir_byte                0x0000281d   Thumb Code    32  glcd.o(i.glcd_i2c0_transmitir_byte)
    i.glcd_inicializar                       0x00002840   Section        0  glcd.o(i.glcd_inicializar)
    i.glcd_printf                            0x00002bd4   Section        0  glcd.o(i.glcd_printf)
    i.glcd_texto                             0x00002bf4   Section        0  glcd.o(i.glcd_texto)
    i.glcd_timer0_retardo_ms                 0x00002cc0   Section        0  glcd.o(i.glcd_timer0_retardo_ms)
    glcd_timer0_retardo_ms                   0x00002cc1   Thumb Code    80  glcd.o(i.glcd_timer0_retardo_ms)
    i.glcd_xy_texto                          0x00002d18   Section        0  glcd.o(i.glcd_xy_texto)
    i.iocon_configurar_pin                   0x00002d44   Section        0  iocon_lpc40xx.o(i.iocon_configurar_pin)
    i.main                                   0x00002f4c   Section        0  main.o(i.main)
    i.parar_con_error                        0x00003038   Section        0  error.o(i.parar_con_error)
    i.pinConfig                              0x00003104   Section        0  sdram.o(i.pinConfig)
    pinConfig                                0x00003105   Thumb Code  1034  sdram.o(i.pinConfig)
    i.sdram_inicializar                      0x00003510   Section        0  sdram.o(i.sdram_inicializar)
    i.sdram_test                             0x000035f4   Section        0  sdram.o(i.sdram_test)
    sdram_test                               0x000035f5   Thumb Code    92  sdram.o(i.sdram_test)
    i.uart_esperar_recibir_dato              0x00003650   Section        0  uart_lpc40xx.o(i.uart_esperar_recibir_dato)
    i.uart_inicializar                       0x000036d0   Section        0  uart_lpc40xx.o(i.uart_inicializar)
    i.uart_recibir_cadena                    0x00003b60   Section        0  uart_lpc40xx.o(i.uart_recibir_cadena)
    i.uart_transmitir_cadena                 0x00003bac   Section        0  uart_lpc40xx.o(i.uart_transmitir_cadena)
    i.uart_transmitir_dato                   0x00003bd8   Section        0  uart_lpc40xx.o(i.uart_transmitir_dato)
    locale$$code                             0x00003c58   Section       44  lc_ctype_c.o(locale$$code)
    locale$$code                             0x00003c84   Section       44  lc_numeric_c.o(locale$$code)
    x$fpl$d2f                                0x00003cb0   Section       98  d2f.o(x$fpl$d2f)
    $v0                                      0x00003cb0   Number         0  d2f.o(x$fpl$d2f)
    x$fpl$dnaninf                            0x00003d12   Section      156  dnaninf.o(x$fpl$dnaninf)
    $v0                                      0x00003d12   Number         0  dnaninf.o(x$fpl$dnaninf)
    x$fpl$dretinf                            0x00003dae   Section       12  dretinf.o(x$fpl$dretinf)
    $v0                                      0x00003dae   Number         0  dretinf.o(x$fpl$dretinf)
    x$fpl$f2d                                0x00003dbc   Section       86  f2d.o(x$fpl$f2d)
    $v0                                      0x00003dbc   Number         0  f2d.o(x$fpl$f2d)
    x$fpl$fnaninf                            0x00003e12   Section      140  fnaninf.o(x$fpl$fnaninf)
    $v0                                      0x00003e12   Number         0  fnaninf.o(x$fpl$fnaninf)
    x$fpl$fpinit                             0x00003e9e   Section       10  fpinit.o(x$fpl$fpinit)
    $v0                                      0x00003e9e   Number         0  fpinit.o(x$fpl$fpinit)
    x$fpl$fretinf                            0x00003ea8   Section       10  fretinf.o(x$fpl$fretinf)
    $v0                                      0x00003ea8   Number         0  fretinf.o(x$fpl$fretinf)
    x$fpl$printf1                            0x00003eb2   Section        4  printf1.o(x$fpl$printf1)
    $v0                                      0x00003eb2   Number         0  printf1.o(x$fpl$printf1)
    .constdata                               0x00003eb8   Section     3604  font_8x16.o(.constdata)
    .constdata                               0x00004ccc   Section    10772  font_12x24.o(.constdata)
    .constdata                               0x000076e0   Section    14356  font_16x32.o(.constdata)
    .constdata                               0x0000aef4   Section       47  glcd.o(.constdata)
    __FUNCTION__                             0x0000aef4   Data          22  glcd.o(.constdata)
    __FUNCTION__                             0x0000af0a   Data          14  glcd.o(.constdata)
    __FUNCTION__                             0x0000af18   Data          11  glcd.o(.constdata)
    .constdata                               0x0000af24   Section     3122  iocon_lpc40xx.o(.constdata)
    tabla_funciones_pines                    0x0000af24   Data        3072  iocon_lpc40xx.o(.constdata)
    __FUNCTION__                             0x0000bb24   Data          21  iocon_lpc40xx.o(.constdata)
    __FUNCTION__                             0x0000bb39   Data          29  iocon_lpc40xx.o(.constdata)
    .constdata                               0x0000bb56   Section      228  sonido.o(.constdata)
    __FUNCTION__                             0x0000bc04   Data          26  sonido.o(.constdata)
    __FUNCTION__                             0x0000bc1e   Data          28  sonido.o(.constdata)
    .constdata                               0x0000bc3a   Section      104  uart_lpc40xx.o(.constdata)
    __FUNCTION__                             0x0000bc3a   Data          17  uart_lpc40xx.o(.constdata)
    __FUNCTION__                             0x0000bc4b   Data          21  uart_lpc40xx.o(.constdata)
    __FUNCTION__                             0x0000bc60   Data          25  uart_lpc40xx.o(.constdata)
    __FUNCTION__                             0x0000bc79   Data          15  uart_lpc40xx.o(.constdata)
    __FUNCTION__                             0x0000bc88   Data          26  uart_lpc40xx.o(.constdata)
    .constdata                               0x0000bca2   Section       17  __printf_flags_ss_wp.o(.constdata)
    maptable                                 0x0000bca2   Data          17  __printf_flags_ss_wp.o(.constdata)
    .constdata                               0x0000bcb4   Section        8  _printf_wctomb.o(.constdata)
    initial_mbstate                          0x0000bcb4   Data           8  _printf_wctomb.o(.constdata)
    .constdata                               0x0000bcbc   Section       40  _printf_hex_int_ll_ptr.o(.constdata)
    uc_hextab                                0x0000bcbc   Data          20  _printf_hex_int_ll_ptr.o(.constdata)
    lc_hextab                                0x0000bcd0   Data          20  _printf_hex_int_ll_ptr.o(.constdata)
    .constdata                               0x0000bce4   Section      148  bigflt0.o(.constdata)
    tenpwrs_x                                0x0000bce4   Data          60  bigflt0.o(.constdata)
    tenpwrs_i                                0x0000bd20   Data          64  bigflt0.o(.constdata)
    locale$$data                             0x0000bd98   Section      272  lc_ctype_c.o(locale$$data)
    __lcctype_c_name                         0x0000bd9c   Data           2  lc_ctype_c.o(locale$$data)
    __lcctype_c_start                        0x0000bda4   Data           0  lc_ctype_c.o(locale$$data)
    locale$$data                             0x0000bea8   Section       28  lc_numeric_c.o(locale$$data)
    __lcctype_c_end                          0x0000bea8   Data           0  lc_ctype_c.o(locale$$data)
    __lcnum_c_name                           0x0000beac   Data           2  lc_numeric_c.o(locale$$data)
    __lcnum_c_start                          0x0000beb4   Data           0  lc_numeric_c.o(locale$$data)
    __lcnum_c_point                          0x0000bec0   Data           0  lc_numeric_c.o(locale$$data)
    __lcnum_c_thousands                      0x0000bec2   Data           0  lc_numeric_c.o(locale$$data)
    __lcnum_c_grouping                       0x0000bec3   Data           0  lc_numeric_c.o(locale$$data)
    __lcnum_c_end                            0x0000bec4   Data           0  lc_numeric_c.o(locale$$data)
    .data                                    0x10000000   Section       44  glcd.o(.data)
    tabla_fonts                              0x10000000   Data          12  glcd.o(.data)
    color_texto_actual                       0x1000000c   Data           2  glcd.o(.data)
    color_fondo_texto_actual                 0x1000000e   Data           2  glcd.o(.data)
    font_actual                              0x10000010   Data           4  glcd.o(.data)
    x_texto_actual                           0x10000014   Data           4  glcd.o(.data)
    y_texto_actual                           0x10000018   Data           4  glcd.o(.data)
    desplazamiento_activado                  0x1000001c   Data           1  glcd.o(.data)
    .data                                    0x1000002c   Section        8  sdram.o(.data)
    ringosccount                             0x1000002c   Data           8  sdram.o(.data)
    .data                                    0x10000034   Section        5  sonido.o(.data)
    ptr_melodia                              0x10000034   Data           4  sonido.o(.data)
    reproduciendo                            0x10000038   Data           1  sonido.o(.data)
    .data                                    0x1000003c   Section       16  system_lpc407x_8x_177x_8x.o(.data)
    .bss                                     0x1000004c   Section       96  libspace.o(.bss)
    HEAP                                     0x100000b0   Section        0  startup_lpc407x_8x_177x_8x.o(HEAP)
    STACK                                    0x100000b0   Section     1024  startup_lpc407x_8x_177x_8x.o(STACK)
    Heap_Mem                                 0x100000b0   Data           0  startup_lpc407x_8x_177x_8x.o(HEAP)
    Stack_Mem                                0x100000b0   Data        1024  startup_lpc407x_8x_177x_8x.o(STACK)
    __initial_sp                             0x100004b0   Data           0  startup_lpc407x_8x_177x_8x.o(STACK)

    Global Symbols

    Symbol Name                              Value     Ov Type        Size  Object(Section)

    BuildAttributes$$THM_ISAv4$E$P$D$K$B$S$7EM$VFPi3$EXTD16$VFPS$VFMA$PE$A:L22UL41UL21$X:L11$S22US41US21$IEEE1$IW$USESV6$~STKCKD$USESV7$~SHL$OTIME$ROPI$IEEEJ$EBA8$UX$STANDARDLIB$REQ8$PRES8$EABIv2 0x00000000   Number         0  anon$$obj.o ABSOLUTE
    __ARM_use_no_argv                        0x00000000   Number         0  main.o ABSOLUTE
    __Vectors                                0x00000000   Data           4  startup_lpc407x_8x_177x_8x.o(RESET)
    _printf_flags                            0x00000000   Number         0  printf_stubs.o ABSOLUTE
    _printf_return_value                     0x00000000   Number         0  printf_stubs.o ABSOLUTE
    _printf_sizespec                         0x00000000   Number         0  printf_stubs.o ABSOLUTE
    _printf_widthprec                        0x00000000   Number         0  printf_stubs.o ABSOLUTE
    __ARM_exceptions_init                     - Undefined Weak Reference
    __alloca_initialize                       - Undefined Weak Reference
    __arm_fini_                               - Undefined Weak Reference
    __arm_preinit_                            - Undefined Weak Reference
    __cpp_initialize__aeabi_                  - Undefined Weak Reference
    __cxa_finalize                            - Undefined Weak Reference
    __sigvec_lookup                           - Undefined Weak Reference
    _atexit_init                              - Undefined Weak Reference
    _call_atexit_fns                          - Undefined Weak Reference
    _clock_init                               - Undefined Weak Reference
    _fp_trap_init                             - Undefined Weak Reference
    _fp_trap_shutdown                         - Undefined Weak Reference
    _get_lc_collate                           - Undefined Weak Reference
    _get_lc_monetary                          - Undefined Weak Reference
    _get_lc_time                              - Undefined Weak Reference
    _getenv_init                              - Undefined Weak Reference
    _handle_redirection                       - Undefined Weak Reference
    _init_alloc                               - Undefined Weak Reference
    _init_user_alloc                          - Undefined Weak Reference
    _initio                                   - Undefined Weak Reference
    _printf_fp_hex                            - Undefined Weak Reference
    _printf_mbtowc                            - Undefined Weak Reference
    _printf_wc                                - Undefined Weak Reference
    _rand_init                                - Undefined Weak Reference
    _signal_finish                            - Undefined Weak Reference
    _signal_init                              - Undefined Weak Reference
    _terminate_alloc                          - Undefined Weak Reference
    _terminate_user_alloc                     - Undefined Weak Reference
    _terminateio                              - Undefined Weak Reference
    __main                                   0x000000e5   Thumb Code     8  __main.o(!!!main)
    __scatterload                            0x000000ed   Thumb Code     0  __scatter.o(!!!scatter)
    __scatterload_rt2                        0x000000ed   Thumb Code    44  __scatter.o(!!!scatter)
    __scatterload_rt2_thumb_only             0x000000ed   Thumb Code     0  __scatter.o(!!!scatter)
    __scatterload_null                       0x000000fb   Thumb Code     0  __scatter.o(!!!scatter)
    __scatterload_copy                       0x00000121   Thumb Code    26  __scatter_copy.o(!!handler_copy)
    __scatterload_zeroinit                   0x0000013d   Thumb Code    28  __scatter_zi.o(!!handler_zi)
    _printf_n                                0x00000159   Thumb Code     0  _printf_n.o(.ARM.Collect$$_printf_percent$$00000001)
    _printf_percent                          0x00000159   Thumb Code     0  _printf_percent.o(.ARM.Collect$$_printf_percent$$00000000)
    _printf_p                                0x0000015f   Thumb Code     0  _printf_p.o(.ARM.Collect$$_printf_percent$$00000002)
    _printf_f                                0x00000165   Thumb Code     0  _printf_f.o(.ARM.Collect$$_printf_percent$$00000003)
    _printf_e                                0x0000016b   Thumb Code     0  _printf_e.o(.ARM.Collect$$_printf_percent$$00000004)
    _printf_g                                0x00000171   Thumb Code     0  _printf_g.o(.ARM.Collect$$_printf_percent$$00000005)
    _printf_a                                0x00000177   Thumb Code     0  _printf_a.o(.ARM.Collect$$_printf_percent$$00000006)
    _printf_ll                               0x0000017d   Thumb Code     0  _printf_ll.o(.ARM.Collect$$_printf_percent$$00000007)
    _printf_i                                0x00000187   Thumb Code     0  _printf_i.o(.ARM.Collect$$_printf_percent$$00000008)
    _printf_d                                0x0000018d   Thumb Code     0  _printf_d.o(.ARM.Collect$$_printf_percent$$00000009)
    _printf_u                                0x00000193   Thumb Code     0  _printf_u.o(.ARM.Collect$$_printf_percent$$0000000A)
    _printf_o                                0x00000199   Thumb Code     0  _printf_o.o(.ARM.Collect$$_printf_percent$$0000000B)
    _printf_x                                0x0000019f   Thumb Code     0  _printf_x.o(.ARM.Collect$$_printf_percent$$0000000C)
    _printf_lli                              0x000001a5   Thumb Code     0  _printf_lli.o(.ARM.Collect$$_printf_percent$$0000000D)
    _printf_lld                              0x000001ab   Thumb Code     0  _printf_lld.o(.ARM.Collect$$_printf_percent$$0000000E)
    _printf_llu                              0x000001b1   Thumb Code     0  _printf_llu.o(.ARM.Collect$$_printf_percent$$0000000F)
    _printf_llo                              0x000001b7   Thumb Code     0  _printf_llo.o(.ARM.Collect$$_printf_percent$$00000010)
    _printf_llx                              0x000001bd   Thumb Code     0  _printf_llx.o(.ARM.Collect$$_printf_percent$$00000011)
    _printf_l                                0x000001c3   Thumb Code     0  _printf_l.o(.ARM.Collect$$_printf_percent$$00000012)
    _printf_c                                0x000001cd   Thumb Code     0  _printf_c.o(.ARM.Collect$$_printf_percent$$00000013)
    _printf_s                                0x000001d3   Thumb Code     0  _printf_s.o(.ARM.Collect$$_printf_percent$$00000014)
    _printf_lc                               0x000001d9   Thumb Code     0  _printf_lc.o(.ARM.Collect$$_printf_percent$$00000015)
    _printf_ls                               0x000001df   Thumb Code     0  _printf_ls.o(.ARM.Collect$$_printf_percent$$00000016)
    _printf_percent_end                      0x000001e5   Thumb Code     0  _printf_percent_end.o(.ARM.Collect$$_printf_percent$$00000017)
    __rt_lib_init                            0x000001e9   Thumb Code     0  libinit.o(.ARM.Collect$$libinit$$00000000)
    __rt_lib_init_fp_1                       0x000001eb   Thumb Code     0  libinit2.o(.ARM.Collect$$libinit$$00000001)
    __rt_lib_init_heap_1                     0x000001ef   Thumb Code     0  libinit2.o(.ARM.Collect$$libinit$$0000000A)
    __rt_lib_init_lc_common                  0x000001ef   Thumb Code     0  libinit2.o(.ARM.Collect$$libinit$$0000000F)
    __rt_lib_init_preinit_1                  0x000001ef   Thumb Code     0  libinit2.o(.ARM.Collect$$libinit$$00000004)
    __rt_lib_init_rand_1                     0x000001ef   Thumb Code     0  libinit2.o(.ARM.Collect$$libinit$$0000000E)
    __rt_lib_init_user_alloc_1               0x000001ef   Thumb Code     0  libinit2.o(.ARM.Collect$$libinit$$0000000C)
    __rt_lib_init_lc_collate_1               0x000001f5   Thumb Code     0  libinit2.o(.ARM.Collect$$libinit$$00000011)
    __rt_lib_init_lc_ctype_2                 0x000001f5   Thumb Code     0  libinit2.o(.ARM.Collect$$libinit$$00000012)
    __rt_lib_init_lc_ctype_1                 0x00000201   Thumb Code     0  libinit2.o(.ARM.Collect$$libinit$$00000013)
    __rt_lib_init_lc_monetary_1              0x00000201   Thumb Code     0  libinit2.o(.ARM.Collect$$libinit$$00000015)
    __rt_lib_init_lc_numeric_2               0x00000201   Thumb Code     0  libinit2.o(.ARM.Collect$$libinit$$00000016)
    __rt_lib_init_alloca_1                   0x0000020b   Thumb Code     0  libinit2.o(.ARM.Collect$$libinit$$0000002E)
    __rt_lib_init_argv_1                     0x0000020b   Thumb Code     0  libinit2.o(.ARM.Collect$$libinit$$0000002C)
    __rt_lib_init_atexit_1                   0x0000020b   Thumb Code     0  libinit2.o(.ARM.Collect$$libinit$$0000001B)
    __rt_lib_init_clock_1                    0x0000020b   Thumb Code     0  libinit2.o(.ARM.Collect$$libinit$$00000021)
    __rt_lib_init_cpp_1                      0x0000020b   Thumb Code     0  libinit2.o(.ARM.Collect$$libinit$$00000032)
    __rt_lib_init_exceptions_1               0x0000020b   Thumb Code     0  libinit2.o(.ARM.Collect$$libinit$$00000030)
    __rt_lib_init_fp_trap_1                  0x0000020b   Thumb Code     0  libinit2.o(.ARM.Collect$$libinit$$0000001F)
    __rt_lib_init_getenv_1                   0x0000020b   Thumb Code     0  libinit2.o(.ARM.Collect$$libinit$$00000023)
    __rt_lib_init_lc_numeric_1               0x0000020b   Thumb Code     0  libinit2.o(.ARM.Collect$$libinit$$00000017)
    __rt_lib_init_lc_time_1                  0x0000020b   Thumb Code     0  libinit2.o(.ARM.Collect$$libinit$$00000019)
    __rt_lib_init_return                     0x0000020b   Thumb Code     0  libinit2.o(.ARM.Collect$$libinit$$00000033)
    __rt_lib_init_signal_1                   0x0000020b   Thumb Code     0  libinit2.o(.ARM.Collect$$libinit$$0000001D)
    __rt_lib_init_stdio_1                    0x0000020b   Thumb Code     0  libinit2.o(.ARM.Collect$$libinit$$00000025)
    __rt_lib_shutdown                        0x0000020d   Thumb Code     0  libshutdown.o(.ARM.Collect$$libshutdown$$00000000)
    __rt_lib_shutdown_cpp_1                  0x0000020f   Thumb Code     0  libshutdown2.o(.ARM.Collect$$libshutdown$$00000004)
    __rt_lib_shutdown_fini_1                 0x0000020f   Thumb Code     0  libshutdown2.o(.ARM.Collect$$libshutdown$$00000002)
    __rt_lib_shutdown_fp_trap_1              0x0000020f   Thumb Code     0  libshutdown2.o(.ARM.Collect$$libshutdown$$00000009)
    __rt_lib_shutdown_heap_1                 0x0000020f   Thumb Code     0  libshutdown2.o(.ARM.Collect$$libshutdown$$00000011)
    __rt_lib_shutdown_return                 0x0000020f   Thumb Code     0  libshutdown2.o(.ARM.Collect$$libshutdown$$00000012)
    __rt_lib_shutdown_signal_1               0x0000020f   Thumb Code     0  libshutdown2.o(.ARM.Collect$$libshutdown$$0000000C)
    __rt_lib_shutdown_stdio_1                0x0000020f   Thumb Code     0  libshutdown2.o(.ARM.Collect$$libshutdown$$00000006)
    __rt_lib_shutdown_user_alloc_1           0x0000020f   Thumb Code     0  libshutdown2.o(.ARM.Collect$$libshutdown$$0000000E)
    __rt_entry                               0x00000211   Thumb Code     0  __rtentry.o(.ARM.Collect$$rtentry$$00000000)
    __rt_entry_presh_1                       0x00000211   Thumb Code     0  __rtentry2.o(.ARM.Collect$$rtentry$$00000002)
    __rt_entry_sh                            0x00000211   Thumb Code     0  __rtentry4.o(.ARM.Collect$$rtentry$$00000004)
    __rt_entry_li                            0x00000217   Thumb Code     0  __rtentry2.o(.ARM.Collect$$rtentry$$0000000A)
    __rt_entry_postsh_1                      0x00000217   Thumb Code     0  __rtentry2.o(.ARM.Collect$$rtentry$$00000009)
    __rt_entry_main                          0x0000021b   Thumb Code     0  __rtentry2.o(.ARM.Collect$$rtentry$$0000000D)
    __rt_entry_postli_1                      0x0000021b   Thumb Code     0  __rtentry2.o(.ARM.Collect$$rtentry$$0000000C)
    __rt_exit                                0x00000223   Thumb Code     0  rtexit.o(.ARM.Collect$$rtexit$$00000000)
    __rt_exit_ls                             0x00000225   Thumb Code     0  rtexit2.o(.ARM.Collect$$rtexit$$00000003)
    __rt_exit_prels_1                        0x00000225   Thumb Code     0  rtexit2.o(.ARM.Collect$$rtexit$$00000002)
    __rt_exit_exit                           0x00000229   Thumb Code     0  rtexit2.o(.ARM.Collect$$rtexit$$00000004)
    Reset_Handler                            0x00000231   Thumb Code     8  startup_lpc407x_8x_177x_8x.o(.text)
    NMI_Handler                              0x00000239   Thumb Code     2  startup_lpc407x_8x_177x_8x.o(.text)
    HardFault_Handler                        0x0000023b   Thumb Code     2  startup_lpc407x_8x_177x_8x.o(.text)
    MemManage_Handler                        0x0000023d   Thumb Code     2  startup_lpc407x_8x_177x_8x.o(.text)
    BusFault_Handler                         0x0000023f   Thumb Code     2  startup_lpc407x_8x_177x_8x.o(.text)
    UsageFault_Handler                       0x00000241   Thumb Code     2  startup_lpc407x_8x_177x_8x.o(.text)
    SVC_Handler                              0x00000243   Thumb Code     2  startup_lpc407x_8x_177x_8x.o(.text)
    DebugMon_Handler                         0x00000245   Thumb Code     2  startup_lpc407x_8x_177x_8x.o(.text)
    PendSV_Handler                           0x00000247   Thumb Code     2  startup_lpc407x_8x_177x_8x.o(.text)
    SysTick_Handler                          0x00000249   Thumb Code     2  startup_lpc407x_8x_177x_8x.o(.text)
    ADC_IRQHandler                           0x0000024b   Thumb Code     0  startup_lpc407x_8x_177x_8x.o(.text)
    BOD_IRQHandler                           0x0000024b   Thumb Code     0  startup_lpc407x_8x_177x_8x.o(.text)
    CANActivity_IRQHandler                   0x0000024b   Thumb Code     0  startup_lpc407x_8x_177x_8x.o(.text)
    CAN_IRQHandler                           0x0000024b   Thumb Code     0  startup_lpc407x_8x_177x_8x.o(.text)
    DMA_IRQHandler                           0x0000024b   Thumb Code     0  startup_lpc407x_8x_177x_8x.o(.text)
    EEPROM_IRQHandler                        0x0000024b   Thumb Code     0  startup_lpc407x_8x_177x_8x.o(.text)
    EINT0_IRQHandler                         0x0000024b   Thumb Code     0  startup_lpc407x_8x_177x_8x.o(.text)
    EINT1_IRQHandler                         0x0000024b   Thumb Code     0  startup_lpc407x_8x_177x_8x.o(.text)
    EINT2_IRQHandler                         0x0000024b   Thumb Code     0  startup_lpc407x_8x_177x_8x.o(.text)
    EINT3_IRQHandler                         0x0000024b   Thumb Code     0  startup_lpc407x_8x_177x_8x.o(.text)
    ENET_IRQHandler                          0x0000024b   Thumb Code     0  startup_lpc407x_8x_177x_8x.o(.text)
    GPIO_IRQHandler                          0x0000024b   Thumb Code     0  startup_lpc407x_8x_177x_8x.o(.text)
    I2C0_IRQHandler                          0x0000024b   Thumb Code     0  startup_lpc407x_8x_177x_8x.o(.text)
    I2C1_IRQHandler                          0x0000024b   Thumb Code     0  startup_lpc407x_8x_177x_8x.o(.text)
    I2C2_IRQHandler                          0x0000024b   Thumb Code     0  startup_lpc407x_8x_177x_8x.o(.text)
    I2S_IRQHandler                           0x0000024b   Thumb Code     0  startup_lpc407x_8x_177x_8x.o(.text)
    LCD_IRQHandler                           0x0000024b   Thumb Code     0  startup_lpc407x_8x_177x_8x.o(.text)
    MCI_IRQHandler                           0x0000024b   Thumb Code     0  startup_lpc407x_8x_177x_8x.o(.text)
    MCPWM_IRQHandler                         0x0000024b   Thumb Code     0  startup_lpc407x_8x_177x_8x.o(.text)
    PLL0_IRQHandler                          0x0000024b   Thumb Code     0  startup_lpc407x_8x_177x_8x.o(.text)
    PLL1_IRQHandler                          0x0000024b   Thumb Code     0  startup_lpc407x_8x_177x_8x.o(.text)
    PWM0_IRQHandler                          0x0000024b   Thumb Code     0  startup_lpc407x_8x_177x_8x.o(.text)
    PWM1_IRQHandler                          0x0000024b   Thumb Code     0  startup_lpc407x_8x_177x_8x.o(.text)
    QEI_IRQHandler                           0x0000024b   Thumb Code     0  startup_lpc407x_8x_177x_8x.o(.text)
    RTC_IRQHandler                           0x0000024b   Thumb Code     0  startup_lpc407x_8x_177x_8x.o(.text)
    SSP0_IRQHandler                          0x0000024b   Thumb Code     0  startup_lpc407x_8x_177x_8x.o(.text)
    SSP1_IRQHandler                          0x0000024b   Thumb Code     0  startup_lpc407x_8x_177x_8x.o(.text)
    SSP2_IRQHandler                          0x0000024b   Thumb Code     0  startup_lpc407x_8x_177x_8x.o(.text)
    TIMER0_IRQHandler                        0x0000024b   Thumb Code     0  startup_lpc407x_8x_177x_8x.o(.text)
    TIMER1_IRQHandler                        0x0000024b   Thumb Code     0  startup_lpc407x_8x_177x_8x.o(.text)
    TIMER2_IRQHandler                        0x0000024b   Thumb Code     0  startup_lpc407x_8x_177x_8x.o(.text)
    UART0_IRQHandler                         0x0000024b   Thumb Code     0  startup_lpc407x_8x_177x_8x.o(.text)
    UART1_IRQHandler                         0x0000024b   Thumb Code     0  startup_lpc407x_8x_177x_8x.o(.text)
    UART2_IRQHandler                         0x0000024b   Thumb Code     0  startup_lpc407x_8x_177x_8x.o(.text)
    UART3_IRQHandler                         0x0000024b   Thumb Code     0  startup_lpc407x_8x_177x_8x.o(.text)
    UART4_IRQHandler                         0x0000024b   Thumb Code     0  startup_lpc407x_8x_177x_8x.o(.text)
    USBActivity_IRQHandler                   0x0000024b   Thumb Code     0  startup_lpc407x_8x_177x_8x.o(.text)
    USB_IRQHandler                           0x0000024b   Thumb Code     0  startup_lpc407x_8x_177x_8x.o(.text)
    WDT_IRQHandler                           0x0000024b   Thumb Code     0  startup_lpc407x_8x_177x_8x.o(.text)
    __user_initial_stackheap                 0x0000024d   Thumb Code     0  startup_lpc407x_8x_177x_8x.o(.text)
    __I$use$semihosting                      0x0000026d   Thumb Code     0  use_no_semi.o(.text)
    __use_no_semihosting_swi                 0x0000026d   Thumb Code     2  use_no_semi.o(.text)
    __c89vprintf                             0x00000271   Thumb Code     8  c89vprintf.o(.text)
    __2snprintf                              0x0000027d   Thumb Code    50  __2snprintf.o(.text)
    atoi                                     0x000002b5   Thumb Code    26  atoi.o(.text)
    __use_two_region_memory                  0x000002cf   Thumb Code     2  heapauxi.o(.text)
    __rt_heap_escrow$2region                 0x000002d1   Thumb Code     2  heapauxi.o(.text)
    __rt_heap_expand$2region                 0x000002d3   Thumb Code     2  heapauxi.o(.text)
    __aeabi_errno_addr                       0x000002d5   Thumb Code     8  rt_errno_addr_intlibspace.o(.text)
    __errno$intlibspace                      0x000002d5   Thumb Code     0  rt_errno_addr_intlibspace.o(.text)
    __rt_errno_addr$intlibspace              0x000002d5   Thumb Code     0  rt_errno_addr_intlibspace.o(.text)
    _sputc                                   0x000002dd   Thumb Code    10  _sputc.o(.text)
    _snputc                                  0x000002e7   Thumb Code    16  _snputc.o(.text)
    _sys_exit                                0x000002f7   Thumb Code     4  glcd.o(i._sys_exit)
    __I$use$fp                               0x000002fa   Number         0  usenofp.o(x$fpl$usenofp)
    _printf_str                              0x00000301   Thumb Code    82  _printf_str.o(.text)
    _printf_int_dec                          0x00000355   Thumb Code   104  _printf_dec.o(.text)
    __printf                                 0x000003cd   Thumb Code   388  __printf_flags_ss_wp.o(.text)
    __aeabi_memmove                          0x00000555   Thumb Code     0  rt_memmove_v6.o(.text)
    __rt_memmove                             0x00000555   Thumb Code   132  rt_memmove_v6.o(.text)
    __memmove_lastfew                        0x000005b5   Thumb Code     0  rt_memmove_v6.o(.text)
    _printf_pre_padding                      0x000005d9   Thumb Code    44  _printf_pad.o(.text)
    _printf_post_padding                     0x00000605   Thumb Code    34  _printf_pad.o(.text)
    _printf_truncate_signed                  0x00000627   Thumb Code    18  _printf_truncate.o(.text)
    _printf_truncate_unsigned                0x00000639   Thumb Code    18  _printf_truncate.o(.text)
    _printf_int_common                       0x0000064b   Thumb Code   178  _printf_intcommon.o(.text)
    _printf_charcount                        0x000006fd   Thumb Code    40  _printf_charcount.o(.text)
    _printf_char_common                      0x0000072f   Thumb Code    32  _printf_char_common.o(.text)
    _printf_cs_common                        0x00000755   Thumb Code    20  _printf_char.o(.text)
    _printf_char                             0x00000769   Thumb Code    16  _printf_char.o(.text)
    _printf_string                           0x00000779   Thumb Code     8  _printf_char.o(.text)
    _printf_char_file                        0x00000781   Thumb Code    32  _printf_char_file.o(.text)
    _printf_wctomb                           0x000007a5   Thumb Code   182  _printf_wctomb.o(.text)
    _printf_longlong_dec                     0x00000861   Thumb Code   108  _printf_longlong_dec.o(.text)
    _printf_longlong_oct                     0x000008dd   Thumb Code    66  _printf_oct_int_ll.o(.text)
    _printf_int_oct                          0x0000091f   Thumb Code    24  _printf_oct_int_ll.o(.text)
    _printf_ll_oct                           0x00000937   Thumb Code    12  _printf_oct_int_ll.o(.text)
    _printf_longlong_hex                     0x0000094d   Thumb Code    86  _printf_hex_int_ll_ptr.o(.text)
    _printf_int_hex                          0x000009a3   Thumb Code    28  _printf_hex_int_ll_ptr.o(.text)
    _printf_ll_hex                           0x000009bf   Thumb Code    12  _printf_hex_int_ll_ptr.o(.text)
    _printf_hex_ptr                          0x000009cb   Thumb Code    18  _printf_hex_int_ll_ptr.o(.text)
    strtol                                   0x000009e1   Thumb Code   112  strtol.o(.text)
    __aeabi_memcpy                           0x00000a51   Thumb Code     0  rt_memcpy_v6.o(.text)
    __rt_memcpy                              0x00000a51   Thumb Code   138  rt_memcpy_v6.o(.text)
    _memcpy_lastbytes                        0x00000ab7   Thumb Code     0  rt_memcpy_v6.o(.text)
    __aeabi_memmove4                         0x00000adb   Thumb Code     0  rt_memmove_w.o(.text)
    __aeabi_memmove8                         0x00000adb   Thumb Code     0  rt_memmove_w.o(.text)
    __rt_memmove_w                           0x00000adb   Thumb Code   122  rt_memmove_w.o(.text)
    __memmove_aligned                        0x00000b01   Thumb Code     0  rt_memmove_w.o(.text)
    __memmove_lastfew_aligned                0x00000b39   Thumb Code     0  rt_memmove_w.o(.text)
    __user_libspace                          0x00000b55   Thumb Code     8  libspace.o(.text)
    __user_perproc_libspace                  0x00000b55   Thumb Code     0  libspace.o(.text)
    __user_perthread_libspace                0x00000b55   Thumb Code     0  libspace.o(.text)
    __rt_ctype_table                         0x00000b5d   Thumb Code    16  rt_ctype_table.o(.text)
    _ll_udiv10                               0x00000b6d   Thumb Code   138  lludiv10.o(.text)
    __lib_sel_fp_printf                      0x00000bf7   Thumb Code     2  _printf_fp_dec.o(.text)
    _printf_fp_dec_real                      0x00000da9   Thumb Code   620  _printf_fp_dec.o(.text)
    _printf_lcs_common                       0x00001015   Thumb Code    20  _printf_wchar.o(.text)
    _printf_wchar                            0x00001029   Thumb Code    16  _printf_wchar.o(.text)
    _printf_wstring                          0x00001039   Thumb Code     8  _printf_wchar.o(.text)
    _strtoul                                 0x00001041   Thumb Code   158  _strtoul.o(.text)
    _wcrtomb                                 0x000010df   Thumb Code    64  _wcrtomb.o(.text)
    __aeabi_memcpy4                          0x0000111f   Thumb Code     0  rt_memcpy_w.o(.text)
    __aeabi_memcpy8                          0x0000111f   Thumb Code     0  rt_memcpy_w.o(.text)
    __rt_memcpy_w                            0x0000111f   Thumb Code   100  rt_memcpy_w.o(.text)
    _memcpy_lastbytes_aligned                0x00001167   Thumb Code     0  rt_memcpy_w.o(.text)
    __user_setup_stackheap                   0x00001183   Thumb Code    74  sys_stackheap_outer.o(.text)
    __rt_locale                              0x000011cd   Thumb Code     8  rt_locale_intlibspace.o(.text)
    _printf_fp_infnan                        0x000011d5   Thumb Code   112  _printf_fp_infnan.o(.text)
    _chval                                   0x00001255   Thumb Code    28  _chval.o(.text)
    _btod_etento                             0x00001271   Thumb Code   224  bigflt0.o(.text)
    exit                                     0x00001355   Thumb Code    18  exit.o(.text)
    strcmp                                   0x00001369   Thumb Code   128  strcmpv7m.o(.text)
    _btod_d2e                                0x000013e9   Thumb Code    62  btod.o(CL$$btod_d2e)
    _d2e_denorm_low                          0x00001427   Thumb Code    70  btod.o(CL$$btod_d2e_denorm_low)
    _d2e_norm_op1                            0x0000146d   Thumb Code    96  btod.o(CL$$btod_d2e_norm_op1)
    __btod_div_common                        0x000014cd   Thumb Code   696  btod.o(CL$$btod_div_common)
    _e2e                                     0x00001805   Thumb Code   220  btod.o(CL$$btod_e2e)
    _btod_ediv                               0x000018e1   Thumb Code    42  btod.o(CL$$btod_ediv)
    _btod_emul                               0x0000190b   Thumb Code    42  btod.o(CL$$btod_emul)
    __btod_mult_common                       0x00001935   Thumb Code   580  btod.o(CL$$btod_mult_common)
    SystemCoreClockUpdate                    0x00001b79   Thumb Code   696  system_lpc407x_8x_177x_8x.o(i.SystemCoreClockUpdate)
    SystemInit                               0x00001e4d   Thumb Code   224  system_lpc407x_8x_177x_8x.o(i.SystemInit)
    SystemInit_ExtMemCtl                     0x00001f3d   Thumb Code   468  system_lpc407x_8x_177x_8x.o(i.SystemInit_ExtMemCtl)
    TIMER3_IRQHandler                        0x00002135   Thumb Code    72  sonido.o(i.TIMER3_IRQHandler)
    __ARM_fpclassify                         0x000021f9   Thumb Code    48  fpclassify.o(i.__ARM_fpclassify)
    __hardfp_fabs                            0x00002229   Thumb Code    20  fabs.o(i.__hardfp_fabs)
    _is_digit                                0x0000223d   Thumb Code    14  __printf_wp.o(i._is_digit)
    adjust_timing                            0x0000224d   Thumb Code    76  sdram.o(i.adjust_timing)
    ferror                                   0x000022ed   Thumb Code    16  glcd.o(i.ferror)
    fpu_init                                 0x00002409   Thumb Code    62  system_lpc407x_8x_177x_8x.o(i.fpu_init)
    fputc                                    0x00002459   Thumb Code   334  glcd.o(i.fputc)
    glcd_borrar                              0x000025c9   Thumb Code    20  glcd.o(i.glcd_borrar)
    glcd_caracter                            0x000025e1   Thumb Code   242  glcd.o(i.glcd_caracter)
    glcd_desplazar                           0x000026f9   Thumb Code    78  glcd.o(i.glcd_desplazar)
    glcd_inicializar                         0x00002841   Thumb Code   876  glcd.o(i.glcd_inicializar)
    glcd_printf                              0x00002bd5   Thumb Code    30  glcd.o(i.glcd_printf)
    glcd_texto                               0x00002bf5   Thumb Code   138  glcd.o(i.glcd_texto)
    glcd_xy_texto                            0x00002d19   Thumb Code    34  glcd.o(i.glcd_xy_texto)
    iocon_configurar_pin                     0x00002d45   Thumb Code   254  iocon_lpc40xx.o(i.iocon_configurar_pin)
    main                                     0x00002f4d   Thumb Code   164  main.o(i.main)
    parar_con_error                          0x00003039   Thumb Code   150  error.o(i.parar_con_error)
    sdram_inicializar                        0x00003511   Thumb Code   198  sdram.o(i.sdram_inicializar)
    uart_esperar_recibir_dato                0x00003651   Thumb Code    64  uart_lpc40xx.o(i.uart_esperar_recibir_dato)
    uart_inicializar                         0x000036d1   Thumb Code  1168  uart_lpc40xx.o(i.uart_inicializar)
    uart_recibir_cadena                      0x00003b61   Thumb Code    70  uart_lpc40xx.o(i.uart_recibir_cadena)
    uart_transmitir_cadena                   0x00003bad   Thumb Code    44  uart_lpc40xx.o(i.uart_transmitir_cadena)
    uart_transmitir_dato                     0x00003bd9   Thumb Code    64  uart_lpc40xx.o(i.uart_transmitir_dato)
    _get_lc_ctype                            0x00003c59   Thumb Code    44  lc_ctype_c.o(locale$$code)
    _get_lc_numeric                          0x00003c85   Thumb Code    44  lc_numeric_c.o(locale$$code)
    __aeabi_d2f                              0x00003cb1   Thumb Code     0  d2f.o(x$fpl$d2f)
    _d2f                                     0x00003cb1   Thumb Code    98  d2f.o(x$fpl$d2f)
    __fpl_dnaninf                            0x00003d13   Thumb Code   156  dnaninf.o(x$fpl$dnaninf)
    __fpl_dretinf                            0x00003daf   Thumb Code    12  dretinf.o(x$fpl$dretinf)
    __aeabi_f2d                              0x00003dbd   Thumb Code     0  f2d.o(x$fpl$f2d)
    _f2d                                     0x00003dbd   Thumb Code    86  f2d.o(x$fpl$f2d)
    __fpl_fnaninf                            0x00003e13   Thumb Code   140  fnaninf.o(x$fpl$fnaninf)
    _fp_init                                 0x00003e9f   Thumb Code    10  fpinit.o(x$fpl$fpinit)
    __fplib_config_fpu_vfp                   0x00003ea7   Thumb Code     0  fpinit.o(x$fpl$fpinit)
    __fplib_config_pureend_doubles           0x00003ea7   Thumb Code     0  fpinit.o(x$fpl$fpinit)
    __fpl_fretinf                            0x00003ea9   Thumb Code    10  fretinf.o(x$fpl$fretinf)
    _printf_fp_dec                           0x00003eb3   Thumb Code     4  printf1.o(x$fpl$printf1)
    font_8x16                                0x00003eb8   Data          20  font_8x16.o(.constdata)
    font_8x16_datos                          0x00003ecc   Data        3584  font_8x16.o(.constdata)
    font_12x24                               0x00004ccc   Data          20  font_12x24.o(.constdata)
    font_12x24_datos                         0x00004ce0   Data       10752  font_12x24.o(.constdata)
    font_16x32                               0x000076e0   Data          20  font_16x32.o(.constdata)
    font_16x32_datos                         0x000076f4   Data       14336  font_16x32.o(.constdata)
    nota_a_semiperiodo_us                    0x0000bb56   Data         174  sonido.o(.constdata)
    Region$$Table$$Base                      0x0000bd78   Number         0  anon$$obj.o(Region$$Table)
    Region$$Table$$Limit                     0x0000bd98   Number         0  anon$$obj.o(Region$$Table)
    __ctype                                  0x0000bda5   Data           0  lc_ctype_c.o(locale$$data)
    __stdout                                 0x10000020   Data           4  glcd.o(.data)
    __stdin                                  0x10000024   Data           4  glcd.o(.data)
    __stderr                                 0x10000028   Data           4  glcd.o(.data)
    SystemCoreClock                          0x1000003c   Data           4  system_lpc407x_8x_177x_8x.o(.data)
    PeripheralClock                          0x10000040   Data           4  system_lpc407x_8x_177x_8x.o(.data)
    EMCClock                                 0x10000044   Data           4  system_lpc407x_8x_177x_8x.o(.data)
    USBClock                                 0x10000048   Data           4  system_lpc407x_8x_177x_8x.o(.data)
    __libspace_start                         0x1000004c   Data          96  libspace.o(.bss)
    __temporary_stack_top$libspace           0x100000ac   Data           0  libspace.o(.bss)



==============================================================================

Memory Map of the image

  Image Entry point : 0x000000e5

  Load Region LR_IROM1 (Base: 0x00000000, Size: 0x0000bf10, Max: 0x00080000, ABSOLUTE)

    Execution Region ER_IROM1 (Exec base: 0x00000000, Load base: 0x00000000, Size: 0x0000bec4, Max: 0x00080000, ABSOLUTE)

    Exec Addr    Load Addr    Size         Type   Attr      Idx    E Section Name        Object

    0x00000000   0x00000000   0x000000e4   Data   RO          769    RESET               startup_lpc407x_8x_177x_8x.o
    0x000000e4   0x000000e4   0x00000008   Code   RO          876  * !!!main             c_w.l(__main.o)
    0x000000ec   0x000000ec   0x00000034   Code   RO         1195    !!!scatter          c_w.l(__scatter.o)
    0x00000120   0x00000120   0x0000001a   Code   RO         1197    !!handler_copy      c_w.l(__scatter_copy.o)
    0x0000013a   0x0000013a   0x00000002   PAD
    0x0000013c   0x0000013c   0x0000001c   Code   RO         1199    !!handler_zi        c_w.l(__scatter_zi.o)
    0x00000158   0x00000158   0x00000000   Code   RO          869    .ARM.Collect$$_printf_percent$$00000000  c_w.l(_printf_percent.o)
    0x00000158   0x00000158   0x00000006   Code   RO          945    .ARM.Collect$$_printf_percent$$00000001  c_w.l(_printf_n.o)
    0x0000015e   0x0000015e   0x00000006   Code   RO          947    .ARM.Collect$$_printf_percent$$00000002  c_w.l(_printf_p.o)
    0x00000164   0x00000164   0x00000006   Code   RO          950    .ARM.Collect$$_printf_percent$$00000003  c_w.l(_printf_f.o)
    0x0000016a   0x0000016a   0x00000006   Code   RO          951    .ARM.Collect$$_printf_percent$$00000004  c_w.l(_printf_e.o)
    0x00000170   0x00000170   0x00000006   Code   RO          952    .ARM.Collect$$_printf_percent$$00000005  c_w.l(_printf_g.o)
    0x00000176   0x00000176   0x00000006   Code   RO          953    .ARM.Collect$$_printf_percent$$00000006  c_w.l(_printf_a.o)
    0x0000017c   0x0000017c   0x0000000a   Code   RO          958    .ARM.Collect$$_printf_percent$$00000007  c_w.l(_printf_ll.o)
    0x00000186   0x00000186   0x00000006   Code   RO          949    .ARM.Collect$$_printf_percent$$00000008  c_w.l(_printf_i.o)
    0x0000018c   0x0000018c   0x00000006   Code   RO          867    .ARM.Collect$$_printf_percent$$00000009  c_w.l(_printf_d.o)
    0x00000192   0x00000192   0x00000006   Code   RO          868    .ARM.Collect$$_printf_percent$$0000000A  c_w.l(_printf_u.o)
    0x00000198   0x00000198   0x00000006   Code   RO          948    .ARM.Collect$$_printf_percent$$0000000B  c_w.l(_printf_o.o)
    0x0000019e   0x0000019e   0x00000006   Code   RO          946    .ARM.Collect$$_printf_percent$$0000000C  c_w.l(_printf_x.o)
    0x000001a4   0x000001a4   0x00000006   Code   RO          955    .ARM.Collect$$_printf_percent$$0000000D  c_w.l(_printf_lli.o)
    0x000001aa   0x000001aa   0x00000006   Code   RO          956    .ARM.Collect$$_printf_percent$$0000000E  c_w.l(_printf_lld.o)
    0x000001b0   0x000001b0   0x00000006   Code   RO          957    .ARM.Collect$$_printf_percent$$0000000F  c_w.l(_printf_llu.o)
    0x000001b6   0x000001b6   0x00000006   Code   RO          962    .ARM.Collect$$_printf_percent$$00000010  c_w.l(_printf_llo.o)
    0x000001bc   0x000001bc   0x00000006   Code   RO          963    .ARM.Collect$$_printf_percent$$00000011  c_w.l(_printf_llx.o)
    0x000001c2   0x000001c2   0x0000000a   Code   RO          959    .ARM.Collect$$_printf_percent$$00000012  c_w.l(_printf_l.o)
    0x000001cc   0x000001cc   0x00000006   Code   RO          944    .ARM.Collect$$_printf_percent$$00000013  c_w.l(_printf_c.o)
    0x000001d2   0x000001d2   0x00000006   Code   RO          866    .ARM.Collect$$_printf_percent$$00000014  c_w.l(_printf_s.o)
    0x000001d8   0x000001d8   0x00000006   Code   RO          960    .ARM.Collect$$_printf_percent$$00000015  c_w.l(_printf_lc.o)
    0x000001de   0x000001de   0x00000006   Code   RO          961    .ARM.Collect$$_printf_percent$$00000016  c_w.l(_printf_ls.o)
    0x000001e4   0x000001e4   0x00000004   Code   RO          954    .ARM.Collect$$_printf_percent$$00000017  c_w.l(_printf_percent_end.o)
    0x000001e8   0x000001e8   0x00000002   Code   RO         1064    .ARM.Collect$$libinit$$00000000  c_w.l(libinit.o)
    0x000001ea   0x000001ea   0x00000004   Code   RO         1073    .ARM.Collect$$libinit$$00000001  c_w.l(libinit2.o)
    0x000001ee   0x000001ee   0x00000000   Code   RO         1076    .ARM.Collect$$libinit$$00000004  c_w.l(libinit2.o)
    0x000001ee   0x000001ee   0x00000000   Code   RO         1079    .ARM.Collect$$libinit$$0000000A  c_w.l(libinit2.o)
    0x000001ee   0x000001ee   0x00000000   Code   RO         1081    .ARM.Collect$$libinit$$0000000C  c_w.l(libinit2.o)
    0x000001ee   0x000001ee   0x00000000   Code   RO         1083    .ARM.Collect$$libinit$$0000000E  c_w.l(libinit2.o)
    0x000001ee   0x000001ee   0x00000006   Code   RO         1084    .ARM.Collect$$libinit$$0000000F  c_w.l(libinit2.o)
    0x000001f4   0x000001f4   0x00000000   Code   RO         1086    .ARM.Collect$$libinit$$00000011  c_w.l(libinit2.o)
    0x000001f4   0x000001f4   0x0000000c   Code   RO         1087    .ARM.Collect$$libinit$$00000012  c_w.l(libinit2.o)
    0x00000200   0x00000200   0x00000000   Code   RO         1088    .ARM.Collect$$libinit$$00000013  c_w.l(libinit2.o)
    0x00000200   0x00000200   0x00000000   Code   RO         1090    .ARM.Collect$$libinit$$00000015  c_w.l(libinit2.o)
    0x00000200   0x00000200   0x0000000a   Code   RO         1091    .ARM.Collect$$libinit$$00000016  c_w.l(libinit2.o)
    0x0000020a   0x0000020a   0x00000000   Code   RO         1092    .ARM.Collect$$libinit$$00000017  c_w.l(libinit2.o)
    0x0000020a   0x0000020a   0x00000000   Code   RO         1094    .ARM.Collect$$libinit$$00000019  c_w.l(libinit2.o)
    0x0000020a   0x0000020a   0x00000000   Code   RO         1096    .ARM.Collect$$libinit$$0000001B  c_w.l(libinit2.o)
    0x0000020a   0x0000020a   0x00000000   Code   RO         1098    .ARM.Collect$$libinit$$0000001D  c_w.l(libinit2.o)
    0x0000020a   0x0000020a   0x00000000   Code   RO         1100    .ARM.Collect$$libinit$$0000001F  c_w.l(libinit2.o)
    0x0000020a   0x0000020a   0x00000000   Code   RO         1102    .ARM.Collect$$libinit$$00000021  c_w.l(libinit2.o)
    0x0000020a   0x0000020a   0x00000000   Code   RO         1104    .ARM.Collect$$libinit$$00000023  c_w.l(libinit2.o)
    0x0000020a   0x0000020a   0x00000000   Code   RO         1106    .ARM.Collect$$libinit$$00000025  c_w.l(libinit2.o)
    0x0000020a   0x0000020a   0x00000000   Code   RO         1110    .ARM.Collect$$libinit$$0000002C  c_w.l(libinit2.o)
    0x0000020a   0x0000020a   0x00000000   Code   RO         1112    .ARM.Collect$$libinit$$0000002E  c_w.l(libinit2.o)
    0x0000020a   0x0000020a   0x00000000   Code   RO         1114    .ARM.Collect$$libinit$$00000030  c_w.l(libinit2.o)
    0x0000020a   0x0000020a   0x00000000   Code   RO         1116    .ARM.Collect$$libinit$$00000032  c_w.l(libinit2.o)
    0x0000020a   0x0000020a   0x00000002   Code   RO         1117    .ARM.Collect$$libinit$$00000033  c_w.l(libinit2.o)
    0x0000020c   0x0000020c   0x00000002   Code   RO         1135    .ARM.Collect$$libshutdown$$00000000  c_w.l(libshutdown.o)
    0x0000020e   0x0000020e   0x00000000   Code   RO         1145    .ARM.Collect$$libshutdown$$00000002  c_w.l(libshutdown2.o)
    0x0000020e   0x0000020e   0x00000000   Code   RO         1147    .ARM.Collect$$libshutdown$$00000004  c_w.l(libshutdown2.o)
    0x0000020e   0x0000020e   0x00000000   Code   RO         1149    .ARM.Collect$$libshutdown$$00000006  c_w.l(libshutdown2.o)
    0x0000020e   0x0000020e   0x00000000   Code   RO         1152    .ARM.Collect$$libshutdown$$00000009  c_w.l(libshutdown2.o)
    0x0000020e   0x0000020e   0x00000000   Code   RO         1155    .ARM.Collect$$libshutdown$$0000000C  c_w.l(libshutdown2.o)
    0x0000020e   0x0000020e   0x00000000   Code   RO         1157    .ARM.Collect$$libshutdown$$0000000E  c_w.l(libshutdown2.o)
    0x0000020e   0x0000020e   0x00000000   Code   RO         1160    .ARM.Collect$$libshutdown$$00000011  c_w.l(libshutdown2.o)
    0x0000020e   0x0000020e   0x00000002   Code   RO         1161    .ARM.Collect$$libshutdown$$00000012  c_w.l(libshutdown2.o)
    0x00000210   0x00000210   0x00000000   Code   RO          888    .ARM.Collect$$rtentry$$00000000  c_w.l(__rtentry.o)
    0x00000210   0x00000210   0x00000000   Code   RO          985    .ARM.Collect$$rtentry$$00000002  c_w.l(__rtentry2.o)
    0x00000210   0x00000210   0x00000006   Code   RO          997    .ARM.Collect$$rtentry$$00000004  c_w.l(__rtentry4.o)
    0x00000216   0x00000216   0x00000000   Code   RO          987    .ARM.Collect$$rtentry$$00000009  c_w.l(__rtentry2.o)
    0x00000216   0x00000216   0x00000004   Code   RO          988    .ARM.Collect$$rtentry$$0000000A  c_w.l(__rtentry2.o)
    0x0000021a   0x0000021a   0x00000000   Code   RO          990    .ARM.Collect$$rtentry$$0000000C  c_w.l(__rtentry2.o)
    0x0000021a   0x0000021a   0x00000008   Code   RO          991    .ARM.Collect$$rtentry$$0000000D  c_w.l(__rtentry2.o)
    0x00000222   0x00000222   0x00000002   Code   RO         1069    .ARM.Collect$$rtexit$$00000000  c_w.l(rtexit.o)
    0x00000224   0x00000224   0x00000000   Code   RO         1119    .ARM.Collect$$rtexit$$00000002  c_w.l(rtexit2.o)
    0x00000224   0x00000224   0x00000004   Code   RO         1120    .ARM.Collect$$rtexit$$00000003  c_w.l(rtexit2.o)
    0x00000228   0x00000228   0x00000006   Code   RO         1121    .ARM.Collect$$rtexit$$00000004  c_w.l(rtexit2.o)
    0x0000022e   0x0000022e   0x00000002   PAD
    0x00000230   0x00000230   0x0000003c   Code   RO          771    .text               startup_lpc407x_8x_177x_8x.o
    0x0000026c   0x0000026c   0x00000002   Code   RO          832    .text               c_w.l(use_no_semi.o)
    0x0000026e   0x0000026e   0x00000002   PAD
    0x00000270   0x00000270   0x0000000c   Code   RO          834    .text               c_w.l(c89vprintf.o)
    0x0000027c   0x0000027c   0x00000038   Code   RO          836    .text               c_w.l(__2snprintf.o)
    0x000002b4   0x000002b4   0x0000001a   Code   RO          870    .text               c_w.l(atoi.o)
    0x000002ce   0x000002ce   0x00000006   Code   RO          874    .text               c_w.l(heapauxi.o)
    0x000002d4   0x000002d4   0x00000008   Code   RO          892    .text               c_w.l(rt_errno_addr_intlibspace.o)
    0x000002dc   0x000002dc   0x0000000a   Code   RO          904    .text               c_w.l(_sputc.o)
    0x000002e6   0x000002e6   0x00000010   Code   RO          906    .text               c_w.l(_snputc.o)
    0x000002f6   0x000002f6   0x00000004   Code   RO          106    i._sys_exit         glcd.o
    0x000002fa   0x000002fa   0x00000000   Code   RO          980    x$fpl$usenofp       fz_wm.l(usenofp.o)
    0x000002fa   0x000002fa   0x00000002   PAD
    0x000002fc   0x000002fc   0x00000004   Code   RO          770    .ARM.__at_0x02FC    startup_lpc407x_8x_177x_8x.o
    0x00000300   0x00000300   0x00000052   Code   RO          842    .text               c_w.l(_printf_str.o)
    0x00000352   0x00000352   0x00000002   PAD
    0x00000354   0x00000354   0x00000078   Code   RO          844    .text               c_w.l(_printf_dec.o)
    0x000003cc   0x000003cc   0x00000188   Code   RO          863    .text               c_w.l(__printf_flags_ss_wp.o)
    0x00000554   0x00000554   0x00000084   Code   RO          872    .text               c_w.l(rt_memmove_v6.o)
    0x000005d8   0x000005d8   0x0000004e   Code   RO          894    .text               c_w.l(_printf_pad.o)
    0x00000626   0x00000626   0x00000024   Code   RO          896    .text               c_w.l(_printf_truncate.o)
    0x0000064a   0x0000064a   0x000000b2   Code   RO          898    .text               c_w.l(_printf_intcommon.o)
    0x000006fc   0x000006fc   0x00000028   Code   RO          900    .text               c_w.l(_printf_charcount.o)
    0x00000724   0x00000724   0x00000030   Code   RO          902    .text               c_w.l(_printf_char_common.o)
    0x00000754   0x00000754   0x0000002c   Code   RO          908    .text               c_w.l(_printf_char.o)
    0x00000780   0x00000780   0x00000024   Code   RO          910    .text               c_w.l(_printf_char_file.o)
    0x000007a4   0x000007a4   0x000000bc   Code   RO          912    .text               c_w.l(_printf_wctomb.o)
    0x00000860   0x00000860   0x0000007c   Code   RO          915    .text               c_w.l(_printf_longlong_dec.o)
    0x000008dc   0x000008dc   0x00000070   Code   RO          921    .text               c_w.l(_printf_oct_int_ll.o)
    0x0000094c   0x0000094c   0x00000094   Code   RO          941    .text               c_w.l(_printf_hex_int_ll_ptr.o)
    0x000009e0   0x000009e0   0x00000070   Code   RO          964    .text               c_w.l(strtol.o)
    0x00000a50   0x00000a50   0x0000008a   Code   RO          966    .text               c_w.l(rt_memcpy_v6.o)
    0x00000ada   0x00000ada   0x0000007a   Code   RO          968    .text               c_w.l(rt_memmove_w.o)
    0x00000b54   0x00000b54   0x00000008   Code   RO          981    .text               c_w.l(libspace.o)
    0x00000b5c   0x00000b5c   0x00000010   Code   RO          999    .text               c_w.l(rt_ctype_table.o)
    0x00000b6c   0x00000b6c   0x0000008a   Code   RO         1001    .text               c_w.l(lludiv10.o)
    0x00000bf6   0x00000bf6   0x0000041e   Code   RO         1003    .text               c_w.l(_printf_fp_dec.o)
    0x00001014   0x00001014   0x0000002c   Code   RO         1007    .text               c_w.l(_printf_wchar.o)
    0x00001040   0x00001040   0x0000009e   Code   RO         1009    .text               c_w.l(_strtoul.o)
    0x000010de   0x000010de   0x00000040   Code   RO         1011    .text               c_w.l(_wcrtomb.o)
    0x0000111e   0x0000111e   0x00000064   Code   RO         1013    .text               c_w.l(rt_memcpy_w.o)
    0x00001182   0x00001182   0x0000004a   Code   RO         1015    .text               c_w.l(sys_stackheap_outer.o)
    0x000011cc   0x000011cc   0x00000008   Code   RO         1020    .text               c_w.l(rt_locale_intlibspace.o)
    0x000011d4   0x000011d4   0x00000080   Code   RO         1022    .text               c_w.l(_printf_fp_infnan.o)
    0x00001254   0x00001254   0x0000001c   Code   RO         1024    .text               c_w.l(_chval.o)
    0x00001270   0x00001270   0x000000e4   Code   RO         1026    .text               c_w.l(bigflt0.o)
    0x00001354   0x00001354   0x00000012   Code   RO         1057    .text               c_w.l(exit.o)
    0x00001366   0x00001366   0x00000002   PAD
    0x00001368   0x00001368   0x00000080   Code   RO         1071    .text               c_w.l(strcmpv7m.o)
    0x000013e8   0x000013e8   0x0000003e   Code   RO         1029    CL$$btod_d2e        c_w.l(btod.o)
    0x00001426   0x00001426   0x00000046   Code   RO         1031    CL$$btod_d2e_denorm_low  c_w.l(btod.o)
    0x0000146c   0x0000146c   0x00000060   Code   RO         1030    CL$$btod_d2e_norm_op1  c_w.l(btod.o)
    0x000014cc   0x000014cc   0x00000338   Code   RO         1039    CL$$btod_div_common  c_w.l(btod.o)
    0x00001804   0x00001804   0x000000dc   Code   RO         1036    CL$$btod_e2e        c_w.l(btod.o)
    0x000018e0   0x000018e0   0x0000002a   Code   RO         1033    CL$$btod_ediv       c_w.l(btod.o)
    0x0000190a   0x0000190a   0x0000002a   Code   RO         1032    CL$$btod_emul       c_w.l(btod.o)
    0x00001934   0x00001934   0x00000244   Code   RO         1038    CL$$btod_mult_common  c_w.l(btod.o)
    0x00001b78   0x00001b78   0x000002d4   Code   RO          780    i.SystemCoreClockUpdate  system_lpc407x_8x_177x_8x.o
    0x00001e4c   0x00001e4c   0x000000f0   Code   RO          781    i.SystemInit        system_lpc407x_8x_177x_8x.o
    0x00001f3c   0x00001f3c   0x000001f8   Code   RO          782    i.SystemInit_ExtMemCtl  system_lpc407x_8x_177x_8x.o
    0x00002134   0x00002134   0x0000005c   Code   RO          558    i.TIMER3_IRQHandler  sonido.o
    0x00002190   0x00002190   0x0000003c   Code   RO          496    i.TIM_Waitms        sdram.o
    0x000021cc   0x000021cc   0x0000002c   Code   RO          783    i._DelayMs          system_lpc407x_8x_177x_8x.o
    0x000021f8   0x000021f8   0x00000030   Code   RO         1067    i.__ARM_fpclassify  m_wm.l(fpclassify.o)
    0x00002228   0x00002228   0x00000014   Code   RO          882    i.__hardfp_fabs     m_wm.l(fabs.o)
    0x0000223c   0x0000223c   0x0000000e   Code   RO          856    i._is_digit         c_w.l(__printf_wp.o)
    0x0000224a   0x0000224a   0x00000002   PAD
    0x0000224c   0x0000224c   0x00000058   Code   RO          497    i.adjust_timing     sdram.o
    0x000022a4   0x000022a4   0x00000048   Code   RO          498    i.calibration       sdram.o
    0x000022ec   0x000022ec   0x00000014   Code   RO          107    i.ferror            glcd.o
    0x00002300   0x00002300   0x00000084   Code   RO          499    i.find_cmddly       sdram.o
    0x00002384   0x00002384   0x00000084   Code   RO          500    i.find_fbclkdly     sdram.o
    0x00002408   0x00002408   0x00000050   Code   RO          784    i.fpu_init          system_lpc407x_8x_177x_8x.o
    0x00002458   0x00002458   0x00000170   Code   RO          109    i.fputc             glcd.o
    0x000025c8   0x000025c8   0x00000018   Code   RO          111    i.glcd_borrar       glcd.o
    0x000025e0   0x000025e0   0x00000118   Code   RO          112    i.glcd_caracter     glcd.o
    0x000026f8   0x000026f8   0x00000058   Code   RO          116    i.glcd_desplazar    glcd.o
    0x00002750   0x00002750   0x00000044   Code   RO          118    i.glcd_i2c0_inicializar  glcd.o
    0x00002794   0x00002794   0x00000034   Code   RO          119    i.glcd_i2c0_start   glcd.o
    0x000027c8   0x000027c8   0x00000020   Code   RO          120    i.glcd_i2c0_stop    glcd.o
    0x000027e8   0x000027e8   0x00000032   Code   RO          121    i.glcd_i2c0_transmitir_buffer  glcd.o
    0x0000281a   0x0000281a   0x00000002   PAD
    0x0000281c   0x0000281c   0x00000024   Code   RO          122    i.glcd_i2c0_transmitir_byte  glcd.o
    0x00002840   0x00002840   0x00000394   Code   RO          123    i.glcd_inicializar  glcd.o
    0x00002bd4   0x00002bd4   0x0000001e   Code   RO          125    i.glcd_printf       glcd.o
    0x00002bf2   0x00002bf2   0x00000002   PAD
    0x00002bf4   0x00002bf4   0x000000cc   Code   RO          130    i.glcd_texto        glcd.o
    0x00002cc0   0x00002cc0   0x00000058   Code   RO          131    i.glcd_timer0_retardo_ms  glcd.o
    0x00002d18   0x00002d18   0x0000002c   Code   RO          133    i.glcd_xy_texto     glcd.o
    0x00002d44   0x00002d44   0x00000208   Code   RO          336    i.iocon_configurar_pin  iocon_lpc40xx.o
    0x00002f4c   0x00002f4c   0x000000ec   Code   RO          466    i.main              main.o
    0x00003038   0x00003038   0x000000cc   Code   RO            4    i.parar_con_error   error.o
    0x00003104   0x00003104   0x0000040a   Code   RO          501    i.pinConfig         sdram.o
    0x0000350e   0x0000350e   0x00000002   PAD
    0x00003510   0x00003510   0x000000e4   Code   RO          502    i.sdram_inicializar  sdram.o
    0x000035f4   0x000035f4   0x0000005c   Code   RO          503    i.sdram_test        sdram.o
    0x00003650   0x00003650   0x00000080   Code   RO          705    i.uart_esperar_recibir_dato  uart_lpc40xx.o
    0x000036d0   0x000036d0   0x00000490   Code   RO          707    i.uart_inicializar  uart_lpc40xx.o
    0x00003b60   0x00003b60   0x0000004c   Code   RO          709    i.uart_recibir_cadena  uart_lpc40xx.o
    0x00003bac   0x00003bac   0x0000002c   Code   RO          710    i.uart_transmitir_cadena  uart_lpc40xx.o
    0x00003bd8   0x00003bd8   0x00000080   Code   RO          711    i.uart_transmitir_dato  uart_lpc40xx.o
    0x00003c58   0x00003c58   0x0000002c   Code   RO         1052    locale$$code        c_w.l(lc_ctype_c.o)
    0x00003c84   0x00003c84   0x0000002c   Code   RO         1055    locale$$code        c_w.l(lc_numeric_c.o)
    0x00003cb0   0x00003cb0   0x00000062   Code   RO          878    x$fpl$d2f           fz_wm.l(d2f.o)
    0x00003d12   0x00003d12   0x0000009c   Code   RO          970    x$fpl$dnaninf       fz_wm.l(dnaninf.o)
    0x00003dae   0x00003dae   0x0000000c   Code   RO          972    x$fpl$dretinf       fz_wm.l(dretinf.o)
    0x00003dba   0x00003dba   0x00000002   PAD
    0x00003dbc   0x00003dbc   0x00000056   Code   RO          880    x$fpl$f2d           fz_wm.l(f2d.o)
    0x00003e12   0x00003e12   0x0000008c   Code   RO          974    x$fpl$fnaninf       fz_wm.l(fnaninf.o)
    0x00003e9e   0x00003e9e   0x0000000a   Code   RO         1127    x$fpl$fpinit        fz_wm.l(fpinit.o)
    0x00003ea8   0x00003ea8   0x0000000a   Code   RO          976    x$fpl$fretinf       fz_wm.l(fretinf.o)
    0x00003eb2   0x00003eb2   0x00000004   Code   RO          978    x$fpl$printf1       fz_wm.l(printf1.o)
    0x00003eb6   0x00003eb6   0x00000002   PAD
    0x00003eb8   0x00003eb8   0x00000e14   Data   RO           76    .constdata          font_8x16.o
    0x00004ccc   0x00004ccc   0x00002a14   Data   RO           85    .constdata          font_12x24.o
    0x000076e0   0x000076e0   0x00003814   Data   RO           94    .constdata          font_16x32.o
    0x0000aef4   0x0000aef4   0x0000002f   Data   RO          134    .constdata          glcd.o
    0x0000af23   0x0000af23   0x00000001   PAD
    0x0000af24   0x0000af24   0x00000c32   Data   RO          337    .constdata          iocon_lpc40xx.o
    0x0000bb56   0x0000bb56   0x000000e4   Data   RO          565    .constdata          sonido.o
    0x0000bc3a   0x0000bc3a   0x00000068   Data   RO          712    .constdata          uart_lpc40xx.o
    0x0000bca2   0x0000bca2   0x00000011   Data   RO          864    .constdata          c_w.l(__printf_flags_ss_wp.o)
    0x0000bcb3   0x0000bcb3   0x00000001   PAD
    0x0000bcb4   0x0000bcb4   0x00000008   Data   RO          913    .constdata          c_w.l(_printf_wctomb.o)
    0x0000bcbc   0x0000bcbc   0x00000028   Data   RO          942    .constdata          c_w.l(_printf_hex_int_ll_ptr.o)
    0x0000bce4   0x0000bce4   0x00000094   Data   RO         1027    .constdata          c_w.l(bigflt0.o)
    0x0000bd78   0x0000bd78   0x00000020   Data   RO         1193    Region$$Table       anon$$obj.o
    0x0000bd98   0x0000bd98   0x00000110   Data   RO         1051    locale$$data        c_w.l(lc_ctype_c.o)
    0x0000bea8   0x0000bea8   0x0000001c   Data   RO         1054    locale$$data        c_w.l(lc_numeric_c.o)


    Execution Region RW_IRAM1 (Exec base: 0x10000000, Load base: 0x0000bec4, Size: 0x000004b0, Max: 0x00010000, ABSOLUTE)

    Exec Addr    Load Addr    Size         Type   Attr      Idx    E Section Name        Object

    0x10000000   0x0000bec4   0x0000002c   Data   RW          135    .data               glcd.o
    0x1000002c   0x0000bef0   0x00000008   Data   RW          504    .data               sdram.o
    0x10000034   0x0000bef8   0x00000005   Data   RW          566    .data               sonido.o
    0x10000039   0x0000befd   0x00000003   PAD
    0x1000003c   0x0000bf00   0x00000010   Data   RW          785    .data               system_lpc407x_8x_177x_8x.o
    0x1000004c        -       0x00000060   Zero   RW          982    .bss                c_w.l(libspace.o)
    0x100000ac   0x0000bf10   0x00000004   PAD
    0x100000b0        -       0x00000000   Zero   RW          768    HEAP                startup_lpc407x_8x_177x_8x.o
    0x100000b0        -       0x00000400   Zero   RW          767    STACK               startup_lpc407x_8x_177x_8x.o


==============================================================================

Image component sizes


      Code (inc. data)   RO Data    RW Data    ZI Data      Debug   Object Name

       204         54          0          0          0      35542   error.o
         0          0      10772          0          0        534   font_12x24.o
         0          0      14356          0          0        534   font_16x32.o
         0          0       3604          0          0        524   font_8x16.o
      2304        246         47         44          0      13766   glcd.o
       520        266       3122          0          0       6738   iocon_lpc40xx.o
       236         72          0          0          0       1835   main.o
      1838         76          0          8          0       5660   sdram.o
        92         20        228          5          0       2338   sonido.o
        64         26        228          0       1024       1132   startup_lpc407x_8x_177x_8x.o
      1592        104          0         16          0       8791   system_lpc407x_8x_177x_8x.o
      1544        384        104          0          0       6325   uart_lpc40xx.o

    ----------------------------------------------------------------------
      8400       1248      32494         76       1024      83719   Object Totals
         0          0         32          0          0          0   (incl. Generated)
         6          0          1          3          0          0   (incl. Padding)

    ----------------------------------------------------------------------

      Code (inc. data)   RO Data    RW Data    ZI Data      Debug   Library Member Name

        56          6          0          0          0         88   __2snprintf.o
         8          0          0          0          0         68   __main.o
       392          4         17          0          0         92   __printf_flags_ss_wp.o
        14          0          0          0          0         68   __printf_wp.o
         0          0          0          0          0          0   __rtentry.o
        12          0          0          0          0          0   __rtentry2.o
         6          0          0          0          0          0   __rtentry4.o
        52          8          0          0          0          0   __scatter.o
        26          0          0          0          0          0   __scatter_copy.o
        28          0          0          0          0          0   __scatter_zi.o
        28          0          0          0          0         68   _chval.o
         6          0          0          0          0          0   _printf_a.o
         6          0          0          0          0          0   _printf_c.o
        44          0          0          0          0        108   _printf_char.o
        48          6          0          0          0         96   _printf_char_common.o
        36          4          0          0          0         80   _printf_char_file.o
        40          0          0          0          0         68   _printf_charcount.o
         6          0          0          0          0          0   _printf_d.o
       120         16          0          0          0         92   _printf_dec.o
         6          0          0          0          0          0   _printf_e.o
         6          0          0          0          0          0   _printf_f.o
      1054          0          0          0          0        216   _printf_fp_dec.o
       128         16          0          0          0         84   _printf_fp_infnan.o
         6          0          0          0          0          0   _printf_g.o
       148          4         40          0          0        160   _printf_hex_int_ll_ptr.o
         6          0          0          0          0          0   _printf_i.o
       178          0          0          0          0         88   _printf_intcommon.o
        10          0          0          0          0          0   _printf_l.o
         6          0          0          0          0          0   _printf_lc.o
        10          0          0          0          0          0   _printf_ll.o
         6          0          0          0          0          0   _printf_lld.o
         6          0          0          0          0          0   _printf_lli.o
         6          0          0          0          0          0   _printf_llo.o
         6          0          0          0          0          0   _printf_llu.o
         6          0          0          0          0          0   _printf_llx.o
       124         16          0          0          0         92   _printf_longlong_dec.o
         6          0          0          0          0          0   _printf_ls.o
         6          0          0          0          0          0   _printf_n.o
         6          0          0          0          0          0   _printf_o.o
       112         10          0          0          0        124   _printf_oct_int_ll.o
         6          0          0          0          0          0   _printf_p.o
        78          0          0          0          0        108   _printf_pad.o
         0          0          0          0          0          0   _printf_percent.o
         4          0          0          0          0          0   _printf_percent_end.o
         6          0          0          0          0          0   _printf_s.o
        82          0          0          0          0         80   _printf_str.o
        36          0          0          0          0         84   _printf_truncate.o
         6          0          0          0          0          0   _printf_u.o
        44          0          0          0          0        108   _printf_wchar.o
       188          6          8          0          0         92   _printf_wctomb.o
         6          0          0          0          0          0   _printf_x.o
        16          0          0          0          0         68   _snputc.o
        10          0          0          0          0         68   _sputc.o
       158          0          0          0          0         92   _strtoul.o
        64          0          0          0          0         92   _wcrtomb.o
        26          0          0          0          0         80   atoi.o
       228          4        148          0          0         96   bigflt0.o
      1936        128          0          0          0        672   btod.o
        12          4          0          0          0         68   c89vprintf.o
        18          0          0          0          0         80   exit.o
         6          0          0          0          0        152   heapauxi.o
        44         10        272          0          0         76   lc_ctype_c.o
        44         10         28          0          0         76   lc_numeric_c.o
         2          0          0          0          0          0   libinit.o
        34          0          0          0          0          0   libinit2.o
         2          0          0          0          0          0   libshutdown.o
         2          0          0          0          0          0   libshutdown2.o
         8          4          0          0         96         68   libspace.o
       138          0          0          0          0         80   lludiv10.o
        16          4          0          0          0         76   rt_ctype_table.o
         8          4          0          0          0         68   rt_errno_addr_intlibspace.o
         8          4          0          0          0         68   rt_locale_intlibspace.o
       138          0          0          0          0         68   rt_memcpy_v6.o
       100          0          0          0          0         80   rt_memcpy_w.o
       132          0          0          0          0         68   rt_memmove_v6.o
       122          0          0          0          0         80   rt_memmove_w.o
         2          0          0          0          0          0   rtexit.o
        10          0          0          0          0          0   rtexit2.o
       128          0          0          0          0         68   strcmpv7m.o
       112          0          0          0          0         88   strtol.o
        74          0          0          0          0         80   sys_stackheap_outer.o
         2          0          0          0          0         68   use_no_semi.o
        98          4          0          0          0        140   d2f.o
       156          4          0          0          0        140   dnaninf.o
        12          0          0          0          0        116   dretinf.o
        86          4          0          0          0        132   f2d.o
       140          4          0          0          0        132   fnaninf.o
        10          0          0          0          0        116   fpinit.o
        10          0          0          0          0        116   fretinf.o
         4          0          0          0          0        116   printf1.o
         0          0          0          0          0          0   usenofp.o
        20          0          0          0          0        124   fabs.o
        48          0          0          0          0        124   fpclassify.o

    ----------------------------------------------------------------------
      7428        284        514          0        100       5900   Library Totals
        18          0          1          0          4          0   (incl. Padding)

    ----------------------------------------------------------------------

      Code (inc. data)   RO Data    RW Data    ZI Data      Debug   Library Name

      6826        268        513          0         96       4644   c_w.l
       516         16          0          0          0       1008   fz_wm.l
        68          0          0          0          0        248   m_wm.l

    ----------------------------------------------------------------------
      7428        284        514          0        100       5900   Library Totals

    ----------------------------------------------------------------------

==============================================================================


      Code (inc. data)   RO Data    RW Data    ZI Data      Debug   

     15828       1532      33008         76       1124      82819   Grand Totals
     15828       1532      33008         76       1124      82819   ELF Image Totals
     15828       1532      33008         76          0          0   ROM Totals

==============================================================================

    Total RO  Size (Code + RO Data)                48836 (  47.69kB)
    Total RW  Size (RW Data + ZI Data)              1200 (   1.17kB)
    Total ROM Size (Code + RO Data + RW Data)      48912 (  47.77kB)

==============================================================================

