Component: ARM Compiler 5.05 (build 41) Tool: armlink [4d0eb9]

==============================================================================

Section Cross References

    error.o(.rev16_text) refers (Special) to use_no_semi.o(.text) for __use_no_semihosting_swi
    error.o(.revsh_text) refers (Special) to use_no_semi.o(.text) for __use_no_semihosting_swi
    error.o(.rrx_text) refers (Special) to use_no_semi.o(.text) for __use_no_semihosting_swi
    error.o(i.parar_con_error) refers (Special) to use_no_semi.o(.text) for __use_no_semihosting_swi
    error.o(i.parar_con_error) refers to _printf_percent.o(.ARM.Collect$$_printf_percent$$00000000) for _printf_percent
    error.o(i.parar_con_error) refers to _printf_s.o(.ARM.Collect$$_printf_percent$$00000014) for _printf_s
    error.o(i.parar_con_error) refers to _printf_str.o(.text) for _printf_str
    error.o(i.parar_con_error) refers to _printf_u.o(.ARM.Collect$$_printf_percent$$0000000A) for _printf_u
    error.o(i.parar_con_error) refers to _printf_dec.o(.text) for _printf_int_dec
    error.o(i.parar_con_error) refers to __2snprintf.o(.text) for __2snprintf
    error.o(i.parar_con_error) refers to glcd.o(i.glcd_texto) for glcd_texto
    glcd.o(.rev16_text) refers (Special) to use_no_semi.o(.text) for __use_no_semihosting_swi
    glcd.o(.revsh_text) refers (Special) to use_no_semi.o(.text) for __use_no_semihosting_swi
    glcd.o(.rrx_text) refers (Special) to use_no_semi.o(.text) for __use_no_semihosting_swi
    glcd.o(i._sys_exit) refers (Special) to use_no_semi.o(.text) for __use_no_semihosting_swi
    glcd.o(i.ferror) refers (Special) to use_no_semi.o(.text) for __use_no_semihosting_swi
    glcd.o(i.ferror) refers to glcd.o(.data) for __stdout
    glcd.o(i.fgetc) refers (Special) to use_no_semi.o(.text) for __use_no_semihosting_swi
    glcd.o(i.fputc) refers (Special) to use_no_semi.o(.text) for __use_no_semihosting_swi
    glcd.o(i.fputc) refers to glcd.o(i.glcd_desplazar) for glcd_desplazar
    glcd.o(i.fputc) refers to glcd.o(i.glcd_caracter) for glcd_caracter
    glcd.o(i.fputc) refers to glcd.o(.data) for tabla_fonts
    glcd.o(i.glcd_activar_desplazamiento) refers (Special) to use_no_semi.o(.text) for __use_no_semihosting_swi
    glcd.o(i.glcd_activar_desplazamiento) refers to glcd.o(.data) for desplazamiento_activado
    glcd.o(i.glcd_borrar) refers (Special) to use_no_semi.o(.text) for __use_no_semihosting_swi
    glcd.o(i.glcd_caracter) refers (Special) to use_no_semi.o(.text) for __use_no_semihosting_swi
    glcd.o(i.glcd_caracter) refers to error.o(i.parar_con_error) for parar_con_error
    glcd.o(i.glcd_caracter) refers to glcd.o(.constdata) for __FUNCTION__
    glcd.o(i.glcd_caracter) refers to glcd.o(.data) for tabla_fonts
    glcd.o(i.glcd_circulo) refers (Special) to use_no_semi.o(.text) for __use_no_semihosting_swi
    glcd.o(i.glcd_circulo) refers to glcd.o(i.glcd_linea) for glcd_linea
    glcd.o(i.glcd_circunferencia) refers (Special) to use_no_semi.o(.text) for __use_no_semihosting_swi
    glcd.o(i.glcd_circunferencia) refers to glcd.o(i.glcd_punto) for glcd_punto
    glcd.o(i.glcd_color_texto) refers (Special) to use_no_semi.o(.text) for __use_no_semihosting_swi
    glcd.o(i.glcd_color_texto) refers to glcd.o(.data) for color_texto_actual
    glcd.o(i.glcd_desplazar) refers (Special) to use_no_semi.o(.text) for __use_no_semihosting_swi
    glcd.o(i.glcd_desplazar) refers to rt_memmove_v6.o(.text) for __aeabi_memmove
    glcd.o(i.glcd_desplazar) refers to glcd.o(.data) for color_fondo_texto_actual
    glcd.o(i.glcd_fondo_texto) refers (Special) to use_no_semi.o(.text) for __use_no_semihosting_swi
    glcd.o(i.glcd_fondo_texto) refers to glcd.o(.data) for color_fondo_texto_actual
    glcd.o(i.glcd_i2c0_inicializar) refers (Special) to use_no_semi.o(.text) for __use_no_semihosting_swi
    glcd.o(i.glcd_i2c0_start) refers (Special) to use_no_semi.o(.text) for __use_no_semihosting_swi
    glcd.o(i.glcd_i2c0_stop) refers (Special) to use_no_semi.o(.text) for __use_no_semihosting_swi
    glcd.o(i.glcd_i2c0_transmitir_buffer) refers (Special) to use_no_semi.o(.text) for __use_no_semihosting_swi
    glcd.o(i.glcd_i2c0_transmitir_buffer) refers to glcd.o(i.glcd_i2c0_start) for glcd_i2c0_start
    glcd.o(i.glcd_i2c0_transmitir_buffer) refers to glcd.o(i.glcd_i2c0_transmitir_byte) for glcd_i2c0_transmitir_byte
    glcd.o(i.glcd_i2c0_transmitir_buffer) refers to glcd.o(i.glcd_i2c0_stop) for glcd_i2c0_stop
    glcd.o(i.glcd_i2c0_transmitir_byte) refers (Special) to use_no_semi.o(.text) for __use_no_semihosting_swi
    glcd.o(i.glcd_inicializar) refers (Special) to use_no_semi.o(.text) for __use_no_semihosting_swi
    glcd.o(i.glcd_inicializar) refers to glcd.o(i.glcd_i2c0_inicializar) for glcd_i2c0_inicializar
    glcd.o(i.glcd_inicializar) refers to sdram.o(i.sdram_inicializar) for sdram_inicializar
    glcd.o(i.glcd_inicializar) refers to glcd.o(i.glcd_i2c0_transmitir_buffer) for glcd_i2c0_transmitir_buffer
[...]
    __rtentry.o(.ARM.Collect$$rtentry$$00000000) refers (Special) to __rtentry2.o(.ARM.Collect$$rtentry$$0000000A) for __rt_entry_li
    __rtentry.o(.ARM.Collect$$rtentry$$00000000) refers (Special) to __rtentry2.o(.ARM.Collect$$rtentry$$0000000D) for __rt_entry_main
    __rtentry.o(.ARM.Collect$$rtentry$$00000000) refers (Special) to __rtentry2.o(.ARM.Collect$$rtentry$$0000000C) for __rt_entry_postli_1
    __rtentry.o(.ARM.Collect$$rtentry$$00000000) refers (Special) to __rtentry2.o(.ARM.Collect$$rtentry$$00000009) for __rt_entry_postsh_1
    __rtentry.o(.ARM.Collect$$rtentry$$00000000) refers (Special) to __rtentry2.o(.ARM.Collect$$rtentry$$00000002) for __rt_entry_presh_1
    __rtentry.o(.ARM.Collect$$rtentry$$00000000) refers (Special) to __rtentry4.o(.ARM.Collect$$rtentry$$00000004) for __rt_entry_sh
    _printf_intcommon.o(.text) refers (Weak) to _printf_pad.o(.text) for _printf_pre_padding
    _printf_intcommon.o(.text) refers (Weak) to _printf_pad.o(.text) for _printf_pre_padding
    _printf_intcommon.o(.text) refers (Weak) to _printf_pad.o(.text) for _printf_post_padding
    _printf_char_common.o(.text) refers to __printf_flags_ss_wp.o(.text) for __printf
    _printf_char.o(.text) refers (Weak) to _printf_str.o(.text) for _printf_str
    _printf_char_file.o(.text) refers to _printf_char_common.o(.text) for _printf_char_common
    _printf_char_file.o(.text) refers to glcd.o(i.ferror) for ferror
    _printf_char_file.o(.text) refers to glcd.o(i.fputc) for fputc
    _printf_wctomb.o(.text) refers (Special) to _printf_wchar.o(.text) for _printf_lcs_common
    _printf_wctomb.o(.text) refers to _wcrtomb.o(.text) for _wcrtomb
    _printf_wctomb.o(.text) refers (Weak) to _printf_pad.o(.text) for _printf_pre_padding
    _printf_wctomb.o(.text) refers (Weak) to _printf_pad.o(.text) for _printf_post_padding
    _printf_wctomb.o(.text) refers to _printf_wctomb.o(.constdata) for .constdata
    _printf_wctomb.o(.constdata) refers (Special) to _printf_wchar.o(.text) for _printf_lcs_common
    _printf_longlong_dec.o(.text) refers to lludiv10.o(.text) for _ll_udiv10
    _printf_longlong_dec.o(.text) refers to _printf_intcommon.o(.text) for _printf_int_common
    _printf_oct_ll.o(.text) refers to _printf_intcommon.o(.text) for _printf_int_common
    _printf_oct_int.o(.text) refers (Weak) to _printf_truncate.o(.text) for _printf_truncate_unsigned
    _printf_oct_int.o(.text) refers to _printf_intcommon.o(.text) for _printf_int_common
    _printf_oct_int_ll.o(.text) refers to _printf_intcommon.o(.text) for _printf_int_common
    _printf_oct_int_ll.o(.text) refers (Weak) to _printf_truncate.o(.text) for _printf_truncate_unsigned
    _printf_hex_ll.o(.text) refers to _printf_intcommon.o(.text) for _printf_int_common
    _printf_hex_ll.o(.text) refers to _printf_hex_ll.o(.constdata) for .constdata
    _printf_hex_int.o(.text) refers (Weak) to _printf_truncate.o(.text) for _printf_truncate_unsigned
    _printf_hex_int.o(.text) refers to _printf_intcommon.o(.text) for _printf_int_common
    _printf_hex_int.o(.text) refers to _printf_hex_int.o(.constdata) for .constdata
    _printf_hex_int_ll.o(.text) refers to _printf_intcommon.o(.text) for _printf_int_common
    _printf_hex_int_ll.o(.text) refers (Weak) to _printf_truncate.o(.text) for _printf_truncate_unsigned
    _printf_hex_int_ll.o(.text) refers to _printf_hex_int_ll.o(.constdata) for .constdata
    _printf_hex_ptr.o(.text) refers to _printf_intcommon.o(.text) for _printf_int_common
    _printf_hex_ptr.o(.text) refers to _printf_hex_ptr.o(.constdata) for .constdata
    _printf_hex_int_ptr.o(.text) refers to _printf_intcommon.o(.text) for _printf_int_common
    _printf_hex_int_ptr.o(.text) refers (Weak) to _printf_truncate.o(.text) for _printf_truncate_unsigned
    _printf_hex_int_ptr.o(.text) refers to _printf_hex_int_ptr.o(.constdata) for .constdata
    _printf_hex_ll_ptr.o(.text) refers to _printf_intcommon.o(.text) for _printf_int_common
    _printf_hex_ll_ptr.o(.text) refers to _printf_hex_ll_ptr.o(.constdata) for .constdata
    _printf_hex_int_ll_ptr.o(.text) refers to _printf_intcommon.o(.text) for _printf_int_common
    _printf_hex_int_ll_ptr.o(.text) refers (Weak) to _printf_truncate.o(.text) for _printf_truncate_unsigned
    _printf_hex_int_ll_ptr.o(.text) refers to _printf_hex_int_ll_ptr.o(.constdata) for .constdata
    _printf_c.o(.ARM.Collect$$_printf_percent$$00000013) refers (Weak) to _printf_char.o(.text) for _printf_char
    _printf_n.o(.ARM.Collect$$_printf_percent$$00000001) refers (Weak) to _printf_charcount.o(.text) for _printf_charcount
    _printf_x.o(.ARM.Collect$$_printf_percent$$0000000C) refers (Weak) to _printf_hex_int_ll_ptr.o(.text) for _printf_int_hex
    _printf_p.o(.ARM.Collect$$_printf_percent$$00000002) refers (Weak) to _printf_hex_int_ll_ptr.o(.text) for _printf_hex_ptr
    _printf_o.o(.ARM.Collect$$_printf_percent$$0000000B) refers (Weak) to _printf_oct_int_ll.o(.text) for _printf_int_oct
    _printf_i.o(.ARM.Collect$$_printf_percent$$00000008) refers (Weak) to _printf_dec.o(.text) for _printf_int_dec
    _printf_d.o(.ARM.Collect$$_printf_percent$$00000009) refers (Weak) to _printf_dec.o(.text) for _printf_int_dec
    _printf_f.o(.ARM.Collect$$_printf_percent$$00000003) refers (Weak) to printf1.o(x$fpl$printf1) for _printf_fp_dec
    _printf_e.o(.ARM.Collect$$_printf_percent$$00000004) refers (Weak) to printf1.o(x$fpl$printf1) for _printf_fp_dec
    _printf_g.o(.ARM.Collect$$_printf_percent$$00000005) refers (Weak) to printf1.o(x$fpl$printf1) for _printf_fp_dec
    _printf_lli.o(.ARM.Collect$$_printf_percent$$0000000D) refers (Special) to _printf_ll.o(.ARM.Collect$$_printf_percent$$00000007) for _printf_ll
    _printf_lli.o(.ARM.Collect$$_printf_percent$$0000000D) refers (Weak) to _printf_longlong_dec.o(.text) for _printf_longlong_dec
    _printf_lld.o(.ARM.Collect$$_printf_percent$$0000000E) refers (Special) to _printf_ll.o(.ARM.Collect$$_printf_percent$$00000007) for _printf_ll
    _printf_lld.o(.ARM.Collect$$_printf_percent$$0000000E) refers (Weak) to _printf_longlong_dec.o(.text) for _printf_longlong_dec
    _printf_llu.o(.ARM.Collect$$_printf_percent$$0000000F) refers (Special) to _printf_ll.o(.ARM.Collect$$_printf_percent$$00000007) for _printf_ll
    _printf_llu.o(.ARM.Collect$$_printf_percent$$0000000F) refers (Weak) to _printf_longlong_dec.o(.text) for _printf_longlong_dec
    _printf_lc.o(.ARM.Collect$$_printf_percent$$00000015) refers (Special) to _printf_l.o(.ARM.Collect$$_printf_percent$$00000012) for _printf_l
    _printf_lc.o(.ARM.Collect$$_printf_percent$$00000015) refers (Weak) to _printf_wchar.o(.text) for _printf_wchar
    _printf_ls.o(.ARM.Collect$$_printf_percent$$00000016) refers (Special) to _printf_l.o(.ARM.Collect$$_printf_percent$$00000012) for _printf_l
    _printf_ls.o(.ARM.Collect$$_printf_percent$$00000016) refers (Weak) to _printf_wchar.o(.text) for _printf_wstring
    _printf_llo.o(.ARM.Collect$$_printf_percent$$00000010) refers (Special) to _printf_ll.o(.ARM.Collect$$_printf_percent$$00000007) for _printf_ll
    _printf_llo.o(.ARM.Collect$$_printf_percent$$00000010) refers (Weak) to _printf_oct_int_ll.o(.text) for _printf_ll_oct
    _printf_llx.o(.ARM.Collect$$_printf_percent$$00000011) refers (Special) to _printf_ll.o(.ARM.Collect$$_printf_percent$$00000007) for _printf_ll
    _printf_llx.o(.ARM.Collect$$_printf_percent$$00000011) refers (Weak) to _printf_hex_int_ll_ptr.o(.text) for _printf_ll_hex
    rt_memcpy_v6.o(.text) refers to rt_memcpy_w.o(.text) for __aeabi_memcpy4
    rt_memmove_w.o(.text) refers to rt_memcpy_w.o(.text) for __aeabi_memcpy4
    printf1.o(x$fpl$printf1) refers to _printf_fp_dec.o(.text) for _printf_fp_dec_real
    __rtentry2.o(.ARM.Collect$$rtentry$$00000008) refers to boardinit2.o(.text) for _platform_post_stackheap_init
    __rtentry2.o(.ARM.Collect$$rtentry$$0000000A) refers to libinit.o(.ARM.Collect$$libinit$$00000000) for __rt_lib_init
    __rtentry2.o(.ARM.Collect$$rtentry$$0000000B) refers to boardinit3.o(.text) for _platform_post_lib_init
    __rtentry2.o(.ARM.Collect$$rtentry$$0000000D) refers to main.o(i.main) for main
    __rtentry2.o(.ARM.Collect$$rtentry$$0000000D) refers to exit.o(.text) for exit
    __rtentry2.o(.ARM.exidx) refers to __rtentry2.o(.ARM.Collect$$rtentry$$00000001) for .ARM.Collect$$rtentry$$00000001
    __rtentry2.o(.ARM.exidx) refers to __rtentry2.o(.ARM.Collect$$rtentry$$00000008) for .ARM.Collect$$rtentry$$00000008
    __rtentry2.o(.ARM.exidx) refers to __rtentry2.o(.ARM.Collect$$rtentry$$0000000A) for .ARM.Collect$$rtentry$$0000000A
    __rtentry2.o(.ARM.exidx) refers to __rtentry2.o(.ARM.Collect$$rtentry$$0000000B) for .ARM.Collect$$rtentry$$0000000B
    __rtentry2.o(.ARM.exidx) refers to __rtentry2.o(.ARM.Collect$$rtentry$$0000000D) for .ARM.Collect$$rtentry$$0000000D
    __rtentry4.o(.ARM.Collect$$rtentry$$00000004) refers to sys_stackheap_outer.o(.text) for __user_setup_stackheap
    __rtentry4.o(.ARM.exidx) refers to __rtentry4.o(.ARM.Collect$$rtentry$$00000004) for .ARM.Collect$$rtentry$$00000004
    _printf_fp_dec.o(.text) refers (Special) to usenofp.o(x$fpl$usenofp) for __I$use$fp
    _printf_fp_dec.o(.text) refers (Special) to lc_numeric_c.o(locale$$code) for _get_lc_numeric
    _printf_fp_dec.o(.text) refers to bigflt0.o(.text) for _btod_etento
    _printf_fp_dec.o(.text) refers to btod.o(CL$$btod_d2e) for _btod_d2e
    _printf_fp_dec.o(.text) refers to btod.o(CL$$btod_ediv) for _btod_ediv
    _printf_fp_dec.o(.text) refers to btod.o(CL$$btod_emul) for _btod_emul
    _printf_fp_dec.o(.text) refers to lludiv10.o(.text) for _ll_udiv10
    _printf_fp_dec.o(.text) refers to fpclassify.o(i.__ARM_fpclassify) for __ARM_fpclassify
    _printf_fp_dec.o(.text) refers to _printf_fp_infnan.o(.text) for _printf_fp_infnan
    _printf_fp_dec.o(.text) refers (Weak) to _printf_pad.o(.text) for _printf_pre_padding
    _printf_fp_dec.o(.text) refers (Weak) to _printf_pad.o(.text) for _printf_pre_padding
    _printf_fp_dec.o(.text) refers to rt_locale_intlibspace.o(.text) for __rt_locale
    _printf_fp_dec.o(.text) refers (Weak) to _printf_pad.o(.text) for _printf_post_padding
    _printf_wchar.o(.text) refers (Weak) to _printf_wctomb.o(.text) for _printf_wctomb
    _wcrtomb.o(.text) refers to rt_ctype_table.o(.text) for __rt_ctype_table
    sys_stackheap_outer.o(.text) refers to libspace.o(.text) for __user_perproc_libspace
    sys_stackheap_outer.o(.text) refers to startup_lpc407x_8x_177x_8x.o(.text) for __user_initial_stackheap
    rt_ctype_table.o(.text) refers to rt_locale_intlibspace.o(.text) for __rt_locale
    rt_ctype_table.o(.text) refers to lc_ctype_c.o(locale$$code) for _get_lc_ctype
    rt_locale.o(.text) refers to rt_locale.o(.bss) for __rt_locale_data
    rt_locale_intlibspace.o(.text) refers to libspace.o(.bss) for __libspace_start
    _printf_fp_infnan.o(.text) refers (Weak) to _printf_pad.o(.text) for _printf_pre_padding
    _printf_fp_infnan.o(.text) refers (Weak) to _printf_pad.o(.text) for _printf_post_padding
    bigflt0.o(.text) refers (Special) to usenofp.o(x$fpl$usenofp) for __I$use$fp
    bigflt0.o(.text) refers to btod.o(CL$$btod_emul) for _btod_emul
    bigflt0.o(.text) refers to btod.o(CL$$btod_ediv) for _btod_ediv
    bigflt0.o(.text) refers to bigflt0.o(.constdata) for .constdata
    bigflt0.o(.constdata) refers (Special) to usenofp.o(x$fpl$usenofp) for __I$use$fp
    btod.o(CL$$btod_d2e) refers (Special) to usenofp.o(x$fpl$usenofp) for __I$use$fp
    btod.o(CL$$btod_d2e) refers to btod.o(CL$$btod_d2e_norm_op1) for _d2e_norm_op1
    btod.o(CL$$btod_d2e_norm_op1) refers (Special) to usenofp.o(x$fpl$usenofp) for __I$use$fp
    btod.o(CL$$btod_d2e_norm_op1) refers to btod.o(CL$$btod_d2e_denorm_low) for _d2e_denorm_low
    btod.o(CL$$btod_d2e_denorm_low) refers (Special) to usenofp.o(x$fpl$usenofp) for __I$use$fp
    btod.o(CL$$btod_emul) refers (Special) to usenofp.o(x$fpl$usenofp) for __I$use$fp
    btod.o(CL$$btod_emul) refers to btod.o(CL$$btod_mult_common) for __btod_mult_common
    btod.o(CL$$btod_emul) refers to btod.o(CL$$btod_e2e) for _e2e
    btod.o(CL$$btod_ediv) refers (Special) to usenofp.o(x$fpl$usenofp) for __I$use$fp
    btod.o(CL$$btod_ediv) refers to btod.o(CL$$btod_div_common) for __btod_div_common
    btod.o(CL$$btod_ediv) refers to btod.o(CL$$btod_e2e) for _e2e
    btod.o(CL$$btod_emuld) refers (Special) to usenofp.o(x$fpl$usenofp) for __I$use$fp
    btod.o(CL$$btod_emuld) refers to btod.o(CL$$btod_mult_common) for __btod_mult_common
    btod.o(CL$$btod_emuld) refers to btod.o(CL$$btod_e2d) for _e2d
    btod.o(CL$$btod_edivd) refers (Special) to usenofp.o(x$fpl$usenofp) for __I$use$fp
    btod.o(CL$$btod_edivd) refers to btod.o(CL$$btod_div_common) for __btod_div_common
    btod.o(CL$$btod_edivd) refers to btod.o(CL$$btod_e2d) for _e2d
    btod.o(CL$$btod_e2e) refers (Special) to usenofp.o(x$fpl$usenofp) for __I$use$fp
    btod.o(CL$$btod_e2d) refers (Special) to usenofp.o(x$fpl$usenofp) for __I$use$fp
    btod.o(CL$$btod_e2d) refers to btod.o(CL$$btod_e2e) for _e2e
    btod.o(CL$$btod_mult_common) refers (Special) to usenofp.o(x$fpl$usenofp) for __I$use$fp
    btod.o(CL$$btod_div_common) refers (Special) to usenofp.o(x$fpl$usenofp) for __I$use$fp
    lc_numeric_c.o(locale$$data) refers (Special) to libinit2.o(.ARM.Collect$$libinit$$00000016) for __rt_lib_init_lc_numeric_2
    lc_numeric_c.o(locale$$code) refers (Special) to libinit2.o(.ARM.Collect$$libinit$$00000016) for __rt_lib_init_lc_numeric_2
    lc_numeric_c.o(locale$$code) refers to strcmpv7m.o(.text) for strcmp
    lc_numeric_c.o(locale$$code) refers to lc_numeric_c.o(locale$$data) for __lcnum_c_name
    exit.o(.text) refers to rtexit.o(.ARM.Collect$$rtexit$$00000000) for __rt_exit
    libinit.o(.ARM.Collect$$libinit$$00000000) refers (Special) to libinit2.o(.ARM.Collect$$libinit$$0000002E) for __rt_lib_init_alloca_1
    libinit.o(.ARM.Collect$$libinit$$00000000) refers (Special) to libinit2.o(.ARM.Collect$$libinit$$0000002C) for __rt_lib_init_argv_1
    libinit.o(.ARM.Collect$$libinit$$00000000) refers (Special) to libinit2.o(.ARM.Collect$$libinit$$0000001B) for __rt_lib_init_atexit_1
    libinit.o(.ARM.Collect$$libinit$$00000000) refers (Special) to libinit2.o(.ARM.Collect$$libinit$$00000021) for __rt_lib_init_clock_1
    libinit.o(.ARM.Collect$$libinit$$00000000) refers (Special) to libinit2.o(.ARM.Collect$$libinit$$00000032) for __rt_lib_init_cpp_1
    libinit.o(.ARM.Collect$$libinit$$00000000) refers (Special) to libinit2.o(.ARM.Collect$$libinit$$00000030) for __rt_lib_init_exceptions_1
    libinit.o(.ARM.Collect$$libinit$$00000000) refers (Special) to libinit2.o(.ARM.Collect$$libinit$$00000001) for __rt_lib_init_fp_1
    libinit.o(.ARM.Collect$$libinit$$00000000) refers (Special) to libinit2.o(.ARM.Collect$$libinit$$0000001F) for __rt_lib_init_fp_trap_1
    libinit.o(.ARM.Collect$$libinit$$00000000) refers (Special) to libinit2.o(.ARM.Collect$$libinit$$00000023) for __rt_lib_init_getenv_1
    libinit.o(.ARM.Collect$$libinit$$00000000) refers (Special) to libinit2.o(.ARM.Collect$$libinit$$0000000A) for __rt_lib_init_heap_1
    libinit.o(.ARM.Collect$$libinit$$00000000) refers (Special) to libinit2.o(.ARM.Collect$$libinit$$00000011) for __rt_lib_init_lc_collate_1
    libinit.o(.ARM.Collect$$libinit$$00000000) refers (Special) to libinit2.o(.ARM.Collect$$libinit$$00000013) for __rt_lib_init_lc_ctype_1
    libinit.o(.ARM.Collect$$libinit$$00000000) refers (Special) to libinit2.o(.ARM.Collect$$libinit$$00000015) for __rt_lib_init_lc_monetary_1
    libinit.o(.ARM.Collect$$libinit$$00000000) refers (Special) to libinit2.o(.ARM.Collect$$libinit$$00000017) for __rt_lib_init_lc_numeric_1
    libinit.o(.ARM.Collect$$libinit$$00000000) refers (Special) to libinit2.o(.ARM.Collect$$libinit$$00000019) for __rt_lib_init_lc_time_1
    libinit.o(.ARM.Collect$$libinit$$00000000) refers (Special) to libinit2.o(.ARM.Collect$$libinit$$00000004) for __rt_lib_init_preinit_1
    libinit.o(.ARM.Collect$$libinit$$00000000) refers (Special) to libinit2.o(.ARM.Collect$$libinit$$0000000E) for __rt_lib_init_rand_1
    libinit.o(.ARM.Collect$$libinit$$00000000) refers (Special) to libinit2.o(.ARM.Collect$$libinit$$00000033) for __rt_lib_init_return
    libinit.o(.ARM.Collect$$libinit$$00000000) refers (Special) to libinit2.o(.ARM.Collect$$libinit$$0000001D) for __rt_lib_init_signal_1
    libinit.o(.ARM.Collect$$libinit$$00000000) refers (Special) to libinit2.o(.ARM.Collect$$libinit$$00000025) for __rt_lib_init_stdio_1
    libinit.o(.ARM.Collect$$libinit$$00000000) refers (Special) to libinit2.o(.ARM.Collect$$libinit$$0000000C) for __rt_lib_init_user_alloc_1
    istatus.o(x$fpl$ieeestatus) refers (Special) to usenofp.o(x$fpl$usenofp) for __I$use$fp
    fpclassify.o(i.__ARM_fpclassify) refers (Special) to usenofp.o(x$fpl$usenofp) for __I$use$fp
    libspace.o(.text) refers to libspace.o(.bss) for __libspace_start
    rtexit.o(.ARM.Collect$$rtexit$$00000000) refers (Special) to rtexit2.o(.ARM.Collect$$rtexit$$00000004) for __rt_exit_exit
    rtexit.o(.ARM.Collect$$rtexit$$00000000) refers (Special) to rtexit2.o(.ARM.Collect$$rtexit$$00000003) for __rt_exit_ls
    rtexit.o(.ARM.Collect$$rtexit$$00000000) refers (Special) to rtexit2.o(.ARM.Collect$$rtexit$$00000002) for __rt_exit_prels_1
    rtexit.o(.ARM.exidx) refers (Special) to rtexit2.o(.ARM.Collect$$rtexit$$00000004) for __rt_exit_exit
    rtexit.o(.ARM.exidx) refers (Special) to rtexit2.o(.ARM.Collect$$rtexit$$00000003) for __rt_exit_ls
    rtexit.o(.ARM.exidx) refers (Special) to rtexit2.o(.ARM.Collect$$rtexit$$00000002) for __rt_exit_prels_1
    rtexit.o(.ARM.exidx) refers to rtexit.o(.ARM.Collect$$rtexit$$00000000) for .ARM.Collect$$rtexit$$00000000
    lc_ctype_c.o(locale$$data) refers (Special) to libinit2.o(.ARM.Collect$$libinit$$00000012) for __rt_lib_init_lc_ctype_2
    lc_ctype_c.o(locale$$code) refers (Special) to libinit2.o(.ARM.Collect$$libinit$$00000012) for __rt_lib_init_lc_ctype_2
    lc_ctype_c.o(locale$$code) refers to strcmpv7m.o(.text) for strcmp
    lc_ctype_c.o(locale$$code) refers to lc_ctype_c.o(locale$$data) for __lcctype_c_name
    libinit2.o(.ARM.Collect$$libinit$$00000001) refers to fpinit.o(x$fpl$fpinit) for _fp_init
    libinit2.o(.ARM.Collect$$libinit$$0000000F) refers (Weak) to rt_locale_intlibspace.o(.text) for __rt_locale
    libinit2.o(.ARM.Collect$$libinit$$00000010) refers to libinit2.o(.ARM.Collect$$libinit$$0000000F) for .ARM.Collect$$libinit$$0000000F
    libinit2.o(.ARM.Collect$$libinit$$00000012) refers to libinit2.o(.ARM.Collect$$libinit$$0000000F) for .ARM.Collect$$libinit$$0000000F
    libinit2.o(.ARM.Collect$$libinit$$00000012) refers (Weak) to lc_ctype_c.o(locale$$code) for _get_lc_ctype
    libinit2.o(.ARM.Collect$$libinit$$00000014) refers to libinit2.o(.ARM.Collect$$libinit$$0000000F) for .ARM.Collect$$libinit$$0000000F
    libinit2.o(.ARM.Collect$$libinit$$00000016) refers to libinit2.o(.ARM.Collect$$libinit$$0000000F) for .ARM.Collect$$libinit$$0000000F
    libinit2.o(.ARM.Collect$$libinit$$00000016) refers (Weak) to lc_numeric_c.o(locale$$code) for _get_lc_numeric
    libinit2.o(.ARM.Collect$$libinit$$00000018) refers to libinit2.o(.ARM.Collect$$libinit$$0000000F) for .ARM.Collect$$libinit$$0000000F
    libinit2.o(.ARM.Collect$$libinit$$00000026) refers to argv_veneer.o(.emb_text) for __ARM_argv_veneer
    libinit2.o(.ARM.Collect$$libinit$$00000027) refers to argv_veneer.o(.emb_text) for __ARM_argv_veneer
    rtexit2.o(.ARM.Collect$$rtexit$$00000003) refers to libshutdown.o(.ARM.Collect$$libshutdown$$00000000) for __rt_lib_shutdown
    rtexit2.o(.ARM.Collect$$rtexit$$00000004) refers to glcd.o(i._sys_exit) for _sys_exit
    rtexit2.o(.ARM.exidx) refers to rtexit2.o(.ARM.Collect$$rtexit$$00000001) for .ARM.Collect$$rtexit$$00000001
    rtexit2.o(.ARM.exidx) refers to rtexit2.o(.ARM.Collect$$rtexit$$00000003) for .ARM.Collect$$rtexit$$00000003
    rtexit2.o(.ARM.exidx) refers to rtexit2.o(.ARM.Collect$$rtexit$$00000004) for .ARM.Collect$$rtexit$$00000004
    argv_veneer.o(.emb_text) refers to no_argv.o(.text) for __ARM_get_argv
    _get_argv_nomalloc.o(.text) refers (Special) to hrguard.o(.text) for __heap_region$guard
    _get_argv_nomalloc.o(.text) refers to defsig_rtmem_outer.o(.text) for __rt_SIGRTMEM
    _get_argv_nomalloc.o(.text) refers to sys_command.o(.text) for _sys_command_string
    libshutdown.o(.ARM.Collect$$libshutdown$$00000000) refers (Special) to libshutdown2.o(.ARM.Collect$$libshutdown$$00000006) for __rt_lib_shutdown_fp_trap_1
    libshutdown.o(.ARM.Collect$$libshutdown$$00000000) refers (Special) to libshutdown2.o(.ARM.Collect$$libshutdown$$0000000E) for __rt_lib_shutdown_heap_1
    libshutdown.o(.ARM.Collect$$libshutdown$$00000000) refers (Special) to libshutdown2.o(.ARM.Collect$$libshutdown$$0000000F) for __rt_lib_shutdown_return
    libshutdown.o(.ARM.Collect$$libshutdown$$00000000) refers (Special) to libshutdown2.o(.ARM.Collect$$libshutdown$$00000009) for __rt_lib_shutdown_signal_1
    libshutdown.o(.ARM.Collect$$libshutdown$$00000000) refers (Special) to libshutdown2.o(.ARM.Collect$$libshutdown$$00000003) for __rt_lib_shutdown_stdio_1
    libshutdown.o(.ARM.Collect$$libshutdown$$00000000) refers (Special) to libshutdown2.o(.ARM.Collect$$libshutdown$$0000000B) for __rt_lib_shutdown_user_alloc_1
    sys_command.o(.text) refers (Special) to use_no_semi.o(.text) for __I$use$semihosting
    sys_command.o(.text) refers (Special) to indicate_semi.o(.text) for __semihosting_library_function
    defsig_rtmem_outer.o(.text) refers to defsig_rtmem_inner.o(.text) for __rt_SIGRTMEM_inner
    defsig_rtmem_outer.o(.text) refers to defsig_exit.o(.text) for __sig_exit
    defsig_rtmem_formal.o(.text) refers to rt_raise.o(.text) for __rt_raise
    rt_raise.o(.text) refers to __raise.o(.text) for __raise
    rt_raise.o(.text) refers to glcd.o(i._sys_exit) for _sys_exit
    defsig_exit.o(.text) refers to glcd.o(i._sys_exit) for _sys_exit
    defsig_rtmem_inner.o(.text) refers to defsig_general.o(.text) for __default_signal_display
    __raise.o(.text) refers to defsig.o(CL$$defsig) for __default_signal_handler
    defsig_general.o(.text) refers to sys_wrch.o(.text) for _ttywrch
    sys_wrch.o(.text) refers (Special) to use_no_semi.o(.text) for __I$use$semihosting
    sys_wrch.o(.text) refers (Special) to indicate_semi.o(.text) for __semihosting_library_function
    defsig.o(CL$$defsig) refers to defsig_rtmem_inner.o(.text) for __rt_SIGRTMEM_inner
    defsig_abrt_inner.o(.text) refers to defsig_general.o(.text) for __default_signal_display
    defsig_fpe_inner.o(.text) refers to defsig_general.o(.text) for __default_signal_display
    defsig_rtred_inner.o(.text) refers to defsig_general.o(.text) for __default_signal_display
    defsig_stak_inner.o(.text) refers to defsig_general.o(.text) for __default_signal_display
    defsig_pvfn_inner.o(.text) refers to defsig_general.o(.text) for __default_signal_display
    defsig_cppl_inner.o(.text) refers to defsig_general.o(.text) for __default_signal_display
    defsig_segv_inner.o(.text) refers to defsig_general.o(.text) for __default_signal_display
    defsig_other.o(.text) refers to defsig_general.o(.text) for __default_signal_display


==============================================================================

Removing Unused input sections from the image.

    Removing error.o(.rev16_text), (4 bytes).
    Removing error.o(.revsh_text), (4 bytes).
    Removing error.o(.rrx_text), (6 bytes).
    Removing glcd.o(.rev16_text), (4 bytes).
    Removing glcd.o(.revsh_text), (4 bytes).
    Removing glcd.o(.rrx_text), (6 bytes).
    Removing glcd.o(i.ferror), (20 bytes).
    Removing glcd.o(i.fgetc), (8 bytes).
    Removing glcd.o(i.fputc), (368 bytes).
    Removing glcd.o(i.glcd_activar_desplazamiento), (12 bytes).
    Removing glcd.o(i.glcd_borrar), (24 bytes).
    Removing glcd.o(i.glcd_circulo), (122 bytes).
    Removing glcd.o(i.glcd_circunferencia), (138 bytes).
    Removing glcd.o(i.glcd_color_texto), (12 bytes).
    Removing glcd.o(i.glcd_desplazar), (88 bytes).
    Removing glcd.o(i.glcd_fondo_texto), (12 bytes).
    Removing glcd.o(i.glcd_i2c0_inicializar), (68 bytes).
    Removing glcd.o(i.glcd_i2c0_start), (52 bytes).
    Removing glcd.o(i.glcd_i2c0_stop), (32 bytes).
    Removing glcd.o(i.glcd_i2c0_transmitir_buffer), (50 bytes).
    Removing glcd.o(i.glcd_i2c0_transmitir_byte), (36 bytes).
    Removing glcd.o(i.glcd_inicializar), (916 bytes).
    Removing glcd.o(i.glcd_linea), (176 bytes).
    Removing glcd.o(i.glcd_printf), (30 bytes).
    Removing glcd.o(i.glcd_punto), (48 bytes).
    Removing glcd.o(i.glcd_rectangulo), (74 bytes).
    Removing glcd.o(i.glcd_rectangulo_relleno), (116 bytes).
    Removing glcd.o(i.glcd_seleccionar_font), (60 bytes).
    Removing glcd.o(i.glcd_timer0_retardo_ms), (88 bytes).
    Removing glcd.o(i.glcd_xprintf), (144 bytes).
    Removing glcd.o(i.glcd_xy_texto), (44 bytes).
    Removing gpio_lpc40xx.o(.rev16_text), (4 bytes).
    Removing gpio_lpc40xx.o(.revsh_text), (4 bytes).
    Removing gpio_lpc40xx.o(.rrx_text), (6 bytes).
    Removing gpio_lpc40xx.o(i.gpio_ajustar_dir), (216 bytes).
    Removing gpio_lpc40xx.o(i.gpio_obtener_dir), (168 bytes).
    Removing gpio_lpc40xx.o(.constdata), (34 bytes).
    Removing joystick.o(.rev16_text), (4 bytes).
    Removing joystick.o(.revsh_text), (4 bytes).
    Removing joystick.o(.rrx_text), (6 bytes).
    Removing joystick.o(i.gpio_leer_pin), (16 bytes).
    Removing joystick.o(i.leer_joystick), (92 bytes).
    Removing leds.o(.rev16_text), (4 bytes).
    Removing leds.o(.revsh_text), (4 bytes).
    Removing leds.o(.rrx_text), (6 bytes).
    Removing leds.o(i.apagar_led_1), (16 bytes).
    Removing leds.o(i.apagar_led_2), (20 bytes).
    Removing leds.o(i.apagar_led_3), (20 bytes).
    Removing leds.o(i.apagar_led_4), (20 bytes).
    Removing leds.o(i.encender_led_1), (16 bytes).
    Removing leds.o(i.encender_led_2), (20 bytes).
    Removing leds.o(i.encender_led_3), (20 bytes).
    Removing leds.o(i.encender_led_4), (20 bytes).
    Removing leds.o(i.gpio_pin_a_0), (4 bytes).
    Removing leds.o(i.gpio_pin_a_1), (4 bytes).
    Removing leds.o(i.inicializar_leds), (56 bytes).
    Removing main.o(.rev16_text), (4 bytes).
    Removing main.o(.revsh_text), (4 bytes).
    Removing main.o(.rrx_text), (6 bytes).
    Removing sdram.o(.rev16_text), (4 bytes).
    Removing sdram.o(.revsh_text), (4 bytes).
    Removing sdram.o(.rrx_text), (6 bytes).
    Removing sdram.o(i.TIM_Waitms), (60 bytes).
    Removing sdram.o(i.adjust_timing), (88 bytes).
    Removing sdram.o(i.calibration), (72 bytes).
    Removing sdram.o(i.find_cmddly), (132 bytes).
    Removing sdram.o(i.find_fbclkdly), (132 bytes).
    Removing sdram.o(i.pinConfig), (1034 bytes).
    Removing sdram.o(i.sdram_inicializar), (228 bytes).
    Removing sdram.o(i.sdram_test), (92 bytes).
    Removing sdram.o(.data), (8 bytes).
    Removing sonido.o(.rev16_text), (4 bytes).
    Removing sonido.o(.revsh_text), (4 bytes).
    Removing sonido.o(.rrx_text), (6 bytes).
    Removing sonido.o(i.sonido_emitir_pitido), (112 bytes).
    Removing sonido.o(i.sonido_reproduciendo), (12 bytes).
    Removing sonido.o(i.sonido_reproducir_melodia), (80 bytes).
    Removing sonido.o(i.sonido_reproducir_melodia_2), (124 bytes).
    Removing sonido.o(i.sonido_reproducir_nota), (128 bytes).
    Removing timer_lpc40xx.o(.rev16_text), (4 bytes).
    Removing timer_lpc40xx.o(.revsh_text), (4 bytes).
    Removing timer_lpc40xx.o(.rrx_text), (6 bytes).
    Removing timer_lpc40xx.o(i.timer_esperar_fin_ciclo), (116 bytes).
    Removing timer_lpc40xx.o(i.timer_iniciar_ciclos_ms), (184 bytes).
    Removing timer_lpc40xx.o(i.timer_iniciar_ciclos_us), (184 bytes).
    Removing timer_lpc40xx.o(i.timer_iniciar_conteo_ms), (136 bytes).
    Removing timer_lpc40xx.o(i.timer_iniciar_conteo_us), (140 bytes).
    Removing timer_lpc40xx.o(i.timer_leer), (100 bytes).
    Removing timer_lpc40xx.o(i.timer_poner_contador_a_0), (128 bytes).
    Removing timer_lpc40xx.o(i.timer_retardo_ms), (176 bytes).
    Removing timer_lpc40xx.o(i.timer_retardo_us), (172 bytes).
    Removing system_lpc407x_8x_177x_8x.o(.rev16_text), (4 bytes).
    Removing system_lpc407x_8x_177x_8x.o(.revsh_text), (4 bytes).
    Removing system_lpc407x_8x_177x_8x.o(.rrx_text), (6 bytes).

94 unused section(s) (total 7258 bytes) removed from the image.

==============================================================================

Image Symbol Table

    Local Symbols

    Symbol Name                              Value     Ov Type        Size  Object(Section)

    RESET                                    0x00000000   Section      228  startup_lpc407x_8x_177x_8x.o(RESET)
    ../clib/angel/boardlib.s                 0x00000000   Number         0  boardinit1.o ABSOLUTE
    ../clib/angel/boardlib.s                 0x00000000   Number         0  boardshut.o ABSOLUTE
    ../clib/angel/boardlib.s                 0x00000000   Number         0  boardinit3.o ABSOLUTE
    ../clib/angel/boardlib.s                 0x00000000   Number         0  boardinit2.o ABSOLUTE
    ../clib/angel/handlers.s                 0x00000000   Number         0  __scatter_copy.o ABSOLUTE
    ../clib/angel/handlers.s                 0x00000000   Number         0  __scatter_zi.o ABSOLUTE
    ../clib/angel/kernel.s                   0x00000000   Number         0  rtexit2.o ABSOLUTE
    ../clib/angel/kernel.s                   0x00000000   Number         0  __rtentry.o ABSOLUTE
    ../clib/angel/kernel.s                   0x00000000   Number         0  __rtentry2.o ABSOLUTE
    ../clib/angel/kernel.s                   0x00000000   Number         0  __rtentry4.o ABSOLUTE
    ../clib/angel/kernel.s                   0x00000000   Number         0  rtexit.o ABSOLUTE
    ../clib/angel/rt.s                       0x00000000   Number         0  rt_raise.o ABSOLUTE
    ../clib/angel/rt.s                       0x00000000   Number         0  rt_locale_intlibspace.o ABSOLUTE
    ../clib/angel/rt.s                       0x00000000   Number         0  rt_locale.o ABSOLUTE
    ../clib/angel/rt.s                       0x00000000   Number         0  rt_ctype_table.o ABSOLUTE
    ../clib/angel/scatter.s                  0x00000000   Number         0  __scatter.o ABSOLUTE
    ../clib/angel/startup.s                  0x00000000   Number         0  __main.o ABSOLUTE
    ../clib/angel/sys.s                      0x00000000   Number         0  indicate_semi.o ABSOLUTE
    ../clib/angel/sys.s                      0x00000000   Number         0  use_no_semi.o ABSOLUTE
    ../clib/angel/sys.s                      0x00000000   Number         0  sys_stackheap_outer.o ABSOLUTE
    ../clib/angel/sys.s                      0x00000000   Number         0  libspace.o ABSOLUTE
    ../clib/angel/sysapp.c                   0x00000000   Number         0  sys_wrch.o ABSOLUTE
    ../clib/angel/sysapp.c                   0x00000000   Number         0  sys_command.o ABSOLUTE
    ../clib/armsys.c                         0x00000000   Number         0  no_argv.o ABSOLUTE
    ../clib/armsys.c                         0x00000000   Number         0  _get_argv_nomalloc.o ABSOLUTE
    ../clib/armsys.c                         0x00000000   Number         0  argv_veneer.o ABSOLUTE
    ../clib/armsys.c                         0x00000000   Number         0  argv_veneer.o ABSOLUTE
    ../clib/bigflt.c                         0x00000000   Number         0  bigflt0.o ABSOLUTE
    ../clib/btod.s                           0x00000000   Number         0  btod.o ABSOLUTE
    ../clib/heapalloc.c                      0x00000000   Number         0  hrguard.o ABSOLUTE
    ../clib/heapaux.c                        0x00000000   Number         0  heapauxi.o ABSOLUTE
    ../clib/libinit.s                        0x00000000   Number         0  libshutdown2.o ABSOLUTE
    ../clib/libinit.s                        0x00000000   Number         0  libinit2.o ABSOLUTE
    ../clib/libinit.s                        0x00000000   Number         0  libinit.o ABSOLUTE
    ../clib/libinit.s                        0x00000000   Number         0  libshutdown.o ABSOLUTE
    ../clib/locale.c                         0x00000000   Number         0  _wcrtomb.o ABSOLUTE
    ../clib/locale.s                         0x00000000   Number         0  lc_numeric_c.o ABSOLUTE
    ../clib/locale.s                         0x00000000   Number         0  lc_ctype_c.o ABSOLUTE
    ../clib/longlong.s                       0x00000000   Number         0  lludiv10.o ABSOLUTE
    ../clib/memcpset.s                       0x00000000   Number         0  strcmpv7m.o ABSOLUTE
    ../clib/memcpset.s                       0x00000000   Number         0  rt_memcpy_w.o ABSOLUTE
    ../clib/memcpset.s                       0x00000000   Number         0  rt_memmove_v6.o ABSOLUTE
    ../clib/memcpset.s                       0x00000000   Number         0  rt_memmove_w.o ABSOLUTE
    ../clib/memcpset.s                       0x00000000   Number         0  rt_memcpy_v6.o ABSOLUTE
    ../clib/misc.s                           0x00000000   Number         0  printf_stubs.o ABSOLUTE
    ../clib/printf.c                         0x00000000   Number         0  __printf.o ABSOLUTE
    ../clib/printf.c                         0x00000000   Number         0  _printf_str.o ABSOLUTE
    ../clib/printf.c                         0x00000000   Number         0  _printf_dec.o ABSOLUTE
    ../clib/printf.c                         0x00000000   Number         0  __printf_flags.o ABSOLUTE
    ../clib/printf.c                         0x00000000   Number         0  __printf_ss.o ABSOLUTE
    ../clib/printf.c                         0x00000000   Number         0  __printf_flags_ss.o ABSOLUTE
    ../clib/printf.c                         0x00000000   Number         0  __printf_wp.o ABSOLUTE
    ../clib/printf.c                         0x00000000   Number         0  __printf_flags_wp.o ABSOLUTE
    ../clib/printf.c                         0x00000000   Number         0  __printf_ss_wp.o ABSOLUTE
    ../clib/printf.c                         0x00000000   Number         0  __printf_flags_ss_wp.o ABSOLUTE
    ../clib/printf.c                         0x00000000   Number         0  _printf_hex_int.o ABSOLUTE
    ../clib/printf.c                         0x00000000   Number         0  _printf_pad.o ABSOLUTE
    ../clib/printf.c                         0x00000000   Number         0  _printf_truncate.o ABSOLUTE
    ../clib/printf.c                         0x00000000   Number         0  _printf_intcommon.o ABSOLUTE
    ../clib/printf.c                         0x00000000   Number         0  _printf_charcount.o ABSOLUTE
    ../clib/printf.c                         0x00000000   Number         0  _printf_char_common.o ABSOLUTE
    ../clib/printf.c                         0x00000000   Number         0  _printf_hex_int_ll_ptr.o ABSOLUTE
    ../clib/printf.c                         0x00000000   Number         0  _printf_hex_ll_ptr.o ABSOLUTE
    ../clib/printf.c                         0x00000000   Number         0  _sputc.o ABSOLUTE
    ../clib/printf.c                         0x00000000   Number         0  _printf_hex_int_ptr.o ABSOLUTE
    ../clib/printf.c                         0x00000000   Number         0  _snputc.o ABSOLUTE
    ../clib/printf.c                         0x00000000   Number         0  _printf_hex_ptr.o ABSOLUTE
    ../clib/printf.c                         0x00000000   Number         0  _printf_char.o ABSOLUTE
    ../clib/printf.c                         0x00000000   Number         0  _printf_hex_int_ll.o ABSOLUTE
    ../clib/printf.c                         0x00000000   Number         0  _printf_char_file.o ABSOLUTE
    ../clib/printf.c                         0x00000000   Number         0  _printf_wctomb.o ABSOLUTE
    ../clib/printf.c                         0x00000000   Number         0  _printf_longlong_dec.o ABSOLUTE
    ../clib/printf.c                         0x00000000   Number         0  _printf_oct_ll.o ABSOLUTE
    ../clib/printf.c                         0x00000000   Number         0  _printf_fp_infnan.o ABSOLUTE
    ../clib/printf.c                         0x00000000   Number         0  _printf_wchar.o ABSOLUTE
    ../clib/printf.c                         0x00000000   Number         0  __printf_nopercent.o ABSOLUTE
    ../clib/printf.c                         0x00000000   Number         0  _printf_fp_dec.o ABSOLUTE
    ../clib/printf.c                         0x00000000   Number         0  _printf_oct_int.o ABSOLUTE
    ../clib/printf.c                         0x00000000   Number         0  _printf_oct_int_ll.o ABSOLUTE
    ../clib/printf.c                         0x00000000   Number         0  _printf_hex_ll.o ABSOLUTE
    ../clib/printf.c                         0x00000000   Number         0  c89vprintf.o ABSOLUTE
    ../clib/printf.c                         0x00000000   Number         0  __2snprintf.o ABSOLUTE
    ../clib/printf.c                         0x00000000   Number         0  noretval__2snprintf.o ABSOLUTE
    ../clib/printf_percent.s                 0x00000000   Number         0  _printf_o.o ABSOLUTE
    ../clib/printf_percent.s                 0x00000000   Number         0  _printf_i.o ABSOLUTE
    ../clib/printf_percent.s                 0x00000000   Number         0  _printf_d.o ABSOLUTE
    ../clib/printf_percent.s                 0x00000000   Number         0  _printf_lli.o ABSOLUTE
    ../clib/printf_percent.s                 0x00000000   Number         0  _printf_e.o ABSOLUTE
    ../clib/printf_percent.s                 0x00000000   Number         0  _printf_l.o ABSOLUTE
    ../clib/printf_percent.s                 0x00000000   Number         0  _printf_x.o ABSOLUTE
    ../clib/printf_percent.s                 0x00000000   Number         0  _printf_lc.o ABSOLUTE
    ../clib/printf_percent.s                 0x00000000   Number         0  _printf_a.o ABSOLUTE
    ../clib/printf_percent.s                 0x00000000   Number         0  _printf_c.o ABSOLUTE
    ../clib/printf_percent.s                 0x00000000   Number         0  _printf_ls.o ABSOLUTE
    ../clib/printf_percent.s                 0x00000000   Number         0  _printf_n.o ABSOLUTE
    ../clib/printf_percent.s                 0x00000000   Number         0  _printf_f.o ABSOLUTE
    ../clib/printf_percent.s                 0x00000000   Number         0  _printf_lld.o ABSOLUTE
    ../clib/printf_percent.s                 0x00000000   Number         0  _printf_g.o ABSOLUTE
    ../clib/printf_percent.s                 0x00000000   Number         0  _printf_llx.o ABSOLUTE
    ../clib/printf_percent.s                 0x00000000   Number         0  _printf_llo.o ABSOLUTE
    ../clib/printf_percent.s                 0x00000000   Number         0  _printf_p.o ABSOLUTE
    ../clib/printf_percent.s                 0x00000000   Number         0  _printf_ll.o ABSOLUTE
    ../clib/printf_percent.s                 0x00000000   Number         0  _printf_llu.o ABSOLUTE
    ../clib/printf_percent.s                 0x00000000   Number         0  _printf_percent.o ABSOLUTE
    ../clib/printf_percent.s                 0x00000000   Number         0  _printf_u.o ABSOLUTE
    ../clib/printf_percent.s                 0x00000000   Number         0  _printf_percent_end.o ABSOLUTE
    ../clib/printf_percent.s                 0x00000000   Number         0  _printf_s.o ABSOLUTE
    ../clib/signal.c                         0x00000000   Number         0  defsig_pvfn_inner.o ABSOLUTE
    ../clib/signal.c                         0x00000000   Number         0  defsig_exit.o ABSOLUTE
    ../clib/signal.c                         0x00000000   Number         0  defsig_rtmem_inner.o ABSOLUTE
    ../clib/signal.c                         0x00000000   Number         0  __raise.o ABSOLUTE
    ../clib/signal.c                         0x00000000   Number         0  defsig_rtmem_formal.o ABSOLUTE
    ../clib/signal.c                         0x00000000   Number         0  defsig_general.o ABSOLUTE
    ../clib/signal.c                         0x00000000   Number         0  defsig_abrt_inner.o ABSOLUTE
    ../clib/signal.c                         0x00000000   Number         0  defsig_rtmem_outer.o ABSOLUTE
    ../clib/signal.c                         0x00000000   Number         0  defsig_fpe_inner.o ABSOLUTE
    ../clib/signal.c                         0x00000000   Number         0  defsig_rtred_inner.o ABSOLUTE
    ../clib/signal.c                         0x00000000   Number         0  defsig_stak_inner.o ABSOLUTE
    ../clib/signal.c                         0x00000000   Number         0  defsig_cppl_inner.o ABSOLUTE
    ../clib/signal.c                         0x00000000   Number         0  defsig_segv_inner.o ABSOLUTE
    ../clib/signal.c                         0x00000000   Number         0  defsig_other.o ABSOLUTE
    ../clib/signal.s                         0x00000000   Number         0  defsig.o ABSOLUTE
    ../clib/stdlib.c                         0x00000000   Number         0  exit.o ABSOLUTE
    ../fplib/fpinit.s                        0x00000000   Number         0  fpinit.o ABSOLUTE
    ../fplib/istatus.s                       0x00000000   Number         0  istatus.o ABSOLUTE
    ../fplib/printf1.s                       0x00000000   Number         0  printf1.o ABSOLUTE
    ../fplib/usenofp.s                       0x00000000   Number         0  usenofp.o ABSOLUTE
    ../mathlib/fpclassify.c                  0x00000000   Number         0  fpclassify.o ABSOLUTE
    RTE\Device\LPC4088FET208\startup_LPC407x_8x_177x_8x.s 0x00000000   Number         0  startup_lpc407x_8x_177x_8x.o ABSOLUTE
    RTE\Device\LPC4088FET208\system_LPC407x_8x_177x_8x.c 0x00000000   Number         0  system_lpc407x_8x_177x_8x.o ABSOLUTE
    RTE\\Device\\LPC4088FET208\\system_LPC407x_8x_177x_8x.c 0x00000000   Number         0  system_lpc407x_8x_177x_8x.o ABSOLUTE
    dc.s                                     0x00000000   Number         0  dc.o ABSOLUTE
    error.c                                  0x00000000   Number         0  error.o ABSOLUTE
    error.c                                  0x00000000   Number         0  error.o ABSOLUTE
    font_12x24.c                             0x00000000   Number         0  font_12x24.o ABSOLUTE
    font_16x32.c                             0x00000000   Number         0  font_16x32.o ABSOLUTE
    font_8x16.c                              0x00000000   Number         0  font_8x16.o ABSOLUTE
    glcd.c                                   0x00000000   Number         0  glcd.o ABSOLUTE
    glcd.c                                   0x00000000   Number         0  glcd.o ABSOLUTE
    gpio_lpc40xx.c                           0x00000000   Number         0  gpio_lpc40xx.o ABSOLUTE
    gpio_lpc40xx.c                           0x00000000   Number         0  gpio_lpc40xx.o ABSOLUTE
    joystick.c                               0x00000000   Number         0  joystick.o ABSOLUTE
    joystick.c                               0x00000000   Number         0  joystick.o ABSOLUTE
    leds.c                                   0x00000000   Number         0  leds.o ABSOLUTE
    leds.c                                   0x00000000   Number         0  leds.o ABSOLUTE
    main.c                                   0x00000000   Number         0  main.o ABSOLUTE
    main.c                                   0x00000000   Number         0  main.o ABSOLUTE
    sdram.c                                  0x00000000   Number         0  sdram.o ABSOLUTE
    sdram.c                                  0x00000000   Number         0  sdram.o ABSOLUTE
    sonido.c                                 0x00000000   Number         0  sonido.o ABSOLUTE
    sonido.c                                 0x00000000   Number         0  sonido.o ABSOLUTE
    timer_lpc40xx.c                          0x00000000   Number         0  timer_lpc40xx.o ABSOLUTE
    timer_lpc40xx.c                          0x00000000   Number         0  timer_lpc40xx.o ABSOLUTE
    !!!main                                  0x000000e4   Section        8  __main.o(!!!main)
    !!!scatter                               0x000000ec   Section       52  __scatter.o(!!!scatter)
    !!handler_copy                           0x00000120   Section       26  __scatter_copy.o(!!handler_copy)
    !!handler_zi                             0x0000013c   Section       28  __scatter_zi.o(!!handler_zi)
    .ARM.Collect$$_printf_percent$$00000000  0x00000158   Section        0  _printf_percent.o(.ARM.Collect$$_printf_percent$$00000000)
    .ARM.Collect$$_printf_percent$$0000000A  0x00000158   Section        6  _printf_u.o(.ARM.Collect$$_printf_percent$$0000000A)
    .ARM.Collect$$_printf_percent$$00000014  0x0000015e   Section        6  _printf_s.o(.ARM.Collect$$_printf_percent$$00000014)
    .ARM.Collect$$_printf_percent$$00000017  0x00000164   Section        4  _printf_percent_end.o(.ARM.Collect$$_printf_percent$$00000017)
    .ARM.Collect$$libinit$$00000000          0x00000168   Section        2  libinit.o(.ARM.Collect$$libinit$$00000000)
    .ARM.Collect$$libinit$$00000001          0x0000016a   Section        4  libinit2.o(.ARM.Collect$$libinit$$00000001)
    .ARM.Collect$$libinit$$00000004          0x0000016e   Section        0  libinit2.o(.ARM.Collect$$libinit$$00000004)
    .ARM.Collect$$libinit$$0000000A          0x0000016e   Section        0  libinit2.o(.ARM.Collect$$libinit$$0000000A)
    .ARM.Collect$$libinit$$0000000C          0x0000016e   Section        0  libinit2.o(.ARM.Collect$$libinit$$0000000C)
    .ARM.Collect$$libinit$$0000000E          0x0000016e   Section        0  libinit2.o(.ARM.Collect$$libinit$$0000000E)
    .ARM.Collect$$libinit$$00000011          0x0000016e   Section        0  libinit2.o(.ARM.Collect$$libinit$$00000011)
    .ARM.Collect$$libinit$$00000013          0x0000016e   Section        0  libinit2.o(.ARM.Collect$$libinit$$00000013)
    .ARM.Collect$$libinit$$00000015          0x0000016e   Section        0  libinit2.o(.ARM.Collect$$libinit$$00000015)
    .ARM.Collect$$libinit$$00000017          0x0000016e   Section        0  libinit2.o(.ARM.Collect$$libinit$$00000017)
    .ARM.Collect$$libinit$$00000019          0x0000016e   Section        0  libinit2.o(.ARM.Collect$$libinit$$00000019)
    .ARM.Collect$$libinit$$0000001B          0x0000016e   Section        0  libinit2.o(.ARM.Collect$$libinit$$0000001B)
    .ARM.Collect$$libinit$$0000001D          0x0000016e   Section        0  libinit2.o(.ARM.Collect$$libinit$$0000001D)
    .ARM.Collect$$libinit$$0000001F          0x0000016e   Section        0  libinit2.o(.ARM.Collect$$libinit$$0000001F)
    .ARM.Collect$$libinit$$00000021          0x0000016e   Section        0  libinit2.o(.ARM.Collect$$libinit$$00000021)
    .ARM.Collect$$libinit$$00000023          0x0000016e   Section        0  libinit2.o(.ARM.Collect$$libinit$$00000023)
    .ARM.Collect$$libinit$$00000025          0x0000016e   Section        0  libinit2.o(.ARM.Collect$$libinit$$00000025)
    .ARM.Collect$$libinit$$0000002C          0x0000016e   Section        0  libinit2.o(.ARM.Collect$$libinit$$0000002C)
    .ARM.Collect$$libinit$$0000002E          0x0000016e   Section        0  libinit2.o(.ARM.Collect$$libinit$$0000002E)
    .ARM.Collect$$libinit$$00000030          0x0000016e   Section        0  libinit2.o(.ARM.Collect$$libinit$$00000030)
    .ARM.Collect$$libinit$$00000032          0x0000016e   Section        0  libinit2.o(.ARM.Collect$$libinit$$00000032)
    .ARM.Collect$$libinit$$00000033          0x0000016e   Section        2  libinit2.o(.ARM.Collect$$libinit$$00000033)
    .ARM.Collect$$libshutdown$$00000000      0x00000170   Section        2  libshutdown.o(.ARM.Collect$$libshutdown$$00000000)
    .ARM.Collect$$libshutdown$$00000003      0x00000172   Section        0  libshutdown2.o(.ARM.Collect$$libshutdown$$00000003)
    .ARM.Collect$$libshutdown$$00000006      0x00000172   Section        0  libshutdown2.o(.ARM.Collect$$libshutdown$$00000006)
    .ARM.Collect$$libshutdown$$00000009      0x00000172   Section        0  libshutdown2.o(.ARM.Collect$$libshutdown$$00000009)
    .ARM.Collect$$libshutdown$$0000000B      0x00000172   Section        0  libshutdown2.o(.ARM.Collect$$libshutdown$$0000000B)
    .ARM.Collect$$libshutdown$$0000000E      0x00000172   Section        0  libshutdown2.o(.ARM.Collect$$libshutdown$$0000000E)
    .ARM.Collect$$libshutdown$$0000000F      0x00000172   Section        2  libshutdown2.o(.ARM.Collect$$libshutdown$$0000000F)
    .ARM.Collect$$rtentry$$00000000          0x00000174   Section        0  __rtentry.o(.ARM.Collect$$rtentry$$00000000)
    .ARM.Collect$$rtentry$$00000002          0x00000174   Section        0  __rtentry2.o(.ARM.Collect$$rtentry$$00000002)
    .ARM.Collect$$rtentry$$00000004          0x00000174   Section        6  __rtentry4.o(.ARM.Collect$$rtentry$$00000004)
    .ARM.Collect$$rtentry$$00000009          0x0000017a   Section        0  __rtentry2.o(.ARM.Collect$$rtentry$$00000009)
    .ARM.Collect$$rtentry$$0000000A          0x0000017a   Section        4  __rtentry2.o(.ARM.Collect$$rtentry$$0000000A)
    .ARM.Collect$$rtentry$$0000000C          0x0000017e   Section        0  __rtentry2.o(.ARM.Collect$$rtentry$$0000000C)
    .ARM.Collect$$rtentry$$0000000D          0x0000017e   Section        8  __rtentry2.o(.ARM.Collect$$rtentry$$0000000D)
    .ARM.Collect$$rtexit$$00000000           0x00000186   Section        2  rtexit.o(.ARM.Collect$$rtexit$$00000000)
    .ARM.Collect$$rtexit$$00000002           0x00000188   Section        0  rtexit2.o(.ARM.Collect$$rtexit$$00000002)
    .ARM.Collect$$rtexit$$00000003           0x00000188   Section        4  rtexit2.o(.ARM.Collect$$rtexit$$00000003)
    .ARM.Collect$$rtexit$$00000004           0x0000018c   Section        6  rtexit2.o(.ARM.Collect$$rtexit$$00000004)
    .text                                    0x00000194   Section       60  startup_lpc407x_8x_177x_8x.o(.text)
    $v0                                      0x00000194   Number         0  startup_lpc407x_8x_177x_8x.o(.text)
    .text                                    0x000001d0   Section        2  use_no_semi.o(.text)
    .text                                    0x000001d4   Section        0  __2snprintf.o(.text)
    .text                                    0x0000020c   Section        0  _printf_str.o(.text)
    .text                                    0x00000260   Section        0  _printf_dec.o(.text)
    .text                                    0x000002d8   Section        0  heapauxi.o(.text)
    .text                                    0x000002de   Section        0  _sputc.o(.text)
    .text                                    0x000002e8   Section        0  _snputc.o(.text)
    i._sys_exit                              0x000002f8   Section        0  glcd.o(i._sys_exit)
    .ARM.__at_0x02FC                         0x000002fc   Section        4  startup_lpc407x_8x_177x_8x.o(.ARM.__at_0x02FC)
    .text                                    0x00000300   Section        0  __printf_flags_ss_wp.o(.text)
    .text                                    0x00000488   Section      100  rt_memcpy_w.o(.text)
    .text                                    0x000004ec   Section        0  _printf_intcommon.o(.text)
    .text                                    0x000005a0   Section        0  _printf_char_common.o(.text)
    _printf_input_char                       0x000005a1   Thumb Code    10  _printf_char_common.o(.text)
    .text                                    0x000005d0   Section        0  _printf_char.o(.text)
    .text                                    0x000005fc   Section       74  sys_stackheap_outer.o(.text)
    .text                                    0x00000646   Section        0  exit.o(.text)
    .text                                    0x00000654   Section        8  libspace.o(.text)
    i.SystemCoreClockUpdate                  0x0000065c   Section        0  system_lpc407x_8x_177x_8x.o(i.SystemCoreClockUpdate)
    i.SystemInit                             0x00000930   Section        0  system_lpc407x_8x_177x_8x.o(i.SystemInit)
    i.SystemInit_ExtMemCtl                   0x00000a20   Section        0  system_lpc407x_8x_177x_8x.o(i.SystemInit_ExtMemCtl)
    i.TIMER3_IRQHandler                      0x00000c18   Section        0  sonido.o(i.TIMER3_IRQHandler)
    i._DelayMs                               0x00000c74   Section        0  system_lpc407x_8x_177x_8x.o(i._DelayMs)
    _DelayMs                                 0x00000c75   Thumb Code    38  system_lpc407x_8x_177x_8x.o(i._DelayMs)
    i._is_digit                              0x00000ca0   Section        0  __printf_wp.o(i._is_digit)
    i.fpu_init                               0x00000cb0   Section        0  system_lpc407x_8x_177x_8x.o(i.fpu_init)
    i.glcd_caracter                          0x00000d00   Section        0  glcd.o(i.glcd_caracter)
    i.glcd_texto                             0x00000e18   Section        0  glcd.o(i.glcd_texto)
    i.main                                   0x00000ee4   Section        0  main.o(i.main)
    i.parar_con_error                        0x00000efc   Section        0  error.o(i.parar_con_error)
    i.sonido_inicializar                     0x00000fc8   Section        0  sonido.o(i.sonido_inicializar)
    i.timer_inicializar                      0x00001070   Section        0  timer_lpc40xx.o(i.timer_inicializar)
    x$fpl$fpinit                             0x00001190   Section       10  fpinit.o(x$fpl$fpinit)
    $v0                                      0x00001190   Number         0  fpinit.o(x$fpl$fpinit)
    .constdata                               0x0000119c   Section     3604  font_8x16.o(.constdata)
    .constdata                               0x00001fb0   Section    10772  font_12x24.o(.constdata)
    .constdata                               0x000049c4   Section    14356  font_16x32.o(.constdata)
    .constdata                               0x000081d8   Section       47  glcd.o(.constdata)
    __FUNCTION__                             0x000081d8   Data          22  glcd.o(.constdata)
    __FUNCTION__                             0x000081ee   Data          14  glcd.o(.constdata)
    __FUNCTION__                             0x000081fc   Data          11  glcd.o(.constdata)
    .constdata                               0x00008208   Section       79  main.o(.constdata)
    .constdata                               0x00008258   Section      228  sonido.o(.constdata)
    __FUNCTION__                             0x00008306   Data          26  sonido.o(.constdata)
    __FUNCTION__                             0x00008320   Data          28  sonido.o(.constdata)
    .constdata                               0x0000833c   Section      208  timer_lpc40xx.o(.constdata)
    __FUNCTION__                             0x0000833c   Data          18  timer_lpc40xx.o(.constdata)
    __FUNCTION__                             0x0000834e   Data          17  timer_lpc40xx.o(.constdata)
    __FUNCTION__                             0x0000835f   Data          17  timer_lpc40xx.o(.constdata)
    __FUNCTION__                             0x00008370   Data          24  timer_lpc40xx.o(.constdata)
    __FUNCTION__                             0x00008388   Data          24  timer_lpc40xx.o(.constdata)
    __FUNCTION__                             0x000083a0   Data          24  timer_lpc40xx.o(.constdata)
    __FUNCTION__                             0x000083b8   Data          24  timer_lpc40xx.o(.constdata)
    __FUNCTION__                             0x000083d0   Data          24  timer_lpc40xx.o(.constdata)
    __FUNCTION__                             0x000083e8   Data          11  timer_lpc40xx.o(.constdata)
    __FUNCTION__                             0x000083f3   Data          25  timer_lpc40xx.o(.constdata)
    .constdata                               0x0000840c   Section       17  __printf_flags_ss_wp.o(.constdata)
    maptable                                 0x0000840c   Data          17  __printf_flags_ss_wp.o(.constdata)
    .data                                    0x10000000   Section       44  glcd.o(.data)
    tabla_fonts                              0x10000000   Data          12  glcd.o(.data)
    color_texto_actual                       0x1000000c   Data           2  glcd.o(.data)
    color_fondo_texto_actual                 0x1000000e   Data           2  glcd.o(.data)
    font_actual                              0x10000010   Data           4  glcd.o(.data)
    x_texto_actual                           0x10000014   Data           4  glcd.o(.data)
    y_texto_actual                           0x10000018   Data           4  glcd.o(.data)
    desplazamiento_activado                  0x1000001c   Data           1  glcd.o(.data)
    .data                                    0x1000002c   Section        5  sonido.o(.data)
    ptr_melodia                              0x1000002c   Data           4  sonido.o(.data)
    reproduciendo                            0x10000030   Data           1  sonido.o(.data)
    .data                                    0x10000034   Section       16  system_lpc407x_8x_177x_8x.o(.data)
    .bss                                     0x10000044   Section       96  libspace.o(.bss)
    HEAP                                     0x100000a8   Section        0  startup_lpc407x_8x_177x_8x.o(HEAP)
    STACK                                    0x100000a8   Section     1024  startup_lpc407x_8x_177x_8x.o(STACK)
    Heap_Mem                                 0x100000a8   Data           0  startup_lpc407x_8x_177x_8x.o(HEAP)
    Stack_Mem                                0x100000a8   Data        1024  startup_lpc407x_8x_177x_8x.o(STACK)
    __initial_sp                             0x100004a8   Data           0  startup_lpc407x_8x_177x_8x.o(STACK)

    Global Symbols

    Symbol Name                              Value     Ov Type        Size  Object(Section)

    BuildAttributes$$THM_ISAv4$E$P$D$K$B$S$7EM$VFPi3$EXTD16$VFPS$VFMA$PE$A:L22UL41UL21$X:L11$S22US41US21$IEEE1$IW$USESV6$~STKCKD$USESV7$~SHL$OTIME$ROPI$IEEEJ$EBA8$UX$STANDARDLIB$REQ8$PRES8$EABIv2 0x00000000   Number         0  anon$$obj.o ABSOLUTE
    __ARM_use_no_argv                        0x00000000   Number         0  main.o ABSOLUTE
    __Vectors                                0x00000000   Data           4  startup_lpc407x_8x_177x_8x.o(RESET)
    _printf_flags                            0x00000000   Number         0  printf_stubs.o ABSOLUTE
    _printf_return_value                     0x00000000   Number         0  printf_stubs.o ABSOLUTE
    _printf_sizespec                         0x00000000   Number         0  printf_stubs.o ABSOLUTE
    _printf_widthprec                        0x00000000   Number         0  printf_stubs.o ABSOLUTE
    __ARM_exceptions_init                     - Undefined Weak Reference
    __alloca_initialize                       - Undefined Weak Reference
    __arm_preinit_                            - Undefined Weak Reference
    __cpp_initialize__aeabi_                  - Undefined Weak Reference
    __cxa_finalize                            - Undefined Weak Reference
    __sigvec_lookup                           - Undefined Weak Reference
    _atexit_init                              - Undefined Weak Reference
    _call_atexit_fns                          - Undefined Weak Reference
    _clock_init                               - Undefined Weak Reference
    _fp_trap_init                             - Undefined Weak Reference
    _fp_trap_shutdown                         - Undefined Weak Reference
    _get_lc_collate                           - Undefined Weak Reference
    _get_lc_monetary                          - Undefined Weak Reference
    _get_lc_time                              - Undefined Weak Reference
    _getenv_init                              - Undefined Weak Reference
    _handle_redirection                       - Undefined Weak Reference
    _init_alloc                               - Undefined Weak Reference
    _init_user_alloc                          - Undefined Weak Reference
    _initio                                   - Undefined Weak Reference
    _printf_fp_hex                            - Undefined Weak Reference
    _printf_mbtowc                            - Undefined Weak Reference
    _printf_wc                                - Undefined Weak Reference
    _rand_init                                - Undefined Weak Reference
    _signal_finish                            - Undefined Weak Reference
    _signal_init                              - Undefined Weak Reference
    _terminate_alloc                          - Undefined Weak Reference
    _terminate_user_alloc                     - Undefined Weak Reference
    _terminateio                              - Undefined Weak Reference
    __main                                   0x000000e5   Thumb Code     8  __main.o(!!!main)
    __scatterload                            0x000000ed   Thumb Code     0  __scatter.o(!!!scatter)
    __scatterload_rt2                        0x000000ed   Thumb Code    44  __scatter.o(!!!scatter)
    __scatterload_rt2_thumb_only             0x000000ed   Thumb Code     0  __scatter.o(!!!scatter)
    __scatterload_null                       0x000000fb   Thumb Code     0  __scatter.o(!!!scatter)
    __scatterload_copy                       0x00000121   Thumb Code    26  __scatter_copy.o(!!handler_copy)
    __scatterload_zeroinit                   0x0000013d   Thumb Code    28  __scatter_zi.o(!!handler_zi)
    _printf_percent                          0x00000159   Thumb Code     0  _printf_percent.o(.ARM.Collect$$_printf_percent$$00000000)
    _printf_u                                0x00000159   Thumb Code     0  _printf_u.o(.ARM.Collect$$_printf_percent$$0000000A)
    _printf_s                                0x0000015f   Thumb Code     0  _printf_s.o(.ARM.Collect$$_printf_percent$$00000014)
    _printf_percent_end                      0x00000165   Thumb Code     0  _printf_percent_end.o(.ARM.Collect$$_printf_percent$$00000017)
    __rt_lib_init                            0x00000169   Thumb Code     0  libinit.o(.ARM.Collect$$libinit$$00000000)
    __rt_lib_init_fp_1                       0x0000016b   Thumb Code     0  libinit2.o(.ARM.Collect$$libinit$$00000001)
    __rt_lib_init_alloca_1                   0x0000016f   Thumb Code     0  libinit2.o(.ARM.Collect$$libinit$$0000002E)
    __rt_lib_init_argv_1                     0x0000016f   Thumb Code     0  libinit2.o(.ARM.Collect$$libinit$$0000002C)
    __rt_lib_init_atexit_1                   0x0000016f   Thumb Code     0  libinit2.o(.ARM.Collect$$libinit$$0000001B)
    __rt_lib_init_clock_1                    0x0000016f   Thumb Code     0  libinit2.o(.ARM.Collect$$libinit$$00000021)
    __rt_lib_init_cpp_1                      0x0000016f   Thumb Code     0  libinit2.o(.ARM.Collect$$libinit$$00000032)
    __rt_lib_init_exceptions_1               0x0000016f   Thumb Code     0  libinit2.o(.ARM.Collect$$libinit$$00000030)
    __rt_lib_init_fp_trap_1                  0x0000016f   Thumb Code     0  libinit2.o(.ARM.Collect$$libinit$$0000001F)
    __rt_lib_init_getenv_1                   0x0000016f   Thumb Code     0  libinit2.o(.ARM.Collect$$libinit$$00000023)
    __rt_lib_init_heap_1                     0x0000016f   Thumb Code     0  libinit2.o(.ARM.Collect$$libinit$$0000000A)
    __rt_lib_init_lc_collate_1               0x0000016f   Thumb Code     0  libinit2.o(.ARM.Collect$$libinit$$00000011)
    __rt_lib_init_lc_ctype_1                 0x0000016f   Thumb Code     0  libinit2.o(.ARM.Collect$$libinit$$00000013)
    __rt_lib_init_lc_monetary_1              0x0000016f   Thumb Code     0  libinit2.o(.ARM.Collect$$libinit$$00000015)
    __rt_lib_init_lc_numeric_1               0x0000016f   Thumb Code     0  libinit2.o(.ARM.Collect$$libinit$$00000017)
    __rt_lib_init_lc_time_1                  0x0000016f   Thumb Code     0  libinit2.o(.ARM.Collect$$libinit$$00000019)
    __rt_lib_init_preinit_1                  0x0000016f   Thumb Code     0  libinit2.o(.ARM.Collect$$libinit$$00000004)
    __rt_lib_init_rand_1                     0x0000016f   Thumb Code     0  libinit2.o(.ARM.Collect$$libinit$$0000000E)
    __rt_lib_init_return                     0x0000016f   Thumb Code     0  libinit2.o(.ARM.Collect$$libinit$$00000033)
    __rt_lib_init_signal_1                   0x0000016f   Thumb Code     0  libinit2.o(.ARM.Collect$$libinit$$0000001D)
    __rt_lib_init_stdio_1                    0x0000016f   Thumb Code     0  libinit2.o(.ARM.Collect$$libinit$$00000025)
    __rt_lib_init_user_alloc_1               0x0000016f   Thumb Code     0  libinit2.o(.ARM.Collect$$libinit$$0000000C)
    __rt_lib_shutdown                        0x00000171   Thumb Code     0  libshutdown.o(.ARM.Collect$$libshutdown$$00000000)
    __rt_lib_shutdown_fp_trap_1              0x00000173   Thumb Code     0  libshutdown2.o(.ARM.Collect$$libshutdown$$00000006)
    __rt_lib_shutdown_heap_1                 0x00000173   Thumb Code     0  libshutdown2.o(.ARM.Collect$$libshutdown$$0000000E)
    __rt_lib_shutdown_return                 0x00000173   Thumb Code     0  libshutdown2.o(.ARM.Collect$$libshutdown$$0000000F)
    __rt_lib_shutdown_signal_1               0x00000173   Thumb Code     0  libshutdown2.o(.ARM.Collect$$libshutdown$$00000009)
    __rt_lib_shutdown_stdio_1                0x00000173   Thumb Code     0  libshutdown2.o(.ARM.Collect$$libshutdown$$00000003)
    __rt_lib_shutdown_user_alloc_1           0x00000173   Thumb Code     0  libshutdown2.o(.ARM.Collect$$libshutdown$$0000000B)
    __rt_entry                               0x00000175   Thumb Code     0  __rtentry.o(.ARM.Collect$$rtentry$$00000000)
    __rt_entry_presh_1                       0x00000175   Thumb Code     0  __rtentry2.o(.ARM.Collect$$rtentry$$00000002)
    __rt_entry_sh                            0x00000175   Thumb Code     0  __rtentry4.o(.ARM.Collect$$rtentry$$00000004)
    __rt_entry_li                            0x0000017b   Thumb Code     0  __rtentry2.o(.ARM.Collect$$rtentry$$0000000A)
    __rt_entry_postsh_1                      0x0000017b   Thumb Code     0  __rtentry2.o(.ARM.Collect$$rtentry$$00000009)
    __rt_entry_main                          0x0000017f   Thumb Code     0  __rtentry2.o(.ARM.Collect$$rtentry$$0000000D)
    __rt_entry_postli_1                      0x0000017f   Thumb Code     0  __rtentry2.o(.ARM.Collect$$rtentry$$0000000C)
    __rt_exit                                0x00000187   Thumb Code     0  rtexit.o(.ARM.Collect$$rtexit$$00000000)
    __rt_exit_ls                             0x00000189   Thumb Code     0  rtexit2.o(.ARM.Collect$$rtexit$$00000003)
    __rt_exit_prels_1                        0x00000189   Thumb Code     0  rtexit2.o(.ARM.Collect$$rtexit$$00000002)
    __rt_exit_exit                           0x0000018d   Thumb Code     0  rtexit2.o(.ARM.Collect$$rtexit$$00000004)
    Reset_Handler                            0x00000195   Thumb Code     8  startup_lpc407x_8x_177x_8x.o(.text)
    NMI_Handler                              0x0000019d   Thumb Code     2  startup_lpc407x_8x_177x_8x.o(.text)
    HardFault_Handler                        0x0000019f   Thumb Code     2  startup_lpc407x_8x_177x_8x.o(.text)
    MemManage_Handler                        0x000001a1   Thumb Code     2  startup_lpc407x_8x_177x_8x.o(.text)
    BusFault_Handler                         0x000001a3   Thumb Code     2  startup_lpc407x_8x_177x_8x.o(.text)
    UsageFault_Handler                       0x000001a5   Thumb Code     2  startup_lpc407x_8x_177x_8x.o(.text)
    SVC_Handler                              0x000001a7   Thumb Code     2  startup_lpc407x_8x_177x_8x.o(.text)
    DebugMon_Handler                         0x000001a9   Thumb Code     2  startup_lpc407x_8x_177x_8x.o(.text)
    PendSV_Handler                           0x000001ab   Thumb Code     2  startup_lpc407x_8x_177x_8x.o(.text)
    SysTick_Handler                          0x000001ad   Thumb Code     2  startup_lpc407x_8x_177x_8x.o(.text)
    ADC_IRQHandler                           0x000001af   Thumb Code     0  startup_lpc407x_8x_177x_8x.o(.text)
    BOD_IRQHandler                           0x000001af   Thumb Code     0  startup_lpc407x_8x_177x_8x.o(.text)
    CANActivity_IRQHandler                   0x000001af   Thumb Code     0  startup_lpc407x_8x_177x_8x.o(.text)
    CAN_IRQHandler                           0x000001af   Thumb Code     0  startup_lpc407x_8x_177x_8x.o(.text)
    DMA_IRQHandler                           0x000001af   Thumb Code     0  startup_lpc407x_8x_177x_8x.o(.text)
    EEPROM_IRQHandler                        0x000001af   Thumb Code     0  startup_lpc407x_8x_177x_8x.o(.text)
    EINT0_IRQHandler                         0x000001af   Thumb Code     0  startup_lpc407x_8x_177x_8x.o(.text)
    EINT1_IRQHandler                         0x000001af   Thumb Code     0  startup_lpc407x_8x_177x_8x.o(.text)
    EINT2_IRQHandler                         0x000001af   Thumb Code     0  startup_lpc407x_8x_177x_8x.o(.text)
    EINT3_IRQHandler                         0x000001af   Thumb Code     0  startup_lpc407x_8x_177x_8x.o(.text)
    ENET_IRQHandler                          0x000001af   Thumb Code     0  startup_lpc407x_8x_177x_8x.o(.text)
    GPIO_IRQHandler                          0x000001af   Thumb Code     0  startup_lpc407x_8x_177x_8x.o(.text)
    I2C0_IRQHandler                          0x000001af   Thumb Code     0  startup_lpc407x_8x_177x_8x.o(.text)
    I2C1_IRQHandler                          0x000001af   Thumb Code     0  startup_lpc407x_8x_177x_8x.o(.text)
    I2C2_IRQHandler                          0x000001af   Thumb Code     0  startup_lpc407x_8x_177x_8x.o(.text)
    I2S_IRQHandler                           0x000001af   Thumb Code     0  startup_lpc407x_8x_177x_8x.o(.text)
    LCD_IRQHandler                           0x000001af   Thumb Code     0  startup_lpc407x_8x_177x_8x.o(.text)
    MCI_IRQHandler                           0x000001af   Thumb Code     0  startup_lpc407x_8x_177x_8x.o(.text)
    MCPWM_IRQHandler                         0x000001af   Thumb Code     0  startup_lpc407x_8x_177x_8x.o(.text)
    PLL0_IRQHandler                          0x000001af   Thumb Code     0  startup_lpc407x_8x_177x_8x.o(.text)
    PLL1_IRQHandler                          0x000001af   Thumb Code     0  startup_lpc407x_8x_177x_8x.o(.text)
    PWM0_IRQHandler                          0x000001af   Thumb Code     0  startup_lpc407x_8x_177x_8x.o(.text)
    PWM1_IRQHandler                          0x000001af   Thumb Code     0  startup_lpc407x_8x_177x_8x.o(.text)
    QEI_IRQHandler                           0x000001af   Thumb Code     0  startup_lpc407x_8x_177x_8x.o(.text)
    RTC_IRQHandler                           0x000001af   Thumb Code     0  startup_lpc407x_8x_177x_8x.o(.text)
    SSP0_IRQHandler                          0x000001af   Thumb Code     0  startup_lpc407x_8x_177x_8x.o(.text)
    SSP1_IRQHandler                          0x000001af   Thumb Code     0  startup_lpc407x_8x_177x_8x.o(.text)
    SSP2_IRQHandler                          0x000001af   Thumb Code     0  startup_lpc407x_8x_177x_8x.o(.text)
    TIMER0_IRQHandler                        0x000001af   Thumb Code     0  startup_lpc407x_8x_177x_8x.o(.text)
    TIMER1_IRQHandler                        0x000001af   Thumb Code     0  startup_lpc407x_8x_177x_8x.o(.text)
    TIMER2_IRQHandler                        0x000001af   Thumb Code     0  startup_lpc407x_8x_177x_8x.o(.text)
    UART0_IRQHandler                         0x000001af   Thumb Code     0  startup_lpc407x_8x_177x_8x.o(.text)
    UART1_IRQHandler                         0x000001af   Thumb Code     0  startup_lpc407x_8x_177x_8x.o(.text)
    UART2_IRQHandler                         0x000001af   Thumb Code     0  startup_lpc407x_8x_177x_8x.o(.text)
    UART3_IRQHandler                         0x000001af   Thumb Code     0  startup_lpc407x_8x_177x_8x.o(.text)
    UART4_IRQHandler                         0x000001af   Thumb Code     0  startup_lpc407x_8x_177x_8x.o(.text)
    USBActivity_IRQHandler                   0x000001af   Thumb Code     0  startup_lpc407x_8x_177x_8x.o(.text)
    USB_IRQHandler                           0x000001af   Thumb Code     0  startup_lpc407x_8x_177x_8x.o(.text)
    WDT_IRQHandler                           0x000001af   Thumb Code     0  startup_lpc407x_8x_177x_8x.o(.text)
    __user_initial_stackheap                 0x000001b1   Thumb Code     0  startup_lpc407x_8x_177x_8x.o(.text)
    __I$use$semihosting                      0x000001d1   Thumb Code     0  use_no_semi.o(.text)
    __use_no_semihosting_swi                 0x000001d1   Thumb Code     2  use_no_semi.o(.text)
    __2snprintf                              0x000001d5   Thumb Code    50  __2snprintf.o(.text)
    _printf_str                              0x0000020d   Thumb Code    82  _printf_str.o(.text)
    _printf_int_dec                          0x00000261   Thumb Code   104  _printf_dec.o(.text)
    __use_two_region_memory                  0x000002d9   Thumb Code     2  heapauxi.o(.text)
    __rt_heap_escrow$2region                 0x000002db   Thumb Code     2  heapauxi.o(.text)
    __rt_heap_expand$2region                 0x000002dd   Thumb Code     2  heapauxi.o(.text)
    _sputc                                   0x000002df   Thumb Code    10  _sputc.o(.text)
    _snputc                                  0x000002e9   Thumb Code    16  _snputc.o(.text)
    _sys_exit                                0x000002f9   Thumb Code     4  glcd.o(i._sys_exit)
    __printf                                 0x00000301   Thumb Code   388  __printf_flags_ss_wp.o(.text)
    __aeabi_memcpy4                          0x00000489   Thumb Code     0  rt_memcpy_w.o(.text)
    __aeabi_memcpy8                          0x00000489   Thumb Code     0  rt_memcpy_w.o(.text)
    __rt_memcpy_w                            0x00000489   Thumb Code   100  rt_memcpy_w.o(.text)
    _memcpy_lastbytes_aligned                0x000004d1   Thumb Code     0  rt_memcpy_w.o(.text)
    _printf_int_common                       0x000004ed   Thumb Code   178  _printf_intcommon.o(.text)
    _printf_char_common                      0x000005ab   Thumb Code    32  _printf_char_common.o(.text)
    _printf_cs_common                        0x000005d1   Thumb Code    20  _printf_char.o(.text)
    _printf_char                             0x000005e5   Thumb Code    16  _printf_char.o(.text)
    _printf_string                           0x000005f5   Thumb Code     8  _printf_char.o(.text)
    __user_setup_stackheap                   0x000005fd   Thumb Code    74  sys_stackheap_outer.o(.text)
    exit                                     0x00000647   Thumb Code    12  exit.o(.text)
    __user_libspace                          0x00000655   Thumb Code     8  libspace.o(.text)
    __user_perproc_libspace                  0x00000655   Thumb Code     0  libspace.o(.text)
    __user_perthread_libspace                0x00000655   Thumb Code     0  libspace.o(.text)
    SystemCoreClockUpdate                    0x0000065d   Thumb Code   696  system_lpc407x_8x_177x_8x.o(i.SystemCoreClockUpdate)
    SystemInit                               0x00000931   Thumb Code   224  system_lpc407x_8x_177x_8x.o(i.SystemInit)
    SystemInit_ExtMemCtl                     0x00000a21   Thumb Code   468  system_lpc407x_8x_177x_8x.o(i.SystemInit_ExtMemCtl)
    TIMER3_IRQHandler                        0x00000c19   Thumb Code    72  sonido.o(i.TIMER3_IRQHandler)
    _is_digit                                0x00000ca1   Thumb Code    14  __printf_wp.o(i._is_digit)
    fpu_init                                 0x00000cb1   Thumb Code    62  system_lpc407x_8x_177x_8x.o(i.fpu_init)
    glcd_caracter                            0x00000d01   Thumb Code   242  glcd.o(i.glcd_caracter)
    glcd_texto                               0x00000e19   Thumb Code   138  glcd.o(i.glcd_texto)
    main                                     0x00000ee5   Thumb Code    20  main.o(i.main)
    parar_con_error                          0x00000efd   Thumb Code   150  error.o(i.parar_con_error)
    sonido_inicializar                       0x00000fc9   Thumb Code   136  sonido.o(i.sonido_inicializar)
    timer_inicializar                        0x00001071   Thumb Code   226  timer_lpc40xx.o(i.timer_inicializar)
    _fp_init                                 0x00001191   Thumb Code    10  fpinit.o(x$fpl$fpinit)
    __fplib_config_fpu_vfp                   0x00001199   Thumb Code     0  fpinit.o(x$fpl$fpinit)
    __fplib_config_pureend_doubles           0x00001199   Thumb Code     0  fpinit.o(x$fpl$fpinit)
    font_8x16                                0x0000119c   Data          20  font_8x16.o(.constdata)
    font_8x16_datos                          0x000011b0   Data        3584  font_8x16.o(.constdata)
    font_12x24                               0x00001fb0   Data          20  font_12x24.o(.constdata)
    font_12x24_datos                         0x00001fc4   Data       10752  font_12x24.o(.constdata)
    font_16x32                               0x000049c4   Data          20  font_16x32.o(.constdata)
    font_16x32_datos                         0x000049d8   Data       14336  font_16x32.o(.constdata)
    nota_a_semiperiodo_us                    0x00008258   Data         174  sonido.o(.constdata)
    Region$$Table$$Base                      0x00008420   Number         0  anon$$obj.o(Region$$Table)
    Region$$Table$$Limit                     0x00008440   Number         0  anon$$obj.o(Region$$Table)
    __stdout                                 0x10000020   Data           4  glcd.o(.data)
    __stdin                                  0x10000024   Data           4  glcd.o(.data)
    __stderr                                 0x10000028   Data           4  glcd.o(.data)
    SystemCoreClock                          0x10000034   Data           4  system_lpc407x_8x_177x_8x.o(.data)
    PeripheralClock                          0x10000038   Data           4  system_lpc407x_8x_177x_8x.o(.data)
    EMCClock                                 0x1000003c   Data           4  system_lpc407x_8x_177x_8x.o(.data)
    USBClock                                 0x10000040   Data           4  system_lpc407x_8x_177x_8x.o(.data)
    __libspace_start                         0x10000044   Data          96  libspace.o(.bss)
    __temporary_stack_top$libspace           0x100000a4   Data           0  libspace.o(.bss)



==============================================================================

Memory Map of the image

  Image Entry point : 0x000000e5

  Load Region LR_IROM1 (Base: 0x00000000, Size: 0x00008484, Max: 0x00080000, ABSOLUTE)

    Execution Region ER_IROM1 (Base: 0x00000000, Size: 0x00008440, Max: 0x00080000, ABSOLUTE)

    Base Addr    Size         Type   Attr      Idx    E Section Name        Object

    0x00000000   0x000000e4   Data   RO          694    RESET               startup_lpc407x_8x_177x_8x.o
    0x000000e4   0x00000008   Code   RO          800  * !!!main             c_w.l(__main.o)
    0x000000ec   0x00000034   Code   RO         1086    !!!scatter          c_w.l(__scatter.o)
    0x00000120   0x0000001a   Code   RO         1088    !!handler_copy      c_w.l(__scatter_copy.o)
    0x0000013a   0x00000002   PAD
    0x0000013c   0x0000001c   Code   RO         1090    !!handler_zi        c_w.l(__scatter_zi.o)
    0x00000158   0x00000000   Code   RO          793    .ARM.Collect$$_printf_percent$$00000000  c_w.l(_printf_percent.o)
    0x00000158   0x00000006   Code   RO          792    .ARM.Collect$$_printf_percent$$0000000A  c_w.l(_printf_u.o)
    0x0000015e   0x00000006   Code   RO          791    .ARM.Collect$$_printf_percent$$00000014  c_w.l(_printf_s.o)
    0x00000164   0x00000004   Code   RO          864    .ARM.Collect$$_printf_percent$$00000017  c_w.l(_printf_percent_end.o)
    0x00000168   0x00000002   Code   RO          951    .ARM.Collect$$libinit$$00000000  c_w.l(libinit.o)
    0x0000016a   0x00000004   Code   RO          967    .ARM.Collect$$libinit$$00000001  c_w.l(libinit2.o)
    0x0000016e   0x00000000   Code   RO          970    .ARM.Collect$$libinit$$00000004  c_w.l(libinit2.o)
    0x0000016e   0x00000000   Code   RO          973    .ARM.Collect$$libinit$$0000000A  c_w.l(libinit2.o)
    0x0000016e   0x00000000   Code   RO          975    .ARM.Collect$$libinit$$0000000C  c_w.l(libinit2.o)
    0x0000016e   0x00000000   Code   RO          977    .ARM.Collect$$libinit$$0000000E  c_w.l(libinit2.o)
    0x0000016e   0x00000000   Code   RO          980    .ARM.Collect$$libinit$$00000011  c_w.l(libinit2.o)
    0x0000016e   0x00000000   Code   RO          982    .ARM.Collect$$libinit$$00000013  c_w.l(libinit2.o)
    0x0000016e   0x00000000   Code   RO          984    .ARM.Collect$$libinit$$00000015  c_w.l(libinit2.o)
    0x0000016e   0x00000000   Code   RO          986    .ARM.Collect$$libinit$$00000017  c_w.l(libinit2.o)
    0x0000016e   0x00000000   Code   RO          988    .ARM.Collect$$libinit$$00000019  c_w.l(libinit2.o)
    0x0000016e   0x00000000   Code   RO          990    .ARM.Collect$$libinit$$0000001B  c_w.l(libinit2.o)
    0x0000016e   0x00000000   Code   RO          992    .ARM.Collect$$libinit$$0000001D  c_w.l(libinit2.o)
    0x0000016e   0x00000000   Code   RO          994    .ARM.Collect$$libinit$$0000001F  c_w.l(libinit2.o)
    0x0000016e   0x00000000   Code   RO          996    .ARM.Collect$$libinit$$00000021  c_w.l(libinit2.o)
    0x0000016e   0x00000000   Code   RO          998    .ARM.Collect$$libinit$$00000023  c_w.l(libinit2.o)
    0x0000016e   0x00000000   Code   RO         1000    .ARM.Collect$$libinit$$00000025  c_w.l(libinit2.o)
    0x0000016e   0x00000000   Code   RO         1004    .ARM.Collect$$libinit$$0000002C  c_w.l(libinit2.o)
    0x0000016e   0x00000000   Code   RO         1006    .ARM.Collect$$libinit$$0000002E  c_w.l(libinit2.o)
    0x0000016e   0x00000000   Code   RO         1008    .ARM.Collect$$libinit$$00000030  c_w.l(libinit2.o)
    0x0000016e   0x00000000   Code   RO         1010    .ARM.Collect$$libinit$$00000032  c_w.l(libinit2.o)
    0x0000016e   0x00000002   Code   RO         1011    .ARM.Collect$$libinit$$00000033  c_w.l(libinit2.o)
    0x00000170   0x00000002   Code   RO         1029    .ARM.Collect$$libshutdown$$00000000  c_w.l(libshutdown.o)
    0x00000172   0x00000000   Code   RO         1040    .ARM.Collect$$libshutdown$$00000003  c_w.l(libshutdown2.o)
    0x00000172   0x00000000   Code   RO         1043    .ARM.Collect$$libshutdown$$00000006  c_w.l(libshutdown2.o)
    0x00000172   0x00000000   Code   RO         1046    .ARM.Collect$$libshutdown$$00000009  c_w.l(libshutdown2.o)
    0x00000172   0x00000000   Code   RO         1048    .ARM.Collect$$libshutdown$$0000000B  c_w.l(libshutdown2.o)
    0x00000172   0x00000000   Code   RO         1051    .ARM.Collect$$libshutdown$$0000000E  c_w.l(libshutdown2.o)
    0x00000172   0x00000002   Code   RO         1052    .ARM.Collect$$libshutdown$$0000000F  c_w.l(libshutdown2.o)
    0x00000174   0x00000000   Code   RO          802    .ARM.Collect$$rtentry$$00000000  c_w.l(__rtentry.o)
    0x00000174   0x00000000   Code   RO          881    .ARM.Collect$$rtentry$$00000002  c_w.l(__rtentry2.o)
    0x00000174   0x00000006   Code   RO          893    .ARM.Collect$$rtentry$$00000004  c_w.l(__rtentry4.o)
    0x0000017a   0x00000000   Code   RO          883    .ARM.Collect$$rtentry$$00000009  c_w.l(__rtentry2.o)
    0x0000017a   0x00000004   Code   RO          884    .ARM.Collect$$rtentry$$0000000A  c_w.l(__rtentry2.o)
    0x0000017e   0x00000000   Code   RO          886    .ARM.Collect$$rtentry$$0000000C  c_w.l(__rtentry2.o)
    0x0000017e   0x00000008   Code   RO          887    .ARM.Collect$$rtentry$$0000000D  c_w.l(__rtentry2.o)
    0x00000186   0x00000002   Code   RO          960    .ARM.Collect$$rtexit$$00000000  c_w.l(rtexit.o)
    0x00000188   0x00000000   Code   RO         1013    .ARM.Collect$$rtexit$$00000002  c_w.l(rtexit2.o)
    0x00000188   0x00000004   Code   RO         1014    .ARM.Collect$$rtexit$$00000003  c_w.l(rtexit2.o)
    0x0000018c   0x00000006   Code   RO         1015    .ARM.Collect$$rtexit$$00000004  c_w.l(rtexit2.o)
    0x00000192   0x00000002   PAD
    0x00000194   0x0000003c   Code   RO          696    .text               startup_lpc407x_8x_177x_8x.o
    0x000001d0   0x00000002   Code   RO          757    .text               c_w.l(use_no_semi.o)
    0x000001d2   0x00000002   PAD
    0x000001d4   0x00000038   Code   RO          761    .text               c_w.l(__2snprintf.o)
    0x0000020c   0x00000052   Code   RO          767    .text               c_w.l(_printf_str.o)
    0x0000025e   0x00000002   PAD
    0x00000260   0x00000078   Code   RO          769    .text               c_w.l(_printf_dec.o)
    0x000002d8   0x00000006   Code   RO          798    .text               c_w.l(heapauxi.o)
    0x000002de   0x0000000a   Code   RO          813    .text               c_w.l(_sputc.o)
    0x000002e8   0x00000010   Code   RO          815    .text               c_w.l(_snputc.o)
    0x000002f8   0x00000004   Code   RO          103    i._sys_exit         glcd.o
    0x000002fc   0x00000004   Code   RO          695    .ARM.__at_0x02FC    startup_lpc407x_8x_177x_8x.o
    0x00000300   0x00000188   Code   RO          788    .text               c_w.l(__printf_flags_ss_wp.o)
    0x00000488   0x00000064   Code   RO          796    .text               c_w.l(rt_memcpy_w.o)
    0x000004ec   0x000000b2   Code   RO          807    .text               c_w.l(_printf_intcommon.o)
    0x0000059e   0x00000002   PAD
    0x000005a0   0x00000030   Code   RO          811    .text               c_w.l(_printf_char_common.o)
    0x000005d0   0x0000002c   Code   RO          817    .text               c_w.l(_printf_char.o)
    0x000005fc   0x0000004a   Code   RO          905    .text               c_w.l(sys_stackheap_outer.o)
    0x00000646   0x0000000c   Code   RO          944    .text               c_w.l(exit.o)
    0x00000652   0x00000002   PAD
    0x00000654   0x00000008   Code   RO          957    .text               c_w.l(libspace.o)
    0x0000065c   0x000002d4   Code   RO          705    i.SystemCoreClockUpdate  system_lpc407x_8x_177x_8x.o
    0x00000930   0x000000f0   Code   RO          706    i.SystemInit        system_lpc407x_8x_177x_8x.o
    0x00000a20   0x000001f8   Code   RO          707    i.SystemInit_ExtMemCtl  system_lpc407x_8x_177x_8x.o
    0x00000c18   0x0000005c   Code   RO          545    i.TIMER3_IRQHandler  sonido.o
    0x00000c74   0x0000002c   Code   RO          708    i._DelayMs          system_lpc407x_8x_177x_8x.o
    0x00000ca0   0x0000000e   Code   RO          781    i._is_digit         c_w.l(__printf_wp.o)
    0x00000cae   0x00000002   PAD
    0x00000cb0   0x00000050   Code   RO          709    i.fpu_init          system_lpc407x_8x_177x_8x.o
    0x00000d00   0x00000118   Code   RO          109    i.glcd_caracter     glcd.o
    0x00000e18   0x000000cc   Code   RO          127    i.glcd_texto        glcd.o
    0x00000ee4   0x00000018   Code   RO          455    i.main              main.o
    0x00000efc   0x000000cc   Code   RO            4    i.parar_con_error   error.o
    0x00000fc8   0x000000a8   Code   RO          547    i.sonido_inicializar  sonido.o
    0x00001070   0x00000120   Code   RO          617    i.timer_inicializar  timer_lpc40xx.o
    0x00001190   0x0000000a   Code   RO         1021    x$fpl$fpinit        fz_wm.l(fpinit.o)
    0x0000119a   0x00000002   PAD
    0x0000119c   0x00000e14   Data   RO           73    .constdata          font_8x16.o
    0x00001fb0   0x00002a14   Data   RO           82    .constdata          font_12x24.o
    0x000049c4   0x00003814   Data   RO           91    .constdata          font_16x32.o
    0x000081d8   0x0000002f   Data   RO          131    .constdata          glcd.o
    0x00008207   0x00000001   PAD
    0x00008208   0x0000004f   Data   RO          456    .constdata          main.o
    0x00008257   0x00000001   PAD
    0x00008258   0x000000e4   Data   RO          552    .constdata          sonido.o
    0x0000833c   0x000000d0   Data   RO          626    .constdata          timer_lpc40xx.o
    0x0000840c   0x00000011   Data   RO          789    .constdata          c_w.l(__printf_flags_ss_wp.o)
    0x0000841d   0x00000003   PAD
    0x00008420   0x00000020   Data   RO         1084    Region$$Table       anon$$obj.o


    Execution Region RW_IRAM1 (Base: 0x10000000, Size: 0x000004a8, Max: 0x00010000, ABSOLUTE)

    Base Addr    Size         Type   Attr      Idx    E Section Name        Object

    0x10000000   0x0000002c   Data   RW          132    .data               glcd.o
    0x1000002c   0x00000005   Data   RW          553    .data               sonido.o
    0x10000031   0x00000003   PAD
    0x10000034   0x00000010   Data   RW          710    .data               system_lpc407x_8x_177x_8x.o
    0x10000044   0x00000060   Zero   RW          958    .bss                c_w.l(libspace.o)
    0x100000a4   0x00000004   PAD
    0x100000a8   0x00000000   Zero   RW          693    HEAP                startup_lpc407x_8x_177x_8x.o
    0x100000a8   0x00000400   Zero   RW          692    STACK               startup_lpc407x_8x_177x_8x.o


==============================================================================

Image component sizes


      Code (inc. data)   RO Data    RW Data    ZI Data      Debug   Object Name

       204         54          0          0          0      35494   error.o
         0          0      10772          0          0        542   font_12x24.o
         0          0      14356          0          0        542   font_16x32.o
         0          0       3604          0          0        536   font_8x16.o
       488        104         47         44          0       5989   glcd.o
        24          4         79          0          0        895   main.o
       260         52        228          5          0      29570   sonido.o
        64         26        228          0       1024       1148   startup_lpc407x_8x_177x_8x.o
      1592        104          0         16          0       8823   system_lpc407x_8x_177x_8x.o
       288         62        208          0          0       5784   timer_lpc40xx.o

    ----------------------------------------------------------------------
      2920        406      29556         68       1024      89323   Object Totals
         0          0         32          0          0          0   (incl. Generated)
         0          0          2          3          0          0   (incl. Padding)

    ----------------------------------------------------------------------

      Code (inc. data)   RO Data    RW Data    ZI Data      Debug   Library Member Name

        56          6          0          0          0         88   __2snprintf.o
         8          0          0          0          0         68   __main.o
       392          4         17          0          0         92   __printf_flags_ss_wp.o
        14          0          0          0          0         68   __printf_wp.o
         0          0          0          0          0          0   __rtentry.o
        12          0          0          0          0          0   __rtentry2.o
         6          0          0          0          0          0   __rtentry4.o
        52          8          0          0          0          0   __scatter.o
        26          0          0          0          0          0   __scatter_copy.o
        28          0          0          0          0          0   __scatter_zi.o
        44          0          0          0          0        108   _printf_char.o
        48          6          0          0          0         96   _printf_char_common.o
       120         16          0          0          0         92   _printf_dec.o
       178          0          0          0          0         88   _printf_intcommon.o
         0          0          0          0          0          0   _printf_percent.o
         4          0          0          0          0          0   _printf_percent_end.o
         6          0          0          0          0          0   _printf_s.o
        82          0          0          0          0         80   _printf_str.o
         6          0          0          0          0          0   _printf_u.o
        16          0          0          0          0         68   _snputc.o
        10          0          0          0          0         68   _sputc.o
        12          0          0          0          0         72   exit.o
         6          0          0          0          0        152   heapauxi.o
         2          0          0          0          0          0   libinit.o
         6          0          0          0          0          0   libinit2.o
         2          0          0          0          0          0   libshutdown.o
         2          0          0          0          0          0   libshutdown2.o
         8          4          0          0         96         68   libspace.o
       100          0          0          0          0         80   rt_memcpy_w.o
         2          0          0          0          0          0   rtexit.o
        10          0          0          0          0          0   rtexit2.o
        74          0          0          0          0         80   sys_stackheap_outer.o
         2          0          0          0          0         68   use_no_semi.o
        10          0          0          0          0        116   fpinit.o

    ----------------------------------------------------------------------
      1360         44         20          0        100       1552   Library Totals
        16          0          3          0          4          0   (incl. Padding)

    ----------------------------------------------------------------------

      Code (inc. data)   RO Data    RW Data    ZI Data      Debug   Library Name

      1334         44         17          0         96       1436   c_w.l
        10          0          0          0          0        116   fz_wm.l

    ----------------------------------------------------------------------
      1360         44         20          0        100       1552   Library Totals

    ----------------------------------------------------------------------

==============================================================================


      Code (inc. data)   RO Data    RW Data    ZI Data      Debug   

      4280        450      29576         68       1124      89299   Grand Totals
      4280        450      29576         68       1124      89299   ELF Image Totals
      4280        450      29576         68          0          0   ROM Totals

==============================================================================

    Total RO  Size (Code + RO Data)                33856 (  33.06kB)
    Total RW  Size (RW Data + ZI Data)              1192 (   1.16kB)
    Total ROM Size (Code + RO Data + RW Data)      33924 (  33.13kB)

==============================================================================

