Archive member included to satisfy reference by file (symbol)

c:/avr-gcc-10.1.0/bin/../lib/gcc/avr/10.1.0/avr4\libgcc.a(_divmodhi4.o)
                              ./lcd.o (__divmodhi4)
c:/avr-gcc-10.1.0/bin/../lib/gcc/avr/10.1.0/avr4\libgcc.a(_exit.o)
                              c:/avr-gcc-10.1.0/bin/../lib/gcc/avr/10.1.0/../../../../avr/lib/avr4/crtatmega8515.o (exit)
c:/avr-gcc-10.1.0/bin/../lib/gcc/avr/10.1.0/avr4\libgcc.a(_copy_data.o)
                              ./esp8266.o (__do_copy_data)
c:/avr-gcc-10.1.0/bin/../lib/gcc/avr/10.1.0/avr4\libgcc.a(_clear_bss.o)
                              ./main.o (__do_clear_bss)
c:/avr-gcc-10.1.0/bin/../lib/gcc/avr/10.1.0/avr4\libgcc.a(_udivmodhi4.o)
                              c:/avr-gcc-10.1.0/bin/../lib/gcc/avr/10.1.0/avr4\libgcc.a(_divmodhi4.o) (__udivmodhi4)
c:/avr-gcc-10.1.0/bin/../lib/gcc/avr/10.1.0/../../../../avr/lib/avr4\libc.a(memcmp.o)
                              ./esp8266.o (memcmp)
c:/avr-gcc-10.1.0/bin/../lib/gcc/avr/10.1.0/../../../../avr/lib/avr4\libc.a(itoa_ncheck.o)
                              ./main.o (__itoa_ncheck)
c:/avr-gcc-10.1.0/bin/../lib/gcc/avr/10.1.0/../../../../avr/lib/avr4\libc.a(utoa_ncheck.o)
                              c:/avr-gcc-10.1.0/bin/../lib/gcc/avr/10.1.0/../../../../avr/lib/avr4\libc.a(itoa_ncheck.o) (__utoa_common)
c:/avr-gcc-10.1.0/bin/../lib/gcc/avr/10.1.0/../../../../avr/lib/avr4\libc.a(sprintf.o)
                              ./esp8266.o (sprintf)
c:/avr-gcc-10.1.0/bin/../lib/gcc/avr/10.1.0/../../../../avr/lib/avr4\libc.a(vfprintf_std.o)
                              c:/avr-gcc-10.1.0/bin/../lib/gcc/avr/10.1.0/../../../../avr/lib/avr4\libc.a(sprintf.o) (vfprintf)
c:/avr-gcc-10.1.0/bin/../lib/gcc/avr/10.1.0/../../../../avr/lib/avr4\libc.a(strnlen_P.o)
                              c:/avr-gcc-10.1.0/bin/../lib/gcc/avr/10.1.0/../../../../avr/lib/avr4\libc.a(vfprintf_std.o) (strnlen_P)
c:/avr-gcc-10.1.0/bin/../lib/gcc/avr/10.1.0/../../../../avr/lib/avr4\libc.a(strnlen.o)
                              c:/avr-gcc-10.1.0/bin/../lib/gcc/avr/10.1.0/../../../../avr/lib/avr4\libc.a(vfprintf_std.o) (strnlen)
c:/avr-gcc-10.1.0/bin/../lib/gcc/avr/10.1.0/../../../../avr/lib/avr4\libc.a(strrev.o)
                              c:/avr-gcc-10.1.0/bin/../lib/gcc/avr/10.1.0/../../../../avr/lib/avr4\libc.a(utoa_ncheck.o) (strrev)
c:/avr-gcc-10.1.0/bin/../lib/gcc/avr/10.1.0/../../../../avr/lib/avr4\libc.a(fputc.o)
                              c:/avr-gcc-10.1.0/bin/../lib/gcc/avr/10.1.0/../../../../avr/lib/avr4\libc.a(vfprintf_std.o) (fputc)
c:/avr-gcc-10.1.0/bin/../lib/gcc/avr/10.1.0/../../../../avr/lib/avr4\libc.a(ultoa_invert.o)
                              c:/avr-gcc-10.1.0/bin/../lib/gcc/avr/10.1.0/../../../../avr/lib/avr4\libc.a(vfprintf_std.o) (__ultoa_invert)
c:/avr-gcc-10.1.0/bin/../lib/gcc/avr/10.1.0/avr4\libgcc.a(_prologue.o)
                              c:/avr-gcc-10.1.0/bin/../lib/gcc/avr/10.1.0/../../../../avr/lib/avr4\libc.a(sprintf.o) (__prologue_saves__)
c:/avr-gcc-10.1.0/bin/../lib/gcc/avr/10.1.0/avr4\libgcc.a(_epilogue.o)
                              c:/avr-gcc-10.1.0/bin/../lib/gcc/avr/10.1.0/../../../../avr/lib/avr4\libc.a(sprintf.o) (__epilogue_restores__)

Memory Configuration

Name             Origin             Length             Attributes
text             0x0000000000000000 0x0000000000002000 xr
data             0x0000000000800060 0x000000000000ffa0 rw !x
eeprom           0x0000000000810000 0x0000000000010000 rw !x
fuse             0x0000000000820000 0x0000000000000002 rw !x
lock             0x0000000000830000 0x0000000000000400 rw !x
signature        0x0000000000840000 0x0000000000000400 rw !x
user_signatures  0x0000000000850000 0x0000000000000400 rw !x
*default*        0x0000000000000000 0xffffffffffffffff

Linker script and memory map

LOAD c:/avr-gcc-10.1.0/bin/../lib/gcc/avr/10.1.0/../../../../avr/lib/avr4/crtatmega8515.o
LOAD ./esp8266.o
LOAD ./lcd.o
LOAD ./main.o
LOAD ./usart.o
START GROUP
LOAD c:/avr-gcc-10.1.0/bin/../lib/gcc/avr/10.1.0/avr4\libgcc.a
LOAD c:/avr-gcc-10.1.0/bin/../lib/gcc/avr/10.1.0/../../../../avr/lib/avr4\libm.a
LOAD c:/avr-gcc-10.1.0/bin/../lib/gcc/avr/10.1.0/../../../../avr/lib/avr4\libc.a
LOAD c:/avr-gcc-10.1.0/bin/../lib/gcc/avr/10.1.0/../../../../avr/lib/avr4\libatmega8515.a
END GROUP
                0x0000000000002000                __TEXT_REGION_LENGTH__ = DEFINED (__TEXT_REGION_LENGTH__)?__TEXT_REGION_LENGTH__:0x2000
                0x000000000000ffa0                __DATA_REGION_LENGTH__ = DEFINED (__DATA_REGION_LENGTH__)?__DATA_REGION_LENGTH__:0xffa0
                0x0000000000010000                __EEPROM_REGION_LENGTH__ = DEFINED (__EEPROM_REGION_LENGTH__)?__EEPROM_REGION_LENGTH__:0x10000
                [0x0000000000000002]                __FUSE_REGION_LENGTH__ = DEFINED (__FUSE_REGION_LENGTH__)?__FUSE_REGION_LENGTH__:0x400
                0x0000000000000400                __LOCK_REGION_LENGTH__ = DEFINED (__LOCK_REGION_LENGTH__)?__LOCK_REGION_LENGTH__:0x400
                0x0000000000000400                __SIGNATURE_REGION_LENGTH__ = DEFINED (__SIGNATURE_REGION_LENGTH__)?__SIGNATURE_REGION_LENGTH__:0x400
                0x0000000000000400                __USER_SIGNATURE_REGION_LENGTH__ = DEFINED (__USER_SIGNATURE_REGION_LENGTH__)?__USER_SIGNATURE_REGION_LENGTH__:0x400

.hash
 *(.hash)

.dynsym
 *(.dynsym)

.dynstr
 *(.dynstr)

.gnu.version
 *(.gnu.version)

.gnu.version_d
 *(.gnu.version_d)

.gnu.version_r
 *(.gnu.version_r)

.rel.init
 *(.rel.init)

.rela.init
 *(.rela.init)

.rel.text
 *(.rel.text)
 *(.rel.text.*)
 *(.rel.gnu.linkonce.t*)

.rela.text
 *(.rela.text)
 *(.rela.text.*)
 *(.rela.gnu.linkonce.t*)

.rel.fini
 *(.rel.fini)

.rela.fini
 *(.rela.fini)

.rel.rodata
 *(.rel.rodata)
 *(.rel.rodata.*)
 *(.rel.gnu.linkonce.r*)

.rela.rodata
 *(.rela.rodata)
 *(.rela.rodata.*)
 *(.rela.gnu.linkonce.r*)

.rel.data
 *(.rel.data)
 *(.rel.data.*)
 *(.rel.gnu.linkonce.d*)

.rela.data
 *(.rela.data)
 *(.rela.data.*)
 *(.rela.gnu.linkonce.d*)

.rel.ctors
 *(.rel.ctors)

.rela.ctors
 *(.rela.ctors)

.rel.dtors
 *(.rel.dtors)

.rela.dtors
 *(.rela.dtors)

.rel.got
 *(.rel.got)

.rela.got
 *(.rela.got)

.rel.bss
 *(.rel.bss)

.rela.bss
 *(.rela.bss)

.rel.plt
 *(.rel.plt)

.rela.plt
 *(.rela.plt)

.text           0x0000000000000000      0xcea
 *(.vectors)
 .vectors       0x0000000000000000       0x22 c:/avr-gcc-10.1.0/bin/../lib/gcc/avr/10.1.0/../../../../avr/lib/avr4/crtatmega8515.o
                0x0000000000000000                __vector_default
                0x0000000000000000                __vectors
 *(.vectors)
 *(.progmem.gcc*)
                0x0000000000000022                . = ALIGN (0x2)
                0x0000000000000022                __trampolines_start = .
 *(.trampolines)
 .trampolines   0x0000000000000022        0x0 linker stubs
 *(.trampolines*)
                0x0000000000000022                __trampolines_end = .
 *libprintf_flt.a:*(.progmem.data)
 *libc.a:*(.progmem.data)
 *(.progmem.*)
                0x0000000000000022                . = ALIGN (0x2)
 *(.lowtext)
 *(.lowtext*)
                0x0000000000000022                __ctors_start = .
 *(.ctors)
                0x0000000000000022                __ctors_end = .
                0x0000000000000022                __dtors_start = .
 *(.dtors)
                0x0000000000000022                __dtors_end = .
 SORT_BY_NAME(*)(.ctors)
 SORT_BY_NAME(*)(.dtors)
 *(.init0)
 .init0         0x0000000000000022        0x0 c:/avr-gcc-10.1.0/bin/../lib/gcc/avr/10.1.0/../../../../avr/lib/avr4/crtatmega8515.o
                0x0000000000000022                __init
 *(.init0)
 *(.init1)
 *(.init1)
 *(.init2)
 .init2         0x0000000000000022        0xc c:/avr-gcc-10.1.0/bin/../lib/gcc/avr/10.1.0/../../../../avr/lib/avr4/crtatmega8515.o
 *(.init2)
 *(.init3)
 *(.init3)
 *(.init4)
 .init4         0x000000000000002e       0x16 c:/avr-gcc-10.1.0/bin/../lib/gcc/avr/10.1.0/avr4\libgcc.a(_copy_data.o)
                0x000000000000002e                __do_copy_data
 .init4         0x0000000000000044       0x10 c:/avr-gcc-10.1.0/bin/../lib/gcc/avr/10.1.0/avr4\libgcc.a(_clear_bss.o)
                0x0000000000000044                __do_clear_bss
 *(.init4)
 *(.init5)
 *(.init5)
 *(.init6)
 *(.init6)
 *(.init7)
 *(.init7)
 *(.init8)
 *(.init8)
 *(.init9)
 .init9         0x0000000000000054        0x4 c:/avr-gcc-10.1.0/bin/../lib/gcc/avr/10.1.0/../../../../avr/lib/avr4/crtatmega8515.o
 *(.init9)
 *(.text)
 .text          0x0000000000000058        0x2 c:/avr-gcc-10.1.0/bin/../lib/gcc/avr/10.1.0/../../../../avr/lib/avr4/crtatmega8515.o
                0x0000000000000058                __vector_1
                0x0000000000000058                __vector_12
                0x0000000000000058                __bad_interrupt
                0x0000000000000058                __vector_6
                0x0000000000000058                __vector_3
                0x0000000000000058                __vector_11
                0x0000000000000058                __vector_13
                0x0000000000000058                __vector_7
                0x0000000000000058                __vector_5
                0x0000000000000058                __vector_4
                0x0000000000000058                __vector_2
                0x0000000000000058                __vector_15
                0x0000000000000058                __vector_8
                0x0000000000000058                __vector_14
                0x0000000000000058                __vector_10
                0x0000000000000058                __vector_16
 .text          0x000000000000005a        0x0 ./esp8266.o
 .text          0x000000000000005a        0x0 ./lcd.o
 .text          0x000000000000005a        0x0 ./main.o
 .text          0x000000000000005a        0x0 ./usart.o
 .text          0x000000000000005a        0x0 c:/avr-gcc-10.1.0/bin/../lib/gcc/avr/10.1.0/avr4\libgcc.a(_divmodhi4.o)
 .text          0x000000000000005a        0x0 c:/avr-gcc-10.1.0/bin/../lib/gcc/avr/10.1.0/avr4\libgcc.a(_exit.o)
 .text          0x000000000000005a        0x0 c:/avr-gcc-10.1.0/bin/../lib/gcc/avr/10.1.0/avr4\libgcc.a(_copy_data.o)
 .text          0x000000000000005a        0x0 c:/avr-gcc-10.1.0/bin/../lib/gcc/avr/10.1.0/avr4\libgcc.a(_clear_bss.o)
 .text          0x000000000000005a        0x0 c:/avr-gcc-10.1.0/bin/../lib/gcc/avr/10.1.0/avr4\libgcc.a(_udivmodhi4.o)
 .text          0x000000000000005a        0x0 c:/avr-gcc-10.1.0/bin/../lib/gcc/avr/10.1.0/../../../../avr/lib/avr4\libc.a(memcmp.o)
 .text          0x000000000000005a        0x0 c:/avr-gcc-10.1.0/bin/../lib/gcc/avr/10.1.0/../../../../avr/lib/avr4\libc.a(itoa_ncheck.o)
 .text          0x000000000000005a        0x0 c:/avr-gcc-10.1.0/bin/../lib/gcc/avr/10.1.0/../../../../avr/lib/avr4\libc.a(utoa_ncheck.o)
 .text          0x000000000000005a        0x0 c:/avr-gcc-10.1.0/bin/../lib/gcc/avr/10.1.0/../../../../avr/lib/avr4\libc.a(sprintf.o)
 .text          0x000000000000005a        0x0 c:/avr-gcc-10.1.0/bin/../lib/gcc/avr/10.1.0/../../../../avr/lib/avr4\libc.a(vfprintf_std.o)
 .text          0x000000000000005a        0x0 c:/avr-gcc-10.1.0/bin/../lib/gcc/avr/10.1.0/../../../../avr/lib/avr4\libc.a(strnlen_P.o)
 .text          0x000000000000005a        0x0 c:/avr-gcc-10.1.0/bin/../lib/gcc/avr/10.1.0/../../../../avr/lib/avr4\libc.a(strnlen.o)
 .text          0x000000000000005a        0x0 c:/avr-gcc-10.1.0/bin/../lib/gcc/avr/10.1.0/../../../../avr/lib/avr4\libc.a(strrev.o)
 .text          0x000000000000005a        0x0 c:/avr-gcc-10.1.0/bin/../lib/gcc/avr/10.1.0/../../../../avr/lib/avr4\libc.a(fputc.o)
 .text          0x000000000000005a        0x0 c:/avr-gcc-10.1.0/bin/../lib/gcc/avr/10.1.0/../../../../avr/lib/avr4\libc.a(ultoa_invert.o)
 .text          0x000000000000005a        0x0 c:/avr-gcc-10.1.0/bin/../lib/gcc/avr/10.1.0/avr4\libgcc.a(_prologue.o)
 .text          0x000000000000005a        0x0 c:/avr-gcc-10.1.0/bin/../lib/gcc/avr/10.1.0/avr4\libgcc.a(_epilogue.o)
                0x000000000000005a                . = ALIGN (0x2)
 *(.text.*)
 .text.WIFI_connectWlan
                0x000000000000005a       0x66 ./esp8266.o
                0x000000000000005a                WIFI_connectWlan
 .text.WIFI_sendJSON
                0x00000000000000c0      0x168 ./esp8266.o
                0x00000000000000c0                WIFI_sendJSON
 .text.WIFI_verifyResponse
                0x0000000000000228       0x80 ./esp8266.o
                0x0000000000000228                WIFI_verifyResponse
 .text.LCDBusyLoop
                0x00000000000002a8       0x60 ./lcd.o
                0x00000000000002a8                LCDBusyLoop
 .text.LCDByte  0x0000000000000308       0x54 ./lcd.o
                0x0000000000000308                LCDByte
 .text.InitLCD  0x000000000000035c       0x5c ./lcd.o
                0x000000000000035c                InitLCD
 .text.LCDWriteString
                0x00000000000003b8       0x18 ./lcd.o
                0x00000000000003b8                LCDWriteString
 .text.LCDWriteInt
                0x00000000000003d0       0x9e ./lcd.o
                0x00000000000003d0                LCDWriteInt
 .text.LCDGotoXY
                0x000000000000046e       0x10 ./lcd.o
                0x000000000000046e                LCDGotoXY
 .text.__vector_9
                0x000000000000047e       0xc2 ./main.o
                0x000000000000047e                __vector_9
 .text.startup.main
                0x0000000000000540       0x68 ./main.o
                0x0000000000000540                main
 .text.USART_Init
                0x00000000000005a8       0x12 ./usart.o
                0x00000000000005a8                USART_Init
 .text.USART_Transmit_Char
                0x00000000000005ba        0x8 ./usart.o
                0x00000000000005ba                USART_Transmit_Char
 .text.USART_Transmit
                0x00000000000005c2       0x26 ./usart.o
                0x00000000000005c2                USART_Transmit
 .text.USART_TransmitStr
                0x00000000000005e8       0x16 ./usart.o
                0x00000000000005e8                USART_TransmitStr
 .text.USART_SendCR_LF
                0x00000000000005fe        0x8 ./usart.o
                0x00000000000005fe                USART_SendCR_LF
 .text.USART_TransmitStrCR_LF
                0x0000000000000606        0x4 ./usart.o
                0x0000000000000606                USART_TransmitStrCR_LF
 .text.USART_Receive_Char
                0x000000000000060a        0x8 ./usart.o
                0x000000000000060a                USART_Receive_Char
 .text.USART_Receive_UpTo
                0x0000000000000612       0x36 ./usart.o
                0x0000000000000612                USART_Receive_UpTo
 .text.USART_Receive_UpTo_CR_LF
                0x0000000000000648       0x52 ./usart.o
                0x0000000000000648                USART_Receive_UpTo_CR_LF
 .text.libgcc.mul
                0x000000000000069a        0x0 c:/avr-gcc-10.1.0/bin/../lib/gcc/avr/10.1.0/avr4\libgcc.a(_divmodhi4.o)
 .text.libgcc.div
                0x000000000000069a       0x26 c:/avr-gcc-10.1.0/bin/../lib/gcc/avr/10.1.0/avr4\libgcc.a(_divmodhi4.o)
                0x000000000000069a                _div
                0x000000000000069a                __divmodhi4
 .text.libgcc   0x00000000000006c0        0x0 c:/avr-gcc-10.1.0/bin/../lib/gcc/avr/10.1.0/avr4\libgcc.a(_divmodhi4.o)
 .text.libgcc.prologue
                0x00000000000006c0        0x0 c:/avr-gcc-10.1.0/bin/../lib/gcc/avr/10.1.0/avr4\libgcc.a(_divmodhi4.o)
 .text.libgcc.builtins
                0x00000000000006c0        0x0 c:/avr-gcc-10.1.0/bin/../lib/gcc/avr/10.1.0/avr4\libgcc.a(_divmodhi4.o)
 .text.libgcc.fmul
                0x00000000000006c0        0x0 c:/avr-gcc-10.1.0/bin/../lib/gcc/avr/10.1.0/avr4\libgcc.a(_divmodhi4.o)
 .text.libgcc.fixed
                0x00000000000006c0        0x0 c:/avr-gcc-10.1.0/bin/../lib/gcc/avr/10.1.0/avr4\libgcc.a(_divmodhi4.o)
 .text.libgcc.mul
                0x00000000000006c0        0x0 c:/avr-gcc-10.1.0/bin/../lib/gcc/avr/10.1.0/avr4\libgcc.a(_exit.o)
 .text.libgcc.div
                0x00000000000006c0        0x0 c:/avr-gcc-10.1.0/bin/../lib/gcc/avr/10.1.0/avr4\libgcc.a(_exit.o)
 .text.libgcc   0x00000000000006c0        0x0 c:/avr-gcc-10.1.0/bin/../lib/gcc/avr/10.1.0/avr4\libgcc.a(_exit.o)
 .text.libgcc.prologue
                0x00000000000006c0        0x0 c:/avr-gcc-10.1.0/bin/../lib/gcc/avr/10.1.0/avr4\libgcc.a(_exit.o)
 .text.libgcc.builtins
                0x00000000000006c0        0x0 c:/avr-gcc-10.1.0/bin/../lib/gcc/avr/10.1.0/avr4\libgcc.a(_exit.o)
 .text.libgcc.fmul
                0x00000000000006c0        0x0 c:/avr-gcc-10.1.0/bin/../lib/gcc/avr/10.1.0/avr4\libgcc.a(_exit.o)
 .text.libgcc.fixed
                0x00000000000006c0        0x0 c:/avr-gcc-10.1.0/bin/../lib/gcc/avr/10.1.0/avr4\libgcc.a(_exit.o)
 .text.libgcc.mul
                0x00000000000006c0        0x0 c:/avr-gcc-10.1.0/bin/../lib/gcc/avr/10.1.0/avr4\libgcc.a(_copy_data.o)
 .text.libgcc.div
                0x00000000000006c0        0x0 c:/avr-gcc-10.1.0/bin/../lib/gcc/avr/10.1.0/avr4\libgcc.a(_copy_data.o)
 .text.libgcc   0x00000000000006c0        0x0 c:/avr-gcc-10.1.0/bin/../lib/gcc/avr/10.1.0/avr4\libgcc.a(_copy_data.o)
 .text.libgcc.prologue
                0x00000000000006c0        0x0 c:/avr-gcc-10.1.0/bin/../lib/gcc/avr/10.1.0/avr4\libgcc.a(_copy_data.o)
 .text.libgcc.builtins
                0x00000000000006c0        0x0 c:/avr-gcc-10.1.0/bin/../lib/gcc/avr/10.1.0/avr4\libgcc.a(_copy_data.o)
 .text.libgcc.fmul
                0x00000000000006c0        0x0 c:/avr-gcc-10.1.0/bin/../lib/gcc/avr/10.1.0/avr4\libgcc.a(_copy_data.o)
 .text.libgcc.fixed
                0x00000000000006c0        0x0 c:/avr-gcc-10.1.0/bin/../lib/gcc/avr/10.1.0/avr4\libgcc.a(_copy_data.o)
 .text.libgcc.mul
                0x00000000000006c0        0x0 c:/avr-gcc-10.1.0/bin/../lib/gcc/avr/10.1.0/avr4\libgcc.a(_clear_bss.o)
 .text.libgcc.div
                0x00000000000006c0        0x0 c:/avr-gcc-10.1.0/bin/../lib/gcc/avr/10.1.0/avr4\libgcc.a(_clear_bss.o)
 .text.libgcc   0x00000000000006c0        0x0 c:/avr-gcc-10.1.0/bin/../lib/gcc/avr/10.1.0/avr4\libgcc.a(_clear_bss.o)
 .text.libgcc.prologue
                0x00000000000006c0        0x0 c:/avr-gcc-10.1.0/bin/../lib/gcc/avr/10.1.0/avr4\libgcc.a(_clear_bss.o)
 .text.libgcc.builtins
                0x00000000000006c0        0x0 c:/avr-gcc-10.1.0/bin/../lib/gcc/avr/10.1.0/avr4\libgcc.a(_clear_bss.o)
 .text.libgcc.fmul
                0x00000000000006c0        0x0 c:/avr-gcc-10.1.0/bin/../lib/gcc/avr/10.1.0/avr4\libgcc.a(_clear_bss.o)
 .text.libgcc.fixed
                0x00000000000006c0        0x0 c:/avr-gcc-10.1.0/bin/../lib/gcc/avr/10.1.0/avr4\libgcc.a(_clear_bss.o)
 .text.libgcc.mul
                0x00000000000006c0        0x0 c:/avr-gcc-10.1.0/bin/../lib/gcc/avr/10.1.0/avr4\libgcc.a(_udivmodhi4.o)
 .text.libgcc.div
                0x00000000000006c0       0x28 c:/avr-gcc-10.1.0/bin/../lib/gcc/avr/10.1.0/avr4\libgcc.a(_udivmodhi4.o)
                0x00000000000006c0                __udivmodhi4
 .text.libgcc   0x00000000000006e8        0x0 c:/avr-gcc-10.1.0/bin/../lib/gcc/avr/10.1.0/avr4\libgcc.a(_udivmodhi4.o)
 .text.libgcc.prologue
                0x00000000000006e8        0x0 c:/avr-gcc-10.1.0/bin/../lib/gcc/avr/10.1.0/avr4\libgcc.a(_udivmodhi4.o)
 .text.libgcc.builtins
                0x00000000000006e8        0x0 c:/avr-gcc-10.1.0/bin/../lib/gcc/avr/10.1.0/avr4\libgcc.a(_udivmodhi4.o)
 .text.libgcc.fmul
                0x00000000000006e8        0x0 c:/avr-gcc-10.1.0/bin/../lib/gcc/avr/10.1.0/avr4\libgcc.a(_udivmodhi4.o)
 .text.libgcc.fixed
                0x00000000000006e8        0x0 c:/avr-gcc-10.1.0/bin/../lib/gcc/avr/10.1.0/avr4\libgcc.a(_udivmodhi4.o)
 .text.avr-libc
                0x00000000000006e8       0x1a c:/avr-gcc-10.1.0/bin/../lib/gcc/avr/10.1.0/../../../../avr/lib/avr4\libc.a(memcmp.o)
                0x00000000000006e8                memcmp
 .text.avr-libc
                0x0000000000000702       0x14 c:/avr-gcc-10.1.0/bin/../lib/gcc/avr/10.1.0/../../../../avr/lib/avr4\libc.a(itoa_ncheck.o)
                0x0000000000000702                __itoa_ncheck
 .text.avr-libc
                0x0000000000000716       0x32 c:/avr-gcc-10.1.0/bin/../lib/gcc/avr/10.1.0/../../../../avr/lib/avr4\libc.a(utoa_ncheck.o)
                0x0000000000000716                __utoa_ncheck
                0x0000000000000718                __utoa_common
 .text.avr-libc
                0x0000000000000748       0x40 c:/avr-gcc-10.1.0/bin/../lib/gcc/avr/10.1.0/../../../../avr/lib/avr4\libc.a(sprintf.o)
                0x0000000000000748                sprintf
 .text.avr-libc
                0x0000000000000788      0x388 c:/avr-gcc-10.1.0/bin/../lib/gcc/avr/10.1.0/../../../../avr/lib/avr4\libc.a(vfprintf_std.o)
                0x0000000000000788                vfprintf
 .text.avr-libc
                0x0000000000000b10       0x16 c:/avr-gcc-10.1.0/bin/../lib/gcc/avr/10.1.0/../../../../avr/lib/avr4\libc.a(strnlen_P.o)
                0x0000000000000b10                strnlen_P
 .text.avr-libc
                0x0000000000000b26       0x16 c:/avr-gcc-10.1.0/bin/../lib/gcc/avr/10.1.0/../../../../avr/lib/avr4\libc.a(strnlen.o)
                0x0000000000000b26                strnlen
 .text.avr-libc
                0x0000000000000b3c       0x20 c:/avr-gcc-10.1.0/bin/../lib/gcc/avr/10.1.0/../../../../avr/lib/avr4\libc.a(strrev.o)
                0x0000000000000b3c                strrev
 .text.avr-libc
                0x0000000000000b5c       0x60 c:/avr-gcc-10.1.0/bin/../lib/gcc/avr/10.1.0/../../../../avr/lib/avr4\libc.a(fputc.o)
                0x0000000000000b5c                fputc
 .text.avr-libc
                0x0000000000000bbc       0xbc c:/avr-gcc-10.1.0/bin/../lib/gcc/avr/10.1.0/../../../../avr/lib/avr4\libc.a(ultoa_invert.o)
                0x0000000000000bbc                __ultoa_invert
 .text.libgcc.mul
                0x0000000000000c78        0x0 c:/avr-gcc-10.1.0/bin/../lib/gcc/avr/10.1.0/avr4\libgcc.a(_prologue.o)
 .text.libgcc.div
                0x0000000000000c78        0x0 c:/avr-gcc-10.1.0/bin/../lib/gcc/avr/10.1.0/avr4\libgcc.a(_prologue.o)
 .text.libgcc   0x0000000000000c78        0x0 c:/avr-gcc-10.1.0/bin/../lib/gcc/avr/10.1.0/avr4\libgcc.a(_prologue.o)
 .text.libgcc.prologue
                0x0000000000000c78       0x38 c:/avr-gcc-10.1.0/bin/../lib/gcc/avr/10.1.0/avr4\libgcc.a(_prologue.o)
                0x0000000000000c78                __prologue_saves__
 .text.libgcc.builtins
                0x0000000000000cb0        0x0 c:/avr-gcc-10.1.0/bin/../lib/gcc/avr/10.1.0/avr4\libgcc.a(_prologue.o)
 .text.libgcc.fmul
                0x0000000000000cb0        0x0 c:/avr-gcc-10.1.0/bin/../lib/gcc/avr/10.1.0/avr4\libgcc.a(_prologue.o)
 .text.libgcc.fixed
                0x0000000000000cb0        0x0 c:/avr-gcc-10.1.0/bin/../lib/gcc/avr/10.1.0/avr4\libgcc.a(_prologue.o)
 .text.libgcc.mul
                0x0000000000000cb0        0x0 c:/avr-gcc-10.1.0/bin/../lib/gcc/avr/10.1.0/avr4\libgcc.a(_epilogue.o)
 .text.libgcc.div
                0x0000000000000cb0        0x0 c:/avr-gcc-10.1.0/bin/../lib/gcc/avr/10.1.0/avr4\libgcc.a(_epilogue.o)
 .text.libgcc   0x0000000000000cb0        0x0 c:/avr-gcc-10.1.0/bin/../lib/gcc/avr/10.1.0/avr4\libgcc.a(_epilogue.o)
 .text.libgcc.prologue
                0x0000000000000cb0       0x36 c:/avr-gcc-10.1.0/bin/../lib/gcc/avr/10.1.0/avr4\libgcc.a(_epilogue.o)
                0x0000000000000cb0                __epilogue_restores__
 .text.libgcc.builtins
                0x0000000000000ce6        0x0 c:/avr-gcc-10.1.0/bin/../lib/gcc/avr/10.1.0/avr4\libgcc.a(_epilogue.o)
 .text.libgcc.fmul
                0x0000000000000ce6        0x0 c:/avr-gcc-10.1.0/bin/../lib/gcc/avr/10.1.0/avr4\libgcc.a(_epilogue.o)
 .text.libgcc.fixed
                0x0000000000000ce6        0x0 c:/avr-gcc-10.1.0/bin/../lib/gcc/avr/10.1.0/avr4\libgcc.a(_epilogue.o)
                0x0000000000000ce6                . = ALIGN (0x2)
 *(.fini9)
 .fini9         0x0000000000000ce6        0x0 c:/avr-gcc-10.1.0/bin/../lib/gcc/avr/10.1.0/avr4\libgcc.a(_exit.o)
                0x0000000000000ce6                _exit
                0x0000000000000ce6                exit
 *(.fini9)
 *(.fini8)
 *(.fini8)
 *(.fini7)
 *(.fini7)
 *(.fini6)
 *(.fini6)
 *(.fini5)
 *(.fini5)
 *(.fini4)
 *(.fini4)
 *(.fini3)
 *(.fini3)
 *(.fini2)
 *(.fini2)
 *(.fini1)
 *(.fini1)
 *(.fini0)
 .fini0         0x0000000000000ce6        0x4 c:/avr-gcc-10.1.0/bin/../lib/gcc/avr/10.1.0/avr4\libgcc.a(_exit.o)
 *(.fini0)
 *(.hightext)
 *(.hightext*)
 *(.progmemx.*)
                0x0000000000000cea                . = ALIGN (0x2)
 *(.jumptables)
 *(.jumptables*)
                0x0000000000000cea                _etext = .

.data           0x0000000000800060       0xde load address 0x0000000000000cea
                0x0000000000800060                PROVIDE (__data_start = .)
 *(.data)
 .data          0x0000000000800060        0x0 c:/avr-gcc-10.1.0/bin/../lib/gcc/avr/10.1.0/../../../../avr/lib/avr4/crtatmega8515.o
 .data          0x0000000000800060        0x0 ./esp8266.o
 .data          0x0000000000800060        0x0 ./lcd.o
 .data          0x0000000000800060        0x0 ./main.o
 .data          0x0000000000800060        0x0 ./usart.o
 .data          0x0000000000800060        0x0 c:/avr-gcc-10.1.0/bin/../lib/gcc/avr/10.1.0/avr4\libgcc.a(_divmodhi4.o)
 .data          0x0000000000800060        0x0 c:/avr-gcc-10.1.0/bin/../lib/gcc/avr/10.1.0/avr4\libgcc.a(_exit.o)
 .data          0x0000000000800060        0x0 c:/avr-gcc-10.1.0/bin/../lib/gcc/avr/10.1.0/avr4\libgcc.a(_copy_data.o)
 .data          0x0000000000800060        0x0 c:/avr-gcc-10.1.0/bin/../lib/gcc/avr/10.1.0/avr4\libgcc.a(_clear_bss.o)
 .data          0x0000000000800060        0x0 c:/avr-gcc-10.1.0/bin/../lib/gcc/avr/10.1.0/avr4\libgcc.a(_udivmodhi4.o)
 .data          0x0000000000800060        0x0 c:/avr-gcc-10.1.0/bin/../lib/gcc/avr/10.1.0/../../../../avr/lib/avr4\libc.a(memcmp.o)
 .data          0x0000000000800060        0x0 c:/avr-gcc-10.1.0/bin/../lib/gcc/avr/10.1.0/../../../../avr/lib/avr4\libc.a(itoa_ncheck.o)
 .data          0x0000000000800060        0x0 c:/avr-gcc-10.1.0/bin/../lib/gcc/avr/10.1.0/../../../../avr/lib/avr4\libc.a(utoa_ncheck.o)
 .data          0x0000000000800060        0x0 c:/avr-gcc-10.1.0/bin/../lib/gcc/avr/10.1.0/../../../../avr/lib/avr4\libc.a(sprintf.o)
 .data          0x0000000000800060        0x0 c:/avr-gcc-10.1.0/bin/../lib/gcc/avr/10.1.0/../../../../avr/lib/avr4\libc.a(vfprintf_std.o)
 .data          0x0000000000800060        0x0 c:/avr-gcc-10.1.0/bin/../lib/gcc/avr/10.1.0/../../../../avr/lib/avr4\libc.a(strnlen_P.o)
 .data          0x0000000000800060        0x0 c:/avr-gcc-10.1.0/bin/../lib/gcc/avr/10.1.0/../../../../avr/lib/avr4\libc.a(strnlen.o)
 .data          0x0000000000800060        0x0 c:/avr-gcc-10.1.0/bin/../lib/gcc/avr/10.1.0/../../../../avr/lib/avr4\libc.a(strrev.o)
 .data          0x0000000000800060        0x0 c:/avr-gcc-10.1.0/bin/../lib/gcc/avr/10.1.0/../../../../avr/lib/avr4\libc.a(fputc.o)
 .data          0x0000000000800060        0x0 c:/avr-gcc-10.1.0/bin/../lib/gcc/avr/10.1.0/../../../../avr/lib/avr4\libc.a(ultoa_invert.o)
 .data          0x0000000000800060        0x0 c:/avr-gcc-10.1.0/bin/../lib/gcc/avr/10.1.0/avr4\libgcc.a(_prologue.o)
 .data          0x0000000000800060        0x0 c:/avr-gcc-10.1.0/bin/../lib/gcc/avr/10.1.0/avr4\libgcc.a(_epilogue.o)
 *(.data*)
 *(.gnu.linkonce.d*)
 *(.rodata)
 .rodata        0x0000000000800060        0x5 ./lcd.o
 *(.rodata*)
 .rodata.WIFI_connectWlan.str1.1
                0x0000000000800065       0x13 ./esp8266.o
 .rodata.WIFI_sendJSON.str1.1
                0x0000000000800078       0x80 ./esp8266.o
                                         0x81 (size before relaxing)
 .rodata.WIFI_verifyResponse.str1.1
                0x00000000008000f8        0x9 ./esp8266.o
 .rodata.__vector_9.str1.1
                0x0000000000800101       0x11 ./main.o
 .rodata.main.str1.1
                0x0000000000800112       0x2b ./main.o
 *(.gnu.linkonce.r*)
                0x000000000080013e                . = ALIGN (0x2)
 *fill*         0x000000000080013d        0x1 
                0x000000000080013e                _edata = .
                0x000000000080013e                PROVIDE (__data_end = .)

.bss            0x000000000080013e       0x65
                0x000000000080013e                PROVIDE (__bss_start = .)
 *(.bss)
 .bss           0x000000000080013e        0x0 c:/avr-gcc-10.1.0/bin/../lib/gcc/avr/10.1.0/../../../../avr/lib/avr4/crtatmega8515.o
 .bss           0x000000000080013e        0x0 ./esp8266.o
 .bss           0x000000000080013e        0x0 ./lcd.o
 .bss           0x000000000080013e        0x0 ./main.o
 .bss           0x000000000080013e        0x0 ./usart.o
 .bss           0x000000000080013e        0x0 c:/avr-gcc-10.1.0/bin/../lib/gcc/avr/10.1.0/avr4\libgcc.a(_divmodhi4.o)
 .bss           0x000000000080013e        0x0 c:/avr-gcc-10.1.0/bin/../lib/gcc/avr/10.1.0/avr4\libgcc.a(_exit.o)
 .bss           0x000000000080013e        0x0 c:/avr-gcc-10.1.0/bin/../lib/gcc/avr/10.1.0/avr4\libgcc.a(_copy_data.o)
 .bss           0x000000000080013e        0x0 c:/avr-gcc-10.1.0/bin/../lib/gcc/avr/10.1.0/avr4\libgcc.a(_clear_bss.o)
 .bss           0x000000000080013e        0x0 c:/avr-gcc-10.1.0/bin/../lib/gcc/avr/10.1.0/avr4\libgcc.a(_udivmodhi4.o)
 .bss           0x000000000080013e        0x0 c:/avr-gcc-10.1.0/bin/../lib/gcc/avr/10.1.0/../../../../avr/lib/avr4\libc.a(memcmp.o)
 .bss           0x000000000080013e        0x0 c:/avr-gcc-10.1.0/bin/../lib/gcc/avr/10.1.0/../../../../avr/lib/avr4\libc.a(itoa_ncheck.o)
 .bss           0x000000000080013e        0x0 c:/avr-gcc-10.1.0/bin/../lib/gcc/avr/10.1.0/../../../../avr/lib/avr4\libc.a(utoa_ncheck.o)
 .bss           0x000000000080013e        0x0 c:/avr-gcc-10.1.0/bin/../lib/gcc/avr/10.1.0/../../../../avr/lib/avr4\libc.a(sprintf.o)
 .bss           0x000000000080013e        0x0 c:/avr-gcc-10.1.0/bin/../lib/gcc/avr/10.1.0/../../../../avr/lib/avr4\libc.a(vfprintf_std.o)
 .bss           0x000000000080013e        0x0 c:/avr-gcc-10.1.0/bin/../lib/gcc/avr/10.1.0/../../../../avr/lib/avr4\libc.a(strnlen_P.o)
 .bss           0x000000000080013e        0x0 c:/avr-gcc-10.1.0/bin/../lib/gcc/avr/10.1.0/../../../../avr/lib/avr4\libc.a(strnlen.o)
 .bss           0x000000000080013e        0x0 c:/avr-gcc-10.1.0/bin/../lib/gcc/avr/10.1.0/../../../../avr/lib/avr4\libc.a(strrev.o)
 .bss           0x000000000080013e        0x0 c:/avr-gcc-10.1.0/bin/../lib/gcc/avr/10.1.0/../../../../avr/lib/avr4\libc.a(fputc.o)
 .bss           0x000000000080013e        0x0 c:/avr-gcc-10.1.0/bin/../lib/gcc/avr/10.1.0/../../../../avr/lib/avr4\libc.a(ultoa_invert.o)
 .bss           0x000000000080013e        0x0 c:/avr-gcc-10.1.0/bin/../lib/gcc/avr/10.1.0/avr4\libgcc.a(_prologue.o)
 .bss           0x000000000080013e        0x0 c:/avr-gcc-10.1.0/bin/../lib/gcc/avr/10.1.0/avr4\libgcc.a(_epilogue.o)
 *(.bss*)
 .bss.i.0       0x000000000080013e        0x1 ./main.o
 .bss.buff      0x000000000080013f       0x64 ./main.o
                0x000000000080013f                buff
 *(COMMON)
                0x00000000008001a3                PROVIDE (__bss_end = .)
                0x0000000000000cea                __data_load_start = LOADADDR (.data)
                0x0000000000000dc8                __data_load_end = (__data_load_start + SIZEOF (.data))

.noinit         0x00000000008001a3        0x0
                [!provide]                        PROVIDE (__noinit_start = .)
 *(.noinit*)
                [!provide]                        PROVIDE (__noinit_end = .)
                0x00000000008001a3                _end = .
                [!provide]                        PROVIDE (__heap_start = .)

.eeprom         0x0000000000810000        0x0
 *(.eeprom*)
                0x0000000000810000                __eeprom_end = .

.fuse
 *(.fuse)
 *(.lfuse)
 *(.hfuse)
 *(.efuse)

.lock
 *(.lock*)

.signature
 *(.signature*)

.stab
 *(.stab)

.stabstr
 *(.stabstr)

.stab.excl
 *(.stab.excl)

.stab.exclstr
 *(.stab.exclstr)

.stab.index
 *(.stab.index)

.stab.indexstr
 *(.stab.indexstr)

.comment        0x0000000000000000       0x12
 *(.comment)
 .comment       0x0000000000000000       0x12 ./esp8266.o
                                         0x13 (size before relaxing)
 .comment       0x0000000000000012       0x13 ./lcd.o
 .comment       0x0000000000000012       0x13 ./main.o
 .comment       0x0000000000000012       0x13 ./usart.o
 .comment       0x0000000000000012       0x13 c:/avr-gcc-10.1.0/bin/../lib/gcc/avr/10.1.0/../../../../avr/lib/avr4\libc.a(sprintf.o)
 .comment       0x0000000000000012       0x13 c:/avr-gcc-10.1.0/bin/../lib/gcc/avr/10.1.0/../../../../avr/lib/avr4\libc.a(vfprintf_std.o)
 .comment       0x0000000000000012       0x13 c:/avr-gcc-10.1.0/bin/../lib/gcc/avr/10.1.0/../../../../avr/lib/avr4\libc.a(fputc.o)

.note.gnu.avr.deviceinfo
                0x0000000000000000       0x40
 .note.gnu.avr.deviceinfo
                0x0000000000000000       0x40 c:/avr-gcc-10.1.0/bin/../lib/gcc/avr/10.1.0/../../../../avr/lib/avr4/crtatmega8515.o

.note.gnu.build-id
 *(.note.gnu.build-id)

.debug
 *(.debug)

.line
 *(.line)

.debug_srcinfo
 *(.debug_srcinfo)

.debug_sfnames
 *(.debug_sfnames)

.debug_aranges  0x0000000000000000       0xe0
 *(.debug_aranges)
 .debug_aranges
                0x0000000000000000       0x20 c:/avr-gcc-10.1.0/bin/../lib/gcc/avr/10.1.0/avr4\libgcc.a(_divmodhi4.o)
 .debug_aranges
                0x0000000000000020       0x20 c:/avr-gcc-10.1.0/bin/../lib/gcc/avr/10.1.0/avr4\libgcc.a(_exit.o)
 .debug_aranges
                0x0000000000000040       0x20 c:/avr-gcc-10.1.0/bin/../lib/gcc/avr/10.1.0/avr4\libgcc.a(_copy_data.o)
 .debug_aranges
                0x0000000000000060       0x20 c:/avr-gcc-10.1.0/bin/../lib/gcc/avr/10.1.0/avr4\libgcc.a(_clear_bss.o)
 .debug_aranges
                0x0000000000000080       0x20 c:/avr-gcc-10.1.0/bin/../lib/gcc/avr/10.1.0/avr4\libgcc.a(_udivmodhi4.o)
 .debug_aranges
                0x00000000000000a0       0x20 c:/avr-gcc-10.1.0/bin/../lib/gcc/avr/10.1.0/avr4\libgcc.a(_prologue.o)
 .debug_aranges
                0x00000000000000c0       0x20 c:/avr-gcc-10.1.0/bin/../lib/gcc/avr/10.1.0/avr4\libgcc.a(_epilogue.o)

.debug_pubnames
 *(.debug_pubnames)

.debug_info     0x0000000000000000      0x4f4
 *(.debug_info .gnu.linkonce.wi.*)
 .debug_info    0x0000000000000000      0x3ea c:/avr-gcc-10.1.0/bin/../lib/gcc/avr/10.1.0/../../../../avr/lib/avr4/crtatmega8515.o
 .debug_info    0x00000000000003ea       0x26 c:/avr-gcc-10.1.0/bin/../lib/gcc/avr/10.1.0/avr4\libgcc.a(_divmodhi4.o)
 .debug_info    0x0000000000000410       0x26 c:/avr-gcc-10.1.0/bin/../lib/gcc/avr/10.1.0/avr4\libgcc.a(_exit.o)
 .debug_info    0x0000000000000436       0x26 c:/avr-gcc-10.1.0/bin/../lib/gcc/avr/10.1.0/avr4\libgcc.a(_copy_data.o)
 .debug_info    0x000000000000045c       0x26 c:/avr-gcc-10.1.0/bin/../lib/gcc/avr/10.1.0/avr4\libgcc.a(_clear_bss.o)
 .debug_info    0x0000000000000482       0x26 c:/avr-gcc-10.1.0/bin/../lib/gcc/avr/10.1.0/avr4\libgcc.a(_udivmodhi4.o)
 .debug_info    0x00000000000004a8       0x26 c:/avr-gcc-10.1.0/bin/../lib/gcc/avr/10.1.0/avr4\libgcc.a(_prologue.o)
 .debug_info    0x00000000000004ce       0x26 c:/avr-gcc-10.1.0/bin/../lib/gcc/avr/10.1.0/avr4\libgcc.a(_epilogue.o)

.debug_abbrev   0x0000000000000000      0x441
 *(.debug_abbrev)
 .debug_abbrev  0x0000000000000000      0x3b5 c:/avr-gcc-10.1.0/bin/../lib/gcc/avr/10.1.0/../../../../avr/lib/avr4/crtatmega8515.o
 .debug_abbrev  0x00000000000003b5       0x14 c:/avr-gcc-10.1.0/bin/../lib/gcc/avr/10.1.0/avr4\libgcc.a(_divmodhi4.o)
 .debug_abbrev  0x00000000000003c9       0x14 c:/avr-gcc-10.1.0/bin/../lib/gcc/avr/10.1.0/avr4\libgcc.a(_exit.o)
 .debug_abbrev  0x00000000000003dd       0x14 c:/avr-gcc-10.1.0/bin/../lib/gcc/avr/10.1.0/avr4\libgcc.a(_copy_data.o)
 .debug_abbrev  0x00000000000003f1       0x14 c:/avr-gcc-10.1.0/bin/../lib/gcc/avr/10.1.0/avr4\libgcc.a(_clear_bss.o)
 .debug_abbrev  0x0000000000000405       0x14 c:/avr-gcc-10.1.0/bin/../lib/gcc/avr/10.1.0/avr4\libgcc.a(_udivmodhi4.o)
 .debug_abbrev  0x0000000000000419       0x14 c:/avr-gcc-10.1.0/bin/../lib/gcc/avr/10.1.0/avr4\libgcc.a(_prologue.o)
 .debug_abbrev  0x000000000000042d       0x14 c:/avr-gcc-10.1.0/bin/../lib/gcc/avr/10.1.0/avr4\libgcc.a(_epilogue.o)

.debug_line     0x0000000000000000      0x522
 *(.debug_line .debug_line.* .debug_line_end)
 .debug_line    0x0000000000000000       0x1d c:/avr-gcc-10.1.0/bin/../lib/gcc/avr/10.1.0/../../../../avr/lib/avr4/crtatmega8515.o
 .debug_line    0x000000000000001d       0xc7 c:/avr-gcc-10.1.0/bin/../lib/gcc/avr/10.1.0/avr4\libgcc.a(_divmodhi4.o)
 .debug_line    0x00000000000000e4       0x61 c:/avr-gcc-10.1.0/bin/../lib/gcc/avr/10.1.0/avr4\libgcc.a(_exit.o)
 .debug_line    0x0000000000000145       0x97 c:/avr-gcc-10.1.0/bin/../lib/gcc/avr/10.1.0/avr4\libgcc.a(_copy_data.o)
 .debug_line    0x00000000000001dc       0x85 c:/avr-gcc-10.1.0/bin/../lib/gcc/avr/10.1.0/avr4\libgcc.a(_clear_bss.o)
 .debug_line    0x0000000000000261       0xcd c:/avr-gcc-10.1.0/bin/../lib/gcc/avr/10.1.0/avr4\libgcc.a(_udivmodhi4.o)
 .debug_line    0x000000000000032e       0xfd c:/avr-gcc-10.1.0/bin/../lib/gcc/avr/10.1.0/avr4\libgcc.a(_prologue.o)
 .debug_line    0x000000000000042b       0xf7 c:/avr-gcc-10.1.0/bin/../lib/gcc/avr/10.1.0/avr4\libgcc.a(_epilogue.o)

.debug_frame
 *(.debug_frame)

.debug_str      0x0000000000000000      0x1ab
 *(.debug_str)
 .debug_str     0x0000000000000000      0x14c c:/avr-gcc-10.1.0/bin/../lib/gcc/avr/10.1.0/../../../../avr/lib/avr4/crtatmega8515.o
 .debug_str     0x000000000000014c       0x5f c:/avr-gcc-10.1.0/bin/../lib/gcc/avr/10.1.0/avr4\libgcc.a(_divmodhi4.o)
 .debug_str     0x00000000000001ab       0x5f c:/avr-gcc-10.1.0/bin/../lib/gcc/avr/10.1.0/avr4\libgcc.a(_exit.o)
 .debug_str     0x00000000000001ab       0x5f c:/avr-gcc-10.1.0/bin/../lib/gcc/avr/10.1.0/avr4\libgcc.a(_copy_data.o)
 .debug_str     0x00000000000001ab       0x5f c:/avr-gcc-10.1.0/bin/../lib/gcc/avr/10.1.0/avr4\libgcc.a(_clear_bss.o)
 .debug_str     0x00000000000001ab       0x5f c:/avr-gcc-10.1.0/bin/../lib/gcc/avr/10.1.0/avr4\libgcc.a(_udivmodhi4.o)
 .debug_str     0x00000000000001ab       0x5f c:/avr-gcc-10.1.0/bin/../lib/gcc/avr/10.1.0/avr4\libgcc.a(_prologue.o)
 .debug_str     0x00000000000001ab       0x5f c:/avr-gcc-10.1.0/bin/../lib/gcc/avr/10.1.0/avr4\libgcc.a(_epilogue.o)

.debug_loc
 *(.debug_loc)

.debug_macinfo
 *(.debug_macinfo)

.debug_weaknames
 *(.debug_weaknames)

.debug_funcnames
 *(.debug_funcnames)

.debug_typenames
 *(.debug_typenames)

.debug_varnames
 *(.debug_varnames)

.debug_pubtypes
 *(.debug_pubtypes)

.debug_ranges
 *(.debug_ranges)

.debug_macro
 *(.debug_macro)

.debug_addr
 *(.debug_addr)
OUTPUT(AVR_WIFI_TEST.elf elf32-avr)
LOAD linker stubs
