Component: ARM Compiler 5.06 update 7 (build 960) Tool: armlink [4d3601]

==============================================================================

Section Cross References

    http_server.o(.text) refers to adc_ea_lpc4088.o(.text) for ADC_StartConversion
    http_server.o(.text) refers to buttons_ea_lpc4088.o(.text) for Buttons_GetState
    http_server.o(.text) refers to rt_cmsis.o(i.osSignalSet) for osSignalSet
    http_server.o(.text) refers to glcd_ea_lpc4088.o(.text) for GLCD_Initialize
    http_server.o(.text) refers to net_sys.o(i.netIF_GetOption) for netIF_GetOption
    http_server.o(.text) refers to net_addr.o(i.netIP_ntoa) for netIP_ntoa
    http_server.o(.text) refers to printfa.o(i.__0sprintf) for __2sprintf
    http_server.o(.text) refers to rt_cmsis.o(i.osSignalWait) for osSignalWait
    http_server.o(.text) refers to led_ea_lpc4088.o(.text) for LED_SetOut
    http_server.o(.text) refers to rt_cmsis.o(i.osDelay) for osDelay
    http_server.o(.text) refers to net_sys.o(i.netInitialize) for netInitialize
    http_server.o(.text) refers to rt_cmsis.o(i.osThreadCreate) for osThreadCreate
    http_server.o(.text) refers to http_server.o(.data) for .data
    http_server.o(.text) refers to glcd_fonts.o(.constdata) for GLCD_Font_16x24
    http_server.o(.text) refers to http_server.o(.bss) for .bss
    http_server.o(.text) refers to http_server.o(.constdata) for .constdata
    http_server.o(.constdata) refers to http_server.o(.text) for BlinkLed
    http_server_cgi.o(.text) refers to net_http_server.o(i.netCGI_GetEnvVar) for netCGI_GetEnvVar
    http_server_cgi.o(.text) refers to net_addr.o(i.netIP_aton) for netIP_aton
    http_server_cgi.o(.text) refers to net_sys.o(i.netIF_SetOption) for netIF_SetOption
    http_server_cgi.o(.text) refers to strcmp.o(.text) for strcmp
    http_server_cgi.o(.text) refers to strncmp.o(.text) for strncmp
    http_server_cgi.o(.text) refers to led_ea_lpc4088.o(.text) for LED_SetOut
    http_server_cgi.o(.text) refers to net_http_server.o(i.netHTTPs_LoginActive) for netHTTPs_LoginActive
    http_server_cgi.o(.text) refers to strcpy.o(.text) for strcpy
    http_server_cgi.o(.text) refers to net_http_server.o(i.netHTTPs_SetPassword) for netHTTPs_SetPassword
    http_server_cgi.o(.text) refers to rt_cmsis.o(i.osSignalSet) for osSignalSet
    http_server_cgi.o(.text) refers to net_sys.o(i.netIF_GetOption) for netIF_GetOption
    http_server_cgi.o(.text) refers to net_addr.o(i.netIP_ntoa) for netIP_ntoa
    http_server_cgi.o(.text) refers to printfa.o(i.__0sprintf) for __2sprintf
    http_server_cgi.o(.text) refers to net_tcp.o(i.netTCP_GetState) for netTCP_GetState
    http_server_cgi.o(.text) refers to net_tcp.o(i.netTCP_GetPeer) for netTCP_GetPeer
    http_server_cgi.o(.text) refers to net_tcp.o(i.netTCP_GetTimer) for netTCP_GetTimer
    http_server_cgi.o(.text) refers to net_tcp.o(i.netTCP_GetLocalPort) for netTCP_GetLocalPort
    http_server_cgi.o(.text) refers to net_http_server.o(i.netHTTPs_GetPassword) for netHTTPs_GetPassword
    http_server_cgi.o(.text) refers to net_http_server.o(i.netHTTPs_GetLanguage) for netHTTPs_GetLanguage
    http_server_cgi.o(.text) refers to http_server_cgi.o(.bss) for .bss
    http_server_cgi.o(.text) refers to http_server_cgi.o(.data) for .data
    http_server_cgi.o(.text) refers to http_server.o(.data) for LEDrun
    http_server_cgi.o(.text) refers to http_server_cgi.o(.conststring) for .conststring
    http_server_cgi.o(.text) refers to http_server.o(.text) for AD_in
    http_server_cgi.o(.text) refers to f2d.o(.text) for __aeabi_f2d
    web.o(.text) refers to web.o(.constdata) for .constdata
    web.o(.constdata) refers to web.o(.constdata) for imageFileData
    adc_ea_lpc4088.o(.text) refers to pin_lpc40xx.o(.text) for PIN_Configure
    adc_ea_lpc4088.o(.text) refers to adc_ea_lpc4088.o(.data) for .data
    buttons_ea_lpc4088.o(.text) refers to i2c_lpc40xx.o(.constdata) for Driver_I2C0
    glcd_ea_lpc4088.o(.text) refers to system_lpc407x_8x_177x_8x.o(.text) for SystemCoreClockUpdate
    glcd_ea_lpc4088.o(.text) refers to gpio_lpc40xx.o(.text) for GPIO_PortClock
    glcd_ea_lpc4088.o(.text) refers to pin_lpc40xx.o(.text) for PIN_Configure
    glcd_ea_lpc4088.o(.text) refers to i2c_lpc40xx.o(.constdata) for Driver_I2C0
    glcd_ea_lpc4088.o(.text) refers to glcd_ea_lpc4088.o(.data) for .data
    glcd_ea_lpc4088.o(.text) refers to glcd_ea_lpc4088.o(.ARM.__AT_0xA0000000) for .ARM.__AT_0xA0000000
    glcd_ea_lpc4088.o(.text) refers to system_lpc407x_8x_177x_8x.o(.data) for SystemCoreClock
    glcd_fonts.o(.constdata) refers to glcd_fonts.o(.constdata) for Font_6x8_h
    glcd_fonts.o(.constdata) refers to glcd_fonts.o(.constdata) for Font_16x24_h
    led_ea_lpc4088.o(.text) refers to i2c_lpc40xx.o(.constdata) for Driver_I2C0
    rtx_conf_cm.o(.ARM.Collect$$$$000000FF) refers to rt_cmsis.o(i.osKernelInitialize) for osKernelInitialize
    rtx_conf_cm.o(.ARM.Collect$$$$000000FF) refers to rt_cmsis.o(i.osThreadCreate) for osThreadCreate
[...]
    rt_resort_prio                           0x0000c419   Thumb Code    46  rt_list.o(i.rt_resort_prio)
    rt_ret_val                               0x0000c45d   Thumb Code    12  hal_cm.o(i.rt_ret_val)
    rt_ret_val2                              0x0000c469   Thumb Code    16  hal_cm.o(i.rt_ret_val2)
    rt_rmv_dly                               0x0000c479   Thumb Code    40  rt_list.o(i.rt_rmv_dly)
    rt_rmv_list                              0x0000c4a1   Thumb Code    44  rt_list.o(i.rt_rmv_list)
    rt_sem_delete                            0x0000c4d1   Thumb Code    84  rt_semaphore.o(i.rt_sem_delete)
    rt_sem_init                              0x0000c52d   Thumb Code    12  rt_semaphore.o(i.rt_sem_init)
    rt_sem_psh                               0x0000c539   Thumb Code    48  rt_semaphore.o(i.rt_sem_psh)
    rt_sem_send                              0x0000c56d   Thumb Code    42  rt_semaphore.o(i.rt_sem_send)
    rt_sem_wait                              0x0000c599   Thumb Code    58  rt_semaphore.o(i.rt_sem_wait)
    rt_stk_check                             0x0000c5d9   Thumb Code    28  rt_system.o(i.rt_stk_check)
    rt_switch_req                            0x0000c5fd   Thumb Code    30  rt_task.o(i.rt_switch_req)
    rt_sys_init                              0x0000c625   Thumb Code   138  rt_task.o(i.rt_sys_init)
    rt_sys_start                             0x0000c6f1   Thumb Code   110  rt_task.o(i.rt_sys_start)
    rt_systick                               0x0000c769   Thumb Code    50  rt_system.o(i.rt_systick)
    rt_tsk_create                            0x0000c82d   Thumb Code   118  rt_task.o(i.rt_tsk_create)
    rt_tsk_delete                            0x0000c8b5   Thumb Code   352  rt_task.o(i.rt_tsk_delete)
    rt_tsk_pass                              0x0000ca31   Thumb Code    38  rt_task.o(i.rt_tsk_pass)
    rt_tsk_prio                              0x0000ca61   Thumb Code   108  rt_task.o(i.rt_tsk_prio)
    rt_tsk_self                              0x0000cadd   Thumb Code    12  rt_task.o(i.rt_tsk_self)
    svcDelay                                 0x0000cba5   Thumb Code    18  rt_cmsis.o(i.svcDelay)
    svcKernelInitialize                      0x0000cbb9   Thumb Code    80  rt_cmsis.o(i.svcKernelInitialize)
    svcKernelStart                           0x0000cc29   Thumb Code    62  rt_cmsis.o(i.svcKernelStart)
    svcKernelSysTick                         0x0000cc71   Thumb Code    46  rt_cmsis.o(i.svcKernelSysTick)
    svcMessageCreate                         0x0000cca9   Thumb Code    36  rt_cmsis.o(i.svcMessageCreate)
    svcMessageGet                            0x0000cccd   Thumb Code    58  rt_cmsis.o(i.svcMessageGet)
    svcMutexCreate                           0x0000cd07   Thumb Code    28  rt_cmsis.o(i.svcMutexCreate)
    svcMutexDelete                           0x0000cd23   Thumb Code    26  rt_cmsis.o(i.svcMutexDelete)
    svcMutexRelease                          0x0000cd3d   Thumb Code    34  rt_cmsis.o(i.svcMutexRelease)
    svcMutexWait                             0x0000cd5f   Thumb Code    58  rt_cmsis.o(i.svcMutexWait)
    svcSemaphoreCreate                       0x0000cd99   Thumb Code    36  rt_cmsis.o(i.svcSemaphoreCreate)
    svcSemaphoreDelete                       0x0000cdbd   Thumb Code    26  rt_cmsis.o(i.svcSemaphoreDelete)
    svcSemaphoreRelease                      0x0000cdd7   Thumb Code    40  rt_cmsis.o(i.svcSemaphoreRelease)
    svcSemaphoreWait                         0x0000cdff   Thumb Code    50  rt_cmsis.o(i.svcSemaphoreWait)
    svcSignalClear                           0x0000ce31   Thumb Code    36  rt_cmsis.o(i.svcSignalClear)
    svcSignalSet                             0x0000ce55   Thumb Code    36  rt_cmsis.o(i.svcSignalSet)
    svcSignalWait                            0x0000ce79   Thumb Code    80  rt_cmsis.o(i.svcSignalWait)
    svcThreadCreate                          0x0000cecd   Thumb Code    96  rt_cmsis.o(i.svcThreadCreate)
    svcThreadGetId                           0x0000cf39   Thumb Code    22  rt_cmsis.o(i.svcThreadGetId)
    svcThreadTerminate                       0x0000cf55   Thumb Code    50  rt_cmsis.o(i.svcThreadTerminate)
    svcThreadYield                           0x0000cf8d   Thumb Code    10  rt_cmsis.o(i.svcThreadYield)
    svcTimerCall                             0x0000cf97   Thumb Code    24  rt_cmsis.o(i.svcTimerCall)
    svcTimerCreate                           0x0000cfb1   Thumb Code    52  rt_cmsis.o(i.svcTimerCreate)
    svcTimerDelete                           0x0000cfe9   Thumb Code    40  rt_cmsis.o(i.svcTimerDelete)
    svcTimerStart                            0x0000d011   Thumb Code    96  rt_cmsis.o(i.svcTimerStart)
    sysTimerTick                             0x0000d075   Thumb Code    84  rt_cmsis.o(i.sysTimerTick)
    os_thread_def_BlinkLed                   0x0000d89c   Data          16  http_server.o(.constdata)
    os_thread_def_Display                    0x0000d8ac   Data          16  http_server.o(.constdata)
    imageLastModified                        0x0000d8bc   Data           4  web.o(.constdata)
    GLCD_Font_16x24                          0x0001cecc   Data          16  glcd_fonts.o(.constdata)
    os_maxtaskrun                            0x0001cedc   Data           2  rtx_conf_cm.o(.constdata)
    os_stackinfo                             0x0001cee0   Data           4  rtx_conf_cm.o(.constdata)
    os_rrobin                                0x0001cee4   Data           4  rtx_conf_cm.o(.constdata)
    os_tickus_i                              0x0001cee8   Data           2  rtx_conf_cm.o(.constdata)
    os_tickus_f                              0x0001ceea   Data           2  rtx_conf_cm.o(.constdata)
    os_trv                                   0x0001ceec   Data           4  rtx_conf_cm.o(.constdata)
    os_flags                                 0x0001cef0   Data           1  rtx_conf_cm.o(.constdata)
    CMSIS_RTOS_API_Version                   0x0001cef4   Data           4  rtx_conf_cm.o(.constdata)
    CMSIS_RTOS_RTX_Version                   0x0001cef8   Data           4  rtx_conf_cm.o(.constdata)
    os_clockrate                             0x0001cefc   Data           4  rtx_conf_cm.o(.constdata)
    os_timernum                              0x0001cf00   Data           4  rtx_conf_cm.o(.constdata)
    os_thread_def_main                       0x0001cf04   Data          16  rtx_conf_cm.o(.constdata)
    mp_tcb_size                              0x0001cf14   Data           2  rtx_conf_cm.o(.constdata)
    mp_stk_size                              0x0001cf18   Data           4  rtx_conf_cm.o(.constdata)
    os_stack_sz                              0x0001cf1c   Data           4  rtx_conf_cm.o(.constdata)
    os_fifo_size                             0x0001cf20   Data           1  rtx_conf_cm.o(.constdata)
    os_thread_def_osTimerThread              0x0001cf24   Data          16  rtx_conf_cm.o(.constdata)
    os_messageQ_def_osTimerMessageQ          0x0001cf34   Data           8  rtx_conf_cm.o(.constdata)
    mp_tmr_size                              0x0001cf3c   Data           2  rtx_conf_cm.o(.constdata)
    Driver_ETH_MAC0                          0x0001cf68   Data          68  emac_lpc40xx.o(.constdata)
    Driver_I2C0                              0x0001cfc8   Data          48  i2c_lpc40xx.o(.constdata)
    Driver_ETH_PHY0                          0x0001cffc   Data          32  phy_lan8720.o(.constdata)
    os_mutex_def_net_lock                    0x0001d01c   Data           4  net_config.o(.constdata)
    os_mutex_def_mem_lock                    0x0001d020   Data           4  net_config.o(.constdata)
    os_semaphore_def_eth0_lock               0x0001d024   Data           4  net_config.o(.constdata)
    os_timer_def_net_tick                    0x0001d028   Data           8  net_config.o(.constdata)
    os_thread_def_netCore_Thread             0x0001d030   Data          16  net_config.o(.constdata)
    os_thread_def_eth0_thread                0x0001d040   Data          16  net_config.o(.constdata)
    net_sys_config                           0x0001d070   Data          28  net_config.o(.constdata)
    net_eth0_if_config                       0x0001d114   Data          44  net_config.o(.constdata)
    net_eth_list                             0x0001d140   Data           8  net_config.o(.constdata)
    net_if_list_all                          0x0001d148   Data           8  net_config.o(.constdata)
    net_if_inet_def                          0x0001d150   Data           8  net_config.o(.constdata)
    net_if_link_def                          0x0001d158   Data           8  net_config.o(.constdata)
    net_arp_list                             0x0001d160   Data           8  net_config.o(.constdata)
    net_dhcp_list                            0x0001d168   Data           8  net_config.o(.constdata)
    net_ndp_list                             0x0001d170   Data           8  net_config.o(.constdata)
    net_dhcp6_list                           0x0001d178   Data           8  net_config.o(.constdata)
    net_udp_config                           0x0001d180   Data          12  net_config.o(.constdata)
    net_tcp_config                           0x0001d18c   Data          24  net_config.o(.constdata)
    net_http_config                          0x0001d1a4   Data          52  net_config.o(.constdata)
    netif_getopt_func                        0x0001d230   Data          16  net_config.o(.constdata)
    netif_setopt_func                        0x0001d240   Data          16  net_config.o(.constdata)
    net_loop_if_config                       0x0001d250   Data          44  net_loopback.o(.constdata)
    net_http_auth_basic_func                 0x0001d39c   Data          24  net_http_server_auth.o(.constdata)
    net_ping_payload                         0x0001d3b4   Data          18  net_ping_core.o(.constdata)
    net_addr_unspec                          0x0001d3c6   Data          16  net_addr.o(.constdata)
    net_addr_bcast                           0x0001d3d6   Data           6  net_addr.o(.constdata)
    net_addr4_loopback                       0x0001d3dc   Data           4  net_ip4.o(.constdata)
    net_addr6_all_nodes                      0x0001d3e0   Data          16  net_ip6.o(.constdata)
    net_addr6_loopback                       0x0001d3f0   Data          16  net_ip6.o(.constdata)
    net_addr6_all_routers                    0x0001d400   Data          16  net_ip6.o(.constdata)
    net_http_error                           0x0001d410   Data          24  net_http_server_err.o(.constdata)
    net_lib_version                          0x0001d4b8   Data           4  net_version.o(.constdata)
    network_ip4ip6_release_v7.14.0           0x0001d4b8   Data           4  net_version.o(.constdata)
    __ctype_table                            0x0001d4bc   Data         129  ctype_o.o(.constdata)
    Region$$Table$$Base                      0x0001d8e0   Number         0  anon$$obj.o(Region$$Table)
    Region$$Table$$Limit                     0x0001d910   Number         0  anon$$obj.o(Region$$Table)
    LEDrun                                   0x10000000   Data           1  http_server.o(.data)
    TID_Display                              0x10000004   Data           4  http_server.o(.data)
    TID_Led                                  0x10000008   Data           4  http_server.o(.data)
    lcd_text                                 0x1000000c   Data          42  http_server.o(.data)
    m_tmr                                    0x1000004c   Data           4  rtx_conf_cm.o(.data)
    osThreadId_osTimerThread                 0x10000050   Data           4  rtx_conf_cm.o(.data)
    osMessageQId_osTimerMessageQ             0x10000054   Data           4  rtx_conf_cm.o(.data)
    SystemCoreClock                          0x10000058   Data           4  system_lpc407x_8x_177x_8x.o(.data)
    PeripheralClock                          0x1000005c   Data           4  system_lpc407x_8x_177x_8x.o(.data)
    EMCClock                                 0x10000060   Data           4  system_lpc407x_8x_177x_8x.o(.data)
    USBClock                                 0x10000064   Data           4  system_lpc407x_8x_177x_8x.o(.data)
    os_initialized                           0x1000007c   Data           1  rt_cmsis.o(.data)
    os_running                               0x1000007d   Data           1  rt_cmsis.o(.data)
    os_timer_head                            0x10000080   Data           4  rt_cmsis.o(.data)
    os_tsk                                   0x100000a0   Data           8  rt_task.o(.data)
    os_tick_irqn                             0x100000ac   Data           4  rt_system.o(.data)
    os_time                                  0x100000b0   Data           4  rt_time.o(.data)
    dbg_msg                                  0x100000b4   Data           1  hal_cm.o(.data)
    os_robin                                 0x100000c4   Data           8  rt_robin.o(.data)
    os_messageQ_q_osTimerMessageQ            0x10000158   Data          32  rtx_conf_cm.o(.bss)
    mp_tcb                                   0x10000178   Data         324  rtx_conf_cm.o(.bss)
    mp_stk                                   0x100002c0   Data        1552  rtx_conf_cm.o(.bss)
    os_stack_mem                             0x100008d0   Data        2584  rtx_conf_cm.o(.bss)
    os_fifo                                  0x100012e8   Data         132  rtx_conf_cm.o(.bss)
    os_active_TCB                            0x1000136c   Data          24  rtx_conf_cm.o(.bss)
    net_eth0_if_control                      0x10004878   Data         160  net_eth.o(.bss)
    net_eth0_arp_control                     0x10004918   Data          24  net_arp.o(.bss)
    net_eth0_ndp_control                     0x10004930   Data          68  net_ndp.o(.bss)
    net_eth0_dhcp_control                    0x10004990   Data          40  net_dhcp_client.o(.bss)
    net_eth0_dhcp6_control                   0x100049b8   Data          68  net_dhcp6_client.o(.bss)
    net_http_control                         0x10004a80   Data          20  net_http_server.o(.bss)
    net_ping_control                         0x10004a94   Data          44  net_ping_core.o(.bss)
    net_sys_control                          0x10004ad0   Data          28  net_sys.o(.bss)
    os_idle_TCB                              0x10004b54   Data          52  rt_task.o(.bss)
    os_rdy                                   0x10004b88   Data          24  rt_list.o(.bss)
    os_dly                                   0x10004ba0   Data          24  rt_list.o(.bss)
    __initial_sp                             0x10004fd0   Data           0  startup_lpc407x_8x_177x_8x.o(STACK)



==============================================================================

Memory Map of the image

  Image Entry point : 0x000000e5

  Load Region LR_IROM1 (Base: 0x00000000, Size: 0x0001d9e0, Max: 0x00080000, ABSOLUTE)

    Execution Region ER_IROM1 (Exec base: 0x00000000, Load base: 0x00000000, Size: 0x0001d910, Max: 0x00080000, ABSOLUTE)

    Exec Addr    Load Addr    Size         Type   Attr      Idx    E Section Name        Object

    0x00000000   0x00000000   0x000000e4   Data   RO          448    RESET               startup_lpc407x_8x_177x_8x.o
    0x000000e4   0x000000e4   0x00000000   Code   RO         2749  * .ARM.Collect$$$$00000000  mc_w.l(entry.o)
    0x000000e4   0x000000e4   0x00000004   Code   RO         3041    .ARM.Collect$$$$00000001  mc_w.l(entry2.o)
    0x000000e8   0x000000e8   0x00000004   Code   RO         3044    .ARM.Collect$$$$00000004  mc_w.l(entry5.o)
    0x000000ec   0x000000ec   0x00000000   Code   RO         3046    .ARM.Collect$$$$00000008  mc_w.l(entry7b.o)
    0x000000ec   0x000000ec   0x00000000   Code   RO         3048    .ARM.Collect$$$$0000000A  mc_w.l(entry8b.o)
    0x000000ec   0x000000ec   0x00000004   Code   RO         3054    .ARM.Collect$$$$0000000E  mc_w.l(entry12b.o)
    0x000000f0   0x000000f0   0x00000000   Code   RO         3049    .ARM.Collect$$$$0000000F  mc_w.l(entry10a.o)
    0x000000f0   0x000000f0   0x00000000   Code   RO         3051    .ARM.Collect$$$$00000011  mc_w.l(entry11a.o)
    0x000000f0   0x000000f0   0x00000018   Code   RO          238    .ARM.Collect$$$$000000FF  rtx_conf_cm.o
    0x00000108   0x00000108   0x00000004   Code   RO         3042    .ARM.Collect$$$$00002712  mc_w.l(entry2.o)
    0x0000010c   0x0000010c   0x00000198   Code   RO         2736    .emb_text           RTX_CM4.lib(hal_cm4.o)
    0x000002a4   0x000002a4   0x00000004   Code   RO          239    .text               rtx_conf_cm.o
    0x000002a8   0x000002a8   0x00000024   Code   RO          450    .text               startup_lpc407x_8x_177x_8x.o
    0x000002cc   0x000002cc   0x00000024   Code   RO         2754    .text               mc_w.l(memcpya.o)
    0x000002f0   0x000002f0   0x00000008   Code   RO         3064    .text               mc_w.l(ctype_o.o)
    0x000002f8   0x000002f8   0x00000000   Code   RO         3109    .text               mc_w.l(iusefp.o)
    0x000002f8   0x000002f8   0x00000004   Code   RO         2746    SVC_TABLE           RTX_CM4.lib(svc_table.o)
    0x000002fc   0x000002fc   0x00000004   Code   RO          449    .ARM.__at_0x02FC    startup_lpc407x_8x_177x_8x.o
    0x00000300   0x00000300   0x00000230   Code   RO            1    .text               http_server.o
    0x00000530   0x00000530   0x0000068c   Code   RO           63    .text               http_server_cgi.o
    0x00000bbc   0x00000bbc   0x0000005c   Code   RO           83    .text               web.o
    0x00000c18   0x00000c18   0x000000d0   Code   RO          106    .text               adc_ea_lpc4088.o
    0x00000ce8   0x00000ce8   0x00000070   Code   RO          158    .text               buttons_ea_lpc4088.o
    0x00000d58   0x00000d58   0x0000076c   Code   RO          180    .text               glcd_ea_lpc4088.o
    0x000014c4   0x000014c4   0x000001cc   Code   RO          225    .text               led_ea_lpc4088.o
    0x00001690   0x00001690   0x00000714   Code   RO          293    .text               emac_lpc40xx.o
    0x00001da4   0x00001da4   0x0000084c   Code   RO          347    .text               i2c_lpc40xx.o
    0x000025f0   0x000025f0   0x00000198   Code   RO          376    .text               phy_lan8720.o
    0x00002788   0x00002788   0x0000007c   Code   RO          401    .text               gpio_lpc40xx.o
    0x00002804   0x00002804   0x00000084   Code   RO          425    .text               pin_lpc40xx.o
    0x00002888   0x00002888   0x000003f8   Code   RO          459    .text               system_lpc407x_8x_177x_8x.o
    0x00002c80   0x00002c80   0x000000e4   Code   RO          486    .text               net_config.o
    0x00002d64   0x00002d64   0x00000062   Code   RO         2752    .text               mc_w.l(uldiv.o)
    0x00002dc6   0x00002dc6   0x00000024   Code   RO         2756    .text               mc_w.l(memseta.o)
    0x00002dea   0x00002dea   0x0000000e   Code   RO         2758    .text               mc_w.l(strlen.o)
    0x00002df8   0x00002df8   0x0000001c   Code   RO         2760    .text               mc_w.l(strcmp.o)
    0x00002e14   0x00002e14   0x0000001a   Code   RO         2762    .text               mc_w.l(memcmp.o)
    0x00002e2e   0x00002e2e   0x00000012   Code   RO         2764    .text               mc_w.l(strcpy.o)
    0x00002e40   0x00002e40   0x0000001e   Code   RO         2766    .text               mc_w.l(strncmp.o)
    0x00002e5e   0x00002e5e   0x00000002   PAD
    0x00002e60   0x00002e60   0x00000038   Code   RO         3031    .text               mc_w.l(__0sscanf.o)
    0x00002e98   0x00002e98   0x0000014c   Code   RO         3033    .text               mc_w.l(_scanf_int.o)
    0x00002fe4   0x00002fe4   0x0000001a   Code   RO         3037    .text               mc_w.l(atoi.o)
    0x00002ffe   0x00002ffe   0x00000026   Code   RO         3039    .text               mf_w.l(f2d.o)
    0x00003024   0x00003024   0x0000002c   Code   RO         3058    .text               mc_w.l(uidiv.o)
    0x00003050   0x00003050   0x0000001e   Code   RO         3060    .text               mc_w.l(llshl.o)
    0x0000306e   0x0000306e   0x00000020   Code   RO         3062    .text               mc_w.l(llushr.o)
    0x0000308e   0x0000308e   0x00000012   Code   RO         3086    .text               mc_w.l(isspace_o.o)
    0x000030a0   0x000030a0   0x0000001c   Code   RO         3099    .text               mc_w.l(_chval.o)
    0x000030bc   0x000030bc   0x00000028   Code   RO         3101    .text               mc_w.l(scanf_char.o)
    0x000030e4   0x000030e4   0x00000040   Code   RO         3103    .text               mc_w.l(_sgetc.o)
    0x00003124   0x00003124   0x0000009e   Code   RO         3105    .text               mc_w.l(_strtoul.o)
    0x000031c2   0x000031c2   0x00000070   Code   RO         3107    .text               mc_w.l(strtol.o)
    0x00003232   0x00003232   0x0000014e   Code   RO         3110    .text               mf_w.l(dadd.o)
    0x00003380   0x00003380   0x000000e4   Code   RO         3112    .text               mf_w.l(dmul.o)
    0x00003464   0x00003464   0x000000de   Code   RO         3114    .text               mf_w.l(ddiv.o)
    0x00003542   0x00003542   0x00000030   Code   RO         3116    .text               mf_w.l(dfixul.o)
    0x00003572   0x00003572   0x00000002   PAD
    0x00003574   0x00003574   0x00000030   Code   RO         3118    .text               mf_w.l(cdrcmple.o)
    0x000035a4   0x000035a4   0x00000024   Code   RO         3120    .text               mc_w.l(init.o)
    0x000035c8   0x000035c8   0x00000024   Code   RO         3123    .text               mc_w.l(llsshr.o)
    0x000035ec   0x000035ec   0x00000330   Code   RO         3127    .text               mc_w.l(_scanf.o)
    0x0000391c   0x0000391c   0x000000ba   Code   RO         3130    .text               mf_w.l(depilogue.o)
    0x000039d6   0x000039d6   0x00000002   PAD
    0x000039d8   0x000039d8   0x00000028   Code   RO         3005    i.__0sprintf        mc_w.l(printfa.o)
    0x00003a00   0x00003a00   0x00000008   Code   RO         3092    i.__aeabi_errno_addr  mc_w.l(errno.o)
    0x00003a08   0x00003a08   0x0000000e   Code   RO         3136    i.__scatterload_copy  mc_w.l(handlers.o)
    0x00003a16   0x00003a16   0x00000002   Code   RO         3137    i.__scatterload_null  mc_w.l(handlers.o)
    0x00003a18   0x00003a18   0x0000000e   Code   RO         3138    i.__scatterload_zeroinit  mc_w.l(handlers.o)
    0x00003a26   0x00003a26   0x00000002   PAD
    0x00003a28   0x00003a28   0x00000184   Code   RO         3010    i._fp_digits        mc_w.l(printfa.o)
    0x00003bac   0x00003bac   0x00000046   Code   RO         2421    i._init_box         RTX_CM4.lib(rt_membox.o)
    0x00003bf2   0x00003bf2   0x00000002   PAD
    0x00003bf4   0x00003bf4   0x000006b4   Code   RO         3011    i._printf_core      mc_w.l(printfa.o)
    0x000042a8   0x000042a8   0x00000024   Code   RO         3012    i._printf_post_padding  mc_w.l(printfa.o)
    0x000042cc   0x000042cc   0x0000002e   Code   RO         3013    i._printf_pre_padding  mc_w.l(printfa.o)
    0x000042fa   0x000042fa   0x0000000a   Code   RO         3015    i._sputc            mc_w.l(printfa.o)
    0x00004304   0x00004304   0x00000034   Code   RO         1679    i.add_server_id     Net_CM3_L.lib(net_http_server.o)
    0x00004338   0x00004338   0x0000007a   Code   RO         1250    i.arp_cache_alloc   Net_CM3_L.lib(net_arp.o)
    0x000043b2   0x000043b2   0x00000002   PAD
    0x000043b4   0x000043b4   0x000000f4   Code   RO         1251    i.arp_cache_run     Net_CM3_L.lib(net_arp.o)
    0x000044a8   0x000044a8   0x00000038   Code   RO         1252    i.arp_is_cacheable  Net_CM3_L.lib(net_arp.o)
    0x000044e0   0x000044e0   0x00000048   Code   RO         1253    i.arp_probe_run     Net_CM3_L.lib(net_arp.o)
    0x00004528   0x00004528   0x000000b0   Code   RO         1255    i.arp_proc_response  Net_CM3_L.lib(net_arp.o)
    0x000045d8   0x000045d8   0x0000001a   Code   RO         1256    i.arp_que_free      Net_CM3_L.lib(net_arp.o)
    0x000045f2   0x000045f2   0x00000080   Code   RO         1257    i.arp_send_reply    Net_CM3_L.lib(net_arp.o)
    0x00004672   0x00004672   0x00000002   PAD
    0x00004674   0x00004674   0x000000a8   Code   RO         1258    i.arp_send_request  Net_CM3_L.lib(net_arp.o)
    0x0000471c   0x0000471c   0x00000068   Code   RO         1259    i.arp_sender_valid  Net_CM3_L.lib(net_arp.o)
    0x00004784   0x00004784   0x0000006c   Code   RO         1623    i.check_client_id   Net_CM3_L.lib(net_dhcp6_client.o)
    0x000047f0   0x000047f0   0x00000170   Code   RO         1680    i.chk_post_req      Net_CM3_L.lib(net_http_server.o)
    0x00004960   0x00004960   0x00000028   Code   RO         2651    i.crc32_8bit        Net_CM3_L.lib(net_common.o)
    0x00004988   0x00004988   0x00000030   Code   RO         2474    i.dbg_init          RTX_CM4.lib(hal_cm.o)
    0x000049b8   0x000049b8   0x00000020   Code   RO         2475    i.dbg_task_notify   RTX_CM4.lib(hal_cm.o)
    0x000049d8   0x000049d8   0x00000010   Code   RO         2476    i.dbg_task_switch   RTX_CM4.lib(hal_cm.o)
    0x000049e8   0x000049e8   0x00000288   Code   RO         1624    i.dhcp6_client_run  Net_CM3_L.lib(net_dhcp6_client.o)
    0x00004c70   0x00004c70   0x00000048   Code   RO         1625    i.dhcp6_client_start  Net_CM3_L.lib(net_dhcp6_client.o)
    0x00004cb8   0x00004cb8   0x00000330   Code   RO         1627    i.dhcp6_listener    Net_CM3_L.lib(net_dhcp6_client.o)
    0x00004fe8   0x00004fe8   0x000001dc   Code   RO         1628    i.dhcp6_send_message  Net_CM3_L.lib(net_dhcp6_client.o)
    0x000051c4   0x000051c4   0x0000028c   Code   RO         1579    i.dhcp_client_run   Net_CM3_L.lib(net_dhcp_client.o)
    0x00005450   0x00005450   0x00000048   Code   RO         1580    i.dhcp_client_start  Net_CM3_L.lib(net_dhcp_client.o)
    0x00005498   0x00005498   0x0000024c   Code   RO         1582    i.dhcp_listener     Net_CM3_L.lib(net_dhcp_client.o)
    0x000056e4   0x000056e4   0x00000254   Code   RO         1583    i.dhcp_send_message  Net_CM3_L.lib(net_dhcp_client.o)
    0x00005938   0x00005938   0x0000009a   Code   RO         1194    i.eth_check_link    Net_CM3_L.lib(net_eth.o)
    0x000059d2   0x000059d2   0x00000002   PAD
    0x000059d4   0x000059d4   0x00000020   Code   RO         1195    i.eth_if_map        Net_CM3_L.lib(net_eth.o)
    0x000059f4   0x000059f4   0x00000268   Code   RO         1196    i.eth_iface_init    Net_CM3_L.lib(net_eth.o)
    0x00005c5c   0x00005c5c   0x0000022c   Code   RO         1197    i.eth_iface_run     Net_CM3_L.lib(net_eth.o)
    0x00005e88   0x00005e88   0x00000008   Code   RO         1199    i.eth_lock          Net_CM3_L.lib(net_eth.o)
    0x00005e90   0x00005e90   0x0000001c   Code   RO         1200    i.eth_mtu_limit     Net_CM3_L.lib(net_eth.o)
    0x00005eac   0x00005eac   0x00000048   Code   RO         1201    i.eth_opt_len       Net_CM3_L.lib(net_eth.o)
    0x00005ef4   0x00005ef4   0x00000088   Code   RO         1202    i.eth_receive       Net_CM3_L.lib(net_eth.o)
    0x00005f7c   0x00005f7c   0x00000008   Code   RO         1203    i.eth_unlock        Net_CM3_L.lib(net_eth.o)
    0x00005f84   0x00005f84   0x00000028   Code   RO         1681    i.get_next_field    Net_CM3_L.lib(net_http_server.o)
    0x00005fac   0x00005fac   0x00000032   Code   RO         1682    i.get_next_par      Net_CM3_L.lib(net_http_server.o)
    0x00005fde   0x00005fde   0x0000005c   Code   RO         1629    i.get_tout          Net_CM3_L.lib(net_dhcp6_client.o)
    0x0000603a   0x0000603a   0x00000022   Code   RO         1683    i.hex2byte          Net_CM3_L.lib(net_http_server.o)
    0x0000605c   0x0000605c   0x0000034c   Code   RO         1684    i.http_add_header   Net_CM3_L.lib(net_http_server.o)
    0x000063a8   0x000063a8   0x00000038   Code   RO         1801    i.http_auth_basic_add  Net_CM3_L.lib(net_http_server_auth.o)
    0x000063e0   0x000063e0   0x0000007c   Code   RO         1802    i.http_auth_basic_parse  Net_CM3_L.lib(net_http_server_auth.o)
    0x0000645c   0x0000645c   0x00000002   Code   RO         1809    i.http_auth_dummy   Net_CM3_L.lib(net_http_server_auth.o)
    0x0000645e   0x0000645e   0x00000002   PAD
    0x00006460   0x00006460   0x00000024   Code   RO         1810    i.http_auth_init    Net_CM3_L.lib(net_http_server_auth.o)
    0x00006484   0x00006484   0x000001a8   Code   RO         1685    i.http_error_msg    Net_CM3_L.lib(net_http_server.o)
    0x0000662c   0x0000662c   0x00000078   Code   RO         1686    i.http_get_ftype    Net_CM3_L.lib(net_http_server.o)
    0x000066a4   0x000066a4   0x0000005e   Code   RO         1687    i.http_kill_session  Net_CM3_L.lib(net_http_server.o)
    0x00006702   0x00006702   0x00000002   PAD
    0x00006704   0x00006704   0x00000210   Code   RO         1688    i.http_listener     Net_CM3_L.lib(net_http_server.o)
    0x00006914   0x00006914   0x00000118   Code   RO         1689    i.http_open_file    Net_CM3_L.lib(net_http_server.o)
    0x00006a2c   0x00006a2c   0x00000108   Code   RO         1690    i.http_parse_header  Net_CM3_L.lib(net_http_server.o)
    0x00006b34   0x00006b34   0x00000164   Code   RO         1691    i.http_proc_multipart  Net_CM3_L.lib(net_http_server.o)
    0x00006c98   0x00006c98   0x000000f4   Code   RO         1692    i.http_proc_post    Net_CM3_L.lib(net_http_server.o)
    0x00006d8c   0x00006d8c   0x000003c0   Code   RO         1693    i.http_server_run   Net_CM3_L.lib(net_http_server.o)
    0x0000714c   0x0000714c   0x00000050   Code   RO         1694    i.http_server_start  Net_CM3_L.lib(net_http_server.o)
    0x0000719c   0x0000719c   0x00000020   Code   RO         1695    i.http_strcpy       Net_CM3_L.lib(net_http_server.o)
    0x000071bc   0x000071bc   0x000000a4   Code   RO         1696    i.http_to_utc       Net_CM3_L.lib(net_http_server.o)
    0x00007260   0x00007260   0x0000000c   Code   RO         2527    i.ip4_get_chksum    Net_CM3_L.lib(net_ip4.o)
    0x0000726c   0x0000726c   0x00000028   Code   RO         2528    i.ip4_get_mtu       Net_CM3_L.lib(net_ip4.o)
    0x00007294   0x00007294   0x00000034   Code   RO         1903    i.ip4_ntoa          Net_CM3_L.lib(net_addr.o)
    0x000072c8   0x000072c8   0x000000d4   Code   RO         1904    i.ip6_ntoa          Net_CM3_L.lib(net_addr.o)
    0x0000739c   0x0000739c   0x0000001e   Code   RO         1584    i.is_selected       Net_CM3_L.lib(net_dhcp_client.o)
    0x000073ba   0x000073ba   0x0000002a   Code   RO          572    i.isrMessageGet     RTX_CM4.lib(rt_cmsis.o)
    0x000073e4   0x000073e4   0x0000002c   Code   RO          573    i.isrMessagePut     RTX_CM4.lib(rt_cmsis.o)
    0x00007410   0x00007410   0x00000028   Code   RO          574    i.isrSemaphoreRelease  RTX_CM4.lib(rt_cmsis.o)
    0x00007438   0x00007438   0x00000024   Code   RO          575    i.isrSignalSet      RTX_CM4.lib(rt_cmsis.o)
    0x0000745c   0x0000745c   0x00000028   Code   RO         2145    i.isr_evt_set       RTX_CM4.lib(rt_event.o)
    0x00007484   0x00007484   0x00000056   Code   RO         2267    i.isr_mbx_receive   RTX_CM4.lib(rt_mailbox.o)
    0x000074da   0x000074da   0x0000000e   Code   RO         2268    i.isr_mbx_send      RTX_CM4.lib(rt_mailbox.o)
    0x000074e8   0x000074e8   0x00000010   Code   RO         2315    i.isr_sem_send      RTX_CM4.lib(rt_semaphore.o)
    0x000074f8   0x000074f8   0x0000000c   Code   RO         2628    i.mem_lock          Net_CM3_L.lib(net_mem.o)
    0x00007504   0x00007504   0x0000000c   Code   RO         2629    i.mem_unlock        Net_CM3_L.lib(net_mem.o)
    0x00007510   0x00007510   0x00000128   Code   RO         1665    i.nbns_listener     Net_CM3_L.lib(net_nbns_client.o)
    0x00007638   0x00007638   0x00000092   Code   RO         1315    i.ndp_cache_add     Net_CM3_L.lib(net_ndp.o)
    0x000076ca   0x000076ca   0x00000072   Code   RO         1316    i.ndp_cache_alloc   Net_CM3_L.lib(net_ndp.o)
    0x0000773c   0x0000773c   0x000000d8   Code   RO         1317    i.ndp_cache_run     Net_CM3_L.lib(net_ndp.o)
    0x00007814   0x00007814   0x0000002c   Code   RO         1318    i.ndp_check_frame   Net_CM3_L.lib(net_ndp.o)
    0x00007840   0x00007840   0x00000012   Code   RO         1319    i.ndp_next_opt      Net_CM3_L.lib(net_ndp.o)
    0x00007852   0x00007852   0x000000c0   Code   RO         1320    i.ndp_prefix_add    Net_CM3_L.lib(net_ndp.o)
    0x00007912   0x00007912   0x00000048   Code   RO         1321    i.ndp_probe_run     Net_CM3_L.lib(net_ndp.o)
    0x0000795a   0x0000795a   0x000000ae   Code   RO         1323    i.ndp_proc_response  Net_CM3_L.lib(net_ndp.o)
    0x00007a08   0x00007a08   0x0000001a   Code   RO         1324    i.ndp_que_free      Net_CM3_L.lib(net_ndp.o)
    0x00007a22   0x00007a22   0x00000002   PAD
    0x00007a24   0x00007a24   0x00000038   Code   RO         1325    i.ndp_router_remove  Net_CM3_L.lib(net_ndp.o)
    0x00007a5c   0x00007a5c   0x00000070   Code   RO         1326    i.ndp_send_reply    Net_CM3_L.lib(net_ndp.o)
    0x00007acc   0x00007acc   0x00000084   Code   RO         1327    i.ndp_send_request  Net_CM3_L.lib(net_ndp.o)
    0x00007b50   0x00007b50   0x00000158   Code   RO         1328    i.ndp_slaac_run     Net_CM3_L.lib(net_ndp.o)
    0x00007ca8   0x00007ca8   0x00000004   Code   RO         1697    i.netCGI_Charset    Net_CM3_L.lib(net_http_server.o)
    0x00007cac   0x00007cac   0x00000004   Code   RO         1698    i.netCGI_ContentType  Net_CM3_L.lib(net_http_server.o)
    0x00007cb0   0x00007cb0   0x00000004   Code   RO         1699    i.netCGI_CustomHeader  Net_CM3_L.lib(net_http_server.o)
    0x00007cb4   0x00007cb4   0x0000006c   Code   RO         1700    i.netCGI_GetEnvVar  Net_CM3_L.lib(net_http_server.o)
    0x00007d20   0x00007d20   0x00000004   Code   RO         1703    i.netCGI_Redirect   Net_CM3_L.lib(net_http_server.o)
    0x00007d24   0x00007d24   0x00000004   Code   RO         1705    i.netCGX_ContentType  Net_CM3_L.lib(net_http_server.o)
    0x00007d28   0x00007d28   0x00000064   Code   RO         1854    i.netCore_Thread    Net_CM3_L.lib(net_sys.o)
    0x00007d8c   0x00007d8c   0x00000002   Code   RO         1632    i.netDHCP6_Notify   Net_CM3_L.lib(net_dhcp6_client.o)
    0x00007d8e   0x00007d8e   0x00000002   Code   RO         1204    i.netETH_Notify     Net_CM3_L.lib(net_eth.o)
    0x00007d90   0x00007d90   0x00000002   Code   RO         1205    i.netETH_ReceiveRaw  Net_CM3_L.lib(net_eth.o)
    0x00007d92   0x00007d92   0x0000004a   Code   RO         1207    i.netETH_Thread     Net_CM3_L.lib(net_eth.o)
    0x00007ddc   0x00007ddc   0x00000004   Code   RO         1706    i.netHTTPs_AcceptClient  Net_CM3_L.lib(net_http_server.o)
    0x00007de0   0x00007de0   0x00000004   Code   RO         1811    i.netHTTPs_CheckAccount  Net_CM3_L.lib(net_http_server_auth.o)
    0x00007de4   0x00007de4   0x00000004   Code   RO         1708    i.netHTTPs_FileAccess  Net_CM3_L.lib(net_http_server.o)
    0x00007de8   0x00007de8   0x00000020   Code   RO         1711    i.netHTTPs_GetLanguage  Net_CM3_L.lib(net_http_server.o)
    0x00007e08   0x00007e08   0x0000000c   Code   RO         1712    i.netHTTPs_GetPassword  Net_CM3_L.lib(net_http_server.o)
    0x00007e14   0x00007e14   0x0000000c   Code   RO         1718    i.netHTTPs_LoginActive  Net_CM3_L.lib(net_http_server.o)
    0x00007e20   0x00007e20   0x00000044   Code   RO         1721    i.netHTTPs_SetPassword  Net_CM3_L.lib(net_http_server.o)
    0x00007e64   0x00007e64   0x0000007c   Code   RO         1855    i.netIF_GetOption   Net_CM3_L.lib(net_sys.o)
    0x00007ee0   0x00007ee0   0x00000078   Code   RO         1857    i.netIF_SetOption   Net_CM3_L.lib(net_sys.o)
    0x00007f58   0x00007f58   0x0000001a   Code   RO         1906    i.netIP_aton        Net_CM3_L.lib(net_addr.o)
    0x00007f72   0x00007f72   0x00000032   Code   RO         1907    i.netIP_ntoa        Net_CM3_L.lib(net_addr.o)
    0x00007fa4   0x00007fa4   0x00000074   Code   RO         1858    i.netInitialize     Net_CM3_L.lib(net_sys.o)
    0x00008018   0x00008018   0x0000007c   Code   RO         1908    i.netMAC_aton       Net_CM3_L.lib(net_addr.o)
    0x00008094   0x00008094   0x00000004   Code   RO         1460    i.netTCP_GetLocalPort  Net_CM3_L.lib(net_tcp.o)
    0x00008098   0x00008098   0x00000020   Code   RO         1462    i.netTCP_GetPeer    Net_CM3_L.lib(net_tcp.o)
    0x000080b8   0x000080b8   0x00000004   Code   RO         1464    i.netTCP_GetState   Net_CM3_L.lib(net_tcp.o)
    0x000080bc   0x000080bc   0x00000004   Code   RO         1465    i.netTCP_GetTimer   Net_CM3_L.lib(net_tcp.o)
    0x000080c0   0x000080c0   0x00000068   Code   RO         1910    i.net_addr4_aton    Net_CM3_L.lib(net_addr.o)
    0x00008128   0x00008128   0x0000001e   Code   RO         1912    i.net_addr4_to_mac  Net_CM3_L.lib(net_addr.o)
    0x00008146   0x00008146   0x00000002   PAD
    0x00008148   0x00008148   0x000000f4   Code   RO         1913    i.net_addr6_aton    Net_CM3_L.lib(net_addr.o)
    0x0000823c   0x0000823c   0x00000028   Code   RO         1914    i.net_addr6_comp    Net_CM3_L.lib(net_addr.o)
    0x00008264   0x00008264   0x00000012   Code   RO         1915    i.net_addr6_copy    Net_CM3_L.lib(net_addr.o)
    0x00008276   0x00008276   0x00000002   PAD
    0x00008278   0x00008278   0x0000004c   Code   RO         1916    i.net_addr6_create  Net_CM3_L.lib(net_addr.o)
    0x000082c4   0x000082c4   0x00000028   Code   RO         1917    i.net_addr6_get_solicited  Net_CM3_L.lib(net_addr.o)
    0x000082ec   0x000082ec   0x00000018   Code   RO         1918    i.net_addr6_is_linklocal  Net_CM3_L.lib(net_addr.o)
    0x00008304   0x00008304   0x0000006e   Code   RO         1919    i.net_addr6_is_onlink  Net_CM3_L.lib(net_addr.o)
    0x00008372   0x00008372   0x00000048   Code   RO         1920    i.net_addr6_is_solicited  Net_CM3_L.lib(net_addr.o)
    0x000083ba   0x000083ba   0x00000018   Code   RO         1921    i.net_addr6_is_unspec  Net_CM3_L.lib(net_addr.o)
    0x000083d2   0x000083d2   0x0000000e   Code   RO         1923    i.net_addr6_to_mac  Net_CM3_L.lib(net_addr.o)
    0x000083e0   0x000083e0   0x00000026   Code   RO         1925    i.net_addr_copy     Net_CM3_L.lib(net_addr.o)
    0x00008406   0x00008406   0x0000001a   Code   RO         1926    i.net_addr_find_route  Net_CM3_L.lib(net_addr.o)
    0x00008420   0x00008420   0x00000020   Code   RO         1928    i.net_addr_get_local  Net_CM3_L.lib(net_addr.o)
    0x00008440   0x00008440   0x00000022   Code   RO         1929    i.net_addr_is_unspec  Net_CM3_L.lib(net_addr.o)
    0x00008462   0x00008462   0x000000a0   Code   RO         1266    i.net_arp_cache_add  Net_CM3_L.lib(net_arp.o)
    0x00008502   0x00008502   0x00000086   Code   RO         1267    i.net_arp_cache_early  Net_CM3_L.lib(net_arp.o)
    0x00008588   0x00008588   0x00000080   Code   RO         1268    i.net_arp_cache_find  Net_CM3_L.lib(net_arp.o)
    0x00008608   0x00008608   0x00000038   Code   RO         1269    i.net_arp_cache_init  Net_CM3_L.lib(net_arp.o)
    0x00008640   0x00008640   0x0000001c   Code   RO         1270    i.net_arp_cache_run  Net_CM3_L.lib(net_arp.o)
    0x0000865c   0x0000865c   0x00000066   Code   RO         1272    i.net_arp_enqueue   Net_CM3_L.lib(net_arp.o)
    0x000086c2   0x000086c2   0x00000020   Code   RO         1274    i.net_arp_notify    Net_CM3_L.lib(net_arp.o)
    0x000086e2   0x000086e2   0x00000012   Code   RO         1275    i.net_arp_probe     Net_CM3_L.lib(net_arp.o)
    0x000086f4   0x000086f4   0x00000162   Code   RO         1276    i.net_arp_process   Net_CM3_L.lib(net_arp.o)
    0x00008856   0x00008856   0x00000002   PAD
    0x00008858   0x00008858   0x00000078   Code   RO         2697    i.net_base64_decode  Net_CM3_L.lib(net_base64.o)
    0x000088d0   0x000088d0   0x00000030   Code   RO         2653    i.net_chksum_buf    Net_CM3_L.lib(net_common.o)
    0x00008900   0x00008900   0x0000001e   Code   RO         2654    i.net_crc_buf       Net_CM3_L.lib(net_common.o)
    0x0000891e   0x0000891e   0x00000002   PAD
    0x00008920   0x00008920   0x00000064   Code   RO         1633    i.net_dhcp6_client_init  Net_CM3_L.lib(net_dhcp6_client.o)
    0x00008984   0x00008984   0x0000001c   Code   RO         1634    i.net_dhcp6_client_run  Net_CM3_L.lib(net_dhcp6_client.o)
    0x000089a0   0x000089a0   0x00000060   Code   RO         1589    i.net_dhcp_client_init  Net_CM3_L.lib(net_dhcp_client.o)
    0x00008a00   0x00008a00   0x0000001c   Code   RO         1590    i.net_dhcp_client_run  Net_CM3_L.lib(net_dhcp_client.o)
    0x00008a1c   0x00008a1c   0x0000000e   Code   RO         1208    i.net_eth_callback  Net_CM3_L.lib(net_eth.o)
    0x00008a2a   0x00008a2a   0x00000068   Code   RO         1209    i.net_eth_config_mcast  Net_CM3_L.lib(net_eth.o)
    0x00008a92   0x00008a92   0x000000de   Code   RO         1211    i.net_eth_get_option  Net_CM3_L.lib(net_eth.o)
    0x00008b70   0x00008b70   0x0000001c   Code   RO         1212    i.net_eth_iface_init  Net_CM3_L.lib(net_eth.o)
    0x00008b8c   0x00008b8c   0x0000001c   Code   RO         1213    i.net_eth_iface_run  Net_CM3_L.lib(net_eth.o)
    0x00008ba8   0x00008ba8   0x00000098   Code   RO         1215    i.net_eth_output    Net_CM3_L.lib(net_eth.o)
    0x00008c40   0x00008c40   0x00000120   Code   RO         1216    i.net_eth_send_frame  Net_CM3_L.lib(net_eth.o)
    0x00008d60   0x00008d60   0x00000160   Code   RO         1217    i.net_eth_set_option  Net_CM3_L.lib(net_eth.o)
    0x00008ec0   0x00008ec0   0x000000a8   Code   RO         1727    i.net_http_server_init  Net_CM3_L.lib(net_http_server.o)
    0x00008f68   0x00008f68   0x00000028   Code   RO         1728    i.net_http_server_run  Net_CM3_L.lib(net_http_server.o)
    0x00008f90   0x00008f90   0x00000140   Code   RO         2608    i.net_icmp6_process  Net_CM3_L.lib(net_icmp6.o)
    0x000090d0   0x000090d0   0x00000064   Code   RO         2609    i.net_icmp6_send    Net_CM3_L.lib(net_icmp6.o)
    0x00009134   0x00009134   0x00000058   Code   RO         2610    i.net_icmp6_send_echo  Net_CM3_L.lib(net_icmp6.o)
    0x0000918c   0x0000918c   0x00000104   Code   RO         2567    i.net_icmp_process  Net_CM3_L.lib(net_icmp.o)
    0x00009290   0x00009290   0x00000080   Code   RO         2568    i.net_icmp_send_echo  Net_CM3_L.lib(net_icmp.o)
    0x00009310   0x00009310   0x0000000c   Code   RO         1862    i.net_if_map_all    Net_CM3_L.lib(net_sys.o)
    0x0000931c   0x0000931c   0x00000108   Code   RO         2529    i.net_ip4_chk_frame  Net_CM3_L.lib(net_ip4.o)
    0x00009424   0x00009424   0x0000002c   Code   RO         2530    i.net_ip4_chksum    Net_CM3_L.lib(net_ip4.o)
    0x00009450   0x00009450   0x00000006   Code   RO         2531    i.net_ip4_chksum_buf  Net_CM3_L.lib(net_ip4.o)
    0x00009456   0x00009456   0x00000002   PAD
    0x00009458   0x00009458   0x00000080   Code   RO         2533    i.net_ip4_find_route  Net_CM3_L.lib(net_ip4.o)
    0x000094d8   0x000094d8   0x0000002c   Code   RO         2534    i.net_ip4_get_local  Net_CM3_L.lib(net_ip4.o)
    0x00009504   0x00009504   0x00000018   Code   RO         2535    i.net_ip4_init      Net_CM3_L.lib(net_ip4.o)
    0x0000951c   0x0000951c   0x00000020   Code   RO         2536    i.net_ip4_is_onlink  Net_CM3_L.lib(net_ip4.o)
    0x0000953c   0x0000953c   0x00000026   Code   RO         2537    i.net_ip4_is_subcast  Net_CM3_L.lib(net_ip4.o)
    0x00009562   0x00009562   0x0000000e   Code   RO         2538    i.net_ip4_reass_frame  Net_CM3_L.lib(net_ip4.o)
    0x00009570   0x00009570   0x00000124   Code   RO         2539    i.net_ip4_send_frame  Net_CM3_L.lib(net_ip4.o)
    0x00009694   0x00009694   0x0000002a   Code   RO         2541    i.net_ip4_tx_offl_hl  Net_CM3_L.lib(net_ip4.o)
    0x000096be   0x000096be   0x00000002   PAD
    0x000096c0   0x000096c0   0x000000a8   Code   RO         2577    i.net_ip6_chk_frame  Net_CM3_L.lib(net_ip6.o)
    0x00009768   0x00009768   0x00000032   Code   RO         2578    i.net_ip6_chksum    Net_CM3_L.lib(net_ip6.o)
    0x0000979a   0x0000979a   0x00000002   PAD
    0x0000979c   0x0000979c   0x0000007c   Code   RO         2579    i.net_ip6_collect_mcast  Net_CM3_L.lib(net_ip6.o)
    0x00009818   0x00009818   0x00000048   Code   RO         2581    i.net_ip6_find_route  Net_CM3_L.lib(net_ip6.o)
    0x00009860   0x00009860   0x00000054   Code   RO         2582    i.net_ip6_get_local  Net_CM3_L.lib(net_ip6.o)
    0x000098b4   0x000098b4   0x00000014   Code   RO         2583    i.net_ip6_init      Net_CM3_L.lib(net_ip6.o)
    0x000098c8   0x000098c8   0x00000080   Code   RO         2584    i.net_ip6_send_frame  Net_CM3_L.lib(net_ip6.o)
    0x00009948   0x00009948   0x0000001e   Code   RO         2586    i.net_ip6_tx_offl_hl  Net_CM3_L.lib(net_ip6.o)
    0x00009966   0x00009966   0x00000002   PAD
    0x00009968   0x00009968   0x0000001c   Code   RO         1381    i.net_loop_iface_init  Net_CM3_L.lib(net_loopback.o)
    0x00009984   0x00009984   0x000000ac   Code   RO         1382    i.net_loop_iface_run  Net_CM3_L.lib(net_loopback.o)
    0x00009a30   0x00009a30   0x00000058   Code   RO         1384    i.net_loop_send_frame  Net_CM3_L.lib(net_loopback.o)
    0x00009a88   0x00009a88   0x0000008c   Code   RO         2630    i.net_mem_alloc     Net_CM3_L.lib(net_mem.o)
    0x00009b14   0x00009b14   0x0000001c   Code   RO         2631    i.net_mem_avail     Net_CM3_L.lib(net_mem.o)
    0x00009b30   0x00009b30   0x0000006c   Code   RO         2632    i.net_mem_free      Net_CM3_L.lib(net_mem.o)
    0x00009b9c   0x00009b9c   0x0000005c   Code   RO         2633    i.net_mem_init      Net_CM3_L.lib(net_mem.o)
    0x00009bf8   0x00009bf8   0x00000038   Code   RO         2634    i.net_mem_shrink    Net_CM3_L.lib(net_mem.o)
    0x00009c30   0x00009c30   0x00000030   Code   RO         1666    i.net_nbns_client_init  Net_CM3_L.lib(net_nbns_client.o)
    0x00009c60   0x00009c60   0x000000e8   Code   RO         1334    i.net_ndp_cache_find  Net_CM3_L.lib(net_ndp.o)
    0x00009d48   0x00009d48   0x0000004c   Code   RO         1335    i.net_ndp_cache_init  Net_CM3_L.lib(net_ndp.o)
    0x00009d94   0x00009d94   0x0000004a   Code   RO         1337    i.net_ndp_cache_refresh  Net_CM3_L.lib(net_ndp.o)
    0x00009dde   0x00009dde   0x00000002   PAD
    0x00009de0   0x00009de0   0x0000001c   Code   RO         1338    i.net_ndp_cache_run  Net_CM3_L.lib(net_ndp.o)
    0x00009dfc   0x00009dfc   0x00000060   Code   RO         1340    i.net_ndp_enqueue   Net_CM3_L.lib(net_ndp.o)
    0x00009e5c   0x00009e5c   0x00000260   Code   RO         1342    i.net_ndp_process   Net_CM3_L.lib(net_ndp.o)
    0x0000a0bc   0x0000a0bc   0x00000038   Code   RO         1864    i.net_path          Net_CM3_L.lib(net_sys.o)
    0x0000a0f4   0x0000a0f4   0x00000010   Code   RO         1835    i.net_ping_client_init  Net_CM3_L.lib(net_ping_core.o)
    0x0000a104   0x0000a104   0x00000040   Code   RO         1836    i.net_ping_client_run  Net_CM3_L.lib(net_ping_core.o)
    0x0000a144   0x0000a144   0x0000001c   Code   RO         1865    i.net_rand32        Net_CM3_L.lib(net_sys.o)
    0x0000a160   0x0000a160   0x0000002e   Code   RO         2655    i.net_strcasecmp    Net_CM3_L.lib(net_common.o)
    0x0000a18e   0x0000a18e   0x00000016   Code   RO         2656    i.net_strchr        Net_CM3_L.lib(net_common.o)
    0x0000a1a4   0x0000a1a4   0x0000001a   Code   RO         2657    i.net_strcmp        Net_CM3_L.lib(net_common.o)
    0x0000a1be   0x0000a1be   0x00000012   Code   RO         2658    i.net_strcpy        Net_CM3_L.lib(net_common.o)
    0x0000a1d0   0x0000a1d0   0x0000001c   Code   RO         2660    i.net_strnchr       Net_CM3_L.lib(net_common.o)
    0x0000a1ec   0x0000a1ec   0x0000001a   Code   RO         2661    i.net_strncpy       Net_CM3_L.lib(net_common.o)
    0x0000a206   0x0000a206   0x00000020   Code   RO         2662    i.net_strtoupper    Net_CM3_L.lib(net_common.o)
    0x0000a226   0x0000a226   0x00000002   PAD
    0x0000a228   0x0000a228   0x0000000c   Code   RO         1866    i.net_sys_lock      Net_CM3_L.lib(net_sys.o)
    0x0000a234   0x0000a234   0x00000016   Code   RO         1867    i.net_sys_resume    Net_CM3_L.lib(net_sys.o)
    0x0000a24a   0x0000a24a   0x00000002   PAD
    0x0000a24c   0x0000a24c   0x00000014   Code   RO         1869    i.net_sys_tick      Net_CM3_L.lib(net_sys.o)
    0x0000a260   0x0000a260   0x0000000c   Code   RO         1870    i.net_sys_unlock    Net_CM3_L.lib(net_sys.o)
    0x0000a26c   0x0000a26c   0x00000020   Code   RO         1872    i.net_sys_wakeup    Net_CM3_L.lib(net_sys.o)
    0x0000a28c   0x0000a28c   0x0000005c   Code   RO         1472    i.net_tcp_abort     Net_CM3_L.lib(net_tcp.o)
    0x0000a2e8   0x0000a2e8   0x000000ac   Code   RO         1475    i.net_tcp_close     Net_CM3_L.lib(net_tcp.o)
    0x0000a394   0x0000a394   0x0000001e   Code   RO         1478    i.net_tcp_get_buf   Net_CM3_L.lib(net_tcp.o)
    0x0000a3b2   0x0000a3b2   0x00000002   PAD
    0x0000a3b4   0x0000a3b4   0x00000034   Code   RO         1480    i.net_tcp_get_local_port  Net_CM3_L.lib(net_tcp.o)
    0x0000a3e8   0x0000a3e8   0x00000028   Code   RO         1481    i.net_tcp_get_mss   Net_CM3_L.lib(net_tcp.o)
    0x0000a410   0x0000a410   0x00000054   Code   RO         1483    i.net_tcp_get_peer  Net_CM3_L.lib(net_tcp.o)
    0x0000a464   0x0000a464   0x00000044   Code   RO         1485    i.net_tcp_get_socket  Net_CM3_L.lib(net_tcp.o)
    0x0000a4a8   0x0000a4a8   0x0000002c   Code   RO         1486    i.net_tcp_get_state  Net_CM3_L.lib(net_tcp.o)
    0x0000a4d4   0x0000a4d4   0x00000034   Code   RO         1487    i.net_tcp_get_timer  Net_CM3_L.lib(net_tcp.o)
    0x0000a508   0x0000a508   0x0000007c   Code   RO         1488    i.net_tcp_listen    Net_CM3_L.lib(net_tcp.o)
    0x0000a584   0x0000a584   0x00000520   Code   RO         1490    i.net_tcp_process   Net_CM3_L.lib(net_tcp.o)
    0x0000aaa4   0x0000aaa4   0x000000e8   Code   RO         1494    i.net_tcp_send      Net_CM3_L.lib(net_tcp.o)
    0x0000ab8c   0x0000ab8c   0x000000a4   Code   RO         1496    i.net_tcp_set_option  Net_CM3_L.lib(net_tcp.o)
    0x0000ac30   0x0000ac30   0x00000014   Code   RO         1497    i.net_tcp_socket_init  Net_CM3_L.lib(net_tcp.o)
    0x0000ac44   0x0000ac44   0x00000308   Code   RO         1498    i.net_tcp_socket_run  Net_CM3_L.lib(net_tcp.o)
    0x0000af4c   0x0000af4c   0x00000028   Code   RO         1407    i.net_udp_enable_lla  Net_CM3_L.lib(net_udp.o)
    0x0000af74   0x0000af74   0x0000001e   Code   RO         1409    i.net_udp_get_buf   Net_CM3_L.lib(net_udp.o)
    0x0000af92   0x0000af92   0x00000002   PAD
    0x0000af94   0x0000af94   0x00000048   Code   RO         1412    i.net_udp_get_socket  Net_CM3_L.lib(net_udp.o)
    0x0000afdc   0x0000afdc   0x0000006c   Code   RO         1414    i.net_udp_open      Net_CM3_L.lib(net_udp.o)
    0x0000b048   0x0000b048   0x00000110   Code   RO         1415    i.net_udp_process   Net_CM3_L.lib(net_udp.o)
    0x0000b158   0x0000b158   0x000001b8   Code   RO         1418    i.net_udp_send_if   Net_CM3_L.lib(net_udp.o)
    0x0000b310   0x0000b310   0x00000010   Code   RO         1420    i.net_udp_socket_init  Net_CM3_L.lib(net_udp.o)
    0x0000b320   0x0000b320   0x00000018   Code   RO          576    i.osDelay           RTX_CM4.lib(rt_cmsis.o)
    0x0000b338   0x0000b338   0x00000024   Code   RO          577    i.osKernelInitialize  RTX_CM4.lib(rt_cmsis.o)
    0x0000b35c   0x0000b35c   0x0000006c   Code   RO          579    i.osKernelStart     RTX_CM4.lib(rt_cmsis.o)
    0x0000b3c8   0x0000b3c8   0x00000018   Code   RO          580    i.osKernelSysTick   RTX_CM4.lib(rt_cmsis.o)
    0x0000b3e0   0x0000b3e0   0x00000018   Code   RO          588    i.osMessageGet      RTX_CM4.lib(rt_cmsis.o)
    0x0000b3f8   0x0000b3f8   0x0000002c   Code   RO          590    i.osMutexCreate     RTX_CM4.lib(rt_cmsis.o)
    0x0000b424   0x0000b424   0x00000018   Code   RO          591    i.osMutexDelete     RTX_CM4.lib(rt_cmsis.o)
    0x0000b43c   0x0000b43c   0x00000018   Code   RO          592    i.osMutexRelease    RTX_CM4.lib(rt_cmsis.o)
    0x0000b454   0x0000b454   0x00000018   Code   RO          593    i.osMutexWait       RTX_CM4.lib(rt_cmsis.o)
    0x0000b46c   0x0000b46c   0x0000002c   Code   RO          598    i.osSemaphoreCreate  RTX_CM4.lib(rt_cmsis.o)
    0x0000b498   0x0000b498   0x00000018   Code   RO          599    i.osSemaphoreDelete  RTX_CM4.lib(rt_cmsis.o)
    0x0000b4b0   0x0000b4b0   0x00000018   Code   RO          600    i.osSemaphoreRelease  RTX_CM4.lib(rt_cmsis.o)
    0x0000b4c8   0x0000b4c8   0x00000018   Code   RO          601    i.osSemaphoreWait   RTX_CM4.lib(rt_cmsis.o)
    0x0000b4e0   0x0000b4e0   0x00000018   Code   RO          602    i.osSignalClear     RTX_CM4.lib(rt_cmsis.o)
    0x0000b4f8   0x0000b4f8   0x00000018   Code   RO          603    i.osSignalSet       RTX_CM4.lib(rt_cmsis.o)
    0x0000b510   0x0000b510   0x00000018   Code   RO          604    i.osSignalWait      RTX_CM4.lib(rt_cmsis.o)
    0x0000b528   0x0000b528   0x0000002c   Code   RO          605    i.osThreadCreate    RTX_CM4.lib(rt_cmsis.o)
    0x0000b554   0x0000b554   0x00000018   Code   RO          606    i.osThreadExit      RTX_CM4.lib(rt_cmsis.o)
    0x0000b56c   0x0000b56c   0x00000018   Code   RO          607    i.osThreadGetId     RTX_CM4.lib(rt_cmsis.o)
    0x0000b584   0x0000b584   0x00000018   Code   RO          610    i.osThreadTerminate  RTX_CM4.lib(rt_cmsis.o)
    0x0000b59c   0x0000b59c   0x00000018   Code   RO          611    i.osThreadYield     RTX_CM4.lib(rt_cmsis.o)
    0x0000b5b4   0x0000b5b4   0x0000000c   Code   RO          612    i.osTimerCall       RTX_CM4.lib(rt_cmsis.o)
    0x0000b5c0   0x0000b5c0   0x0000002c   Code   RO          613    i.osTimerCreate     RTX_CM4.lib(rt_cmsis.o)
    0x0000b5ec   0x0000b5ec   0x00000018   Code   RO          614    i.osTimerDelete     RTX_CM4.lib(rt_cmsis.o)
    0x0000b604   0x0000b604   0x00000018   Code   RO          615    i.osTimerStart      RTX_CM4.lib(rt_cmsis.o)
    0x0000b61c   0x0000b61c   0x0000002c   Code   RO          617    i.osTimerThread     RTX_CM4.lib(rt_cmsis.o)
    0x0000b648   0x0000b648   0x00000028   Code   RO         2055    i.os_tick_init      RTX_CM4.lib(rt_system.o)
    0x0000b670   0x0000b670   0x00000002   Code   RO         2056    i.os_tick_irqack    RTX_CM4.lib(rt_system.o)
    0x0000b672   0x0000b672   0x00000002   PAD
    0x0000b674   0x0000b674   0x00000010   Code   RO         2057    i.os_tick_ovf       RTX_CM4.lib(rt_system.o)
    0x0000b684   0x0000b684   0x00000014   Code   RO         2058    i.os_tick_val       RTX_CM4.lib(rt_system.o)
    0x0000b698   0x0000b698   0x0000001c   Code   RO         1839    i.ping_send_req     Net_CM3_L.lib(net_ping_core.o)
    0x0000b6b4   0x0000b6b4   0x000000c4   Code   RO         1636    i.proc_opt_ia_na    Net_CM3_L.lib(net_dhcp6_client.o)
    0x0000b778   0x0000b778   0x000000a0   Code   RO         1592    i.proc_opt_renew    Net_CM3_L.lib(net_dhcp_client.o)
    0x0000b818   0x0000b818   0x000000f4   Code   RO         1593    i.proc_opt_req      Net_CM3_L.lib(net_dhcp_client.o)
    0x0000b90c   0x0000b90c   0x0000002e   Code   RO         1594    i.proc_opt_sel      Net_CM3_L.lib(net_dhcp_client.o)
    0x0000b93a   0x0000b93a   0x00000002   PAD
    0x0000b93c   0x0000b93c   0x00000058   Code   RO         1731    i.proc_req_line     Net_CM3_L.lib(net_http_server.o)
    0x0000b994   0x0000b994   0x000000a0   Code   RO         1732    i.read_script_line  Net_CM3_L.lib(net_http_server.o)
    0x0000ba34   0x0000ba34   0x0000001a   Code   RO         2422    i.rt_alloc_box      RTX_CM4.lib(rt_membox.o)
    0x0000ba4e   0x0000ba4e   0x0000003e   Code   RO         2450    i.rt_alloc_mem      RTX_CM4.lib(rt_memory.o)
    0x0000ba8c   0x0000ba8c   0x00000038   Code   RO         1970    i.rt_block          RTX_CM4.lib(rt_task.o)
    0x0000bac4   0x0000bac4   0x00000048   Code   RO         2715    i.rt_chk_robin      RTX_CM4.lib(rt_robin.o)
    0x0000bb0c   0x0000bb0c   0x00000070   Code   RO         2191    i.rt_dec_dly        RTX_CM4.lib(rt_list.o)
    0x0000bb7c   0x0000bb7c   0x00000044   Code   RO         1971    i.rt_dispatch       RTX_CM4.lib(rt_task.o)
    0x0000bbc0   0x0000bbc0   0x00000006   Code   RO         2357    i.rt_dly_wait       RTX_CM4.lib(rt_time.o)
    0x0000bbc6   0x0000bbc6   0x00000002   PAD
    0x0000bbc8   0x0000bbc8   0x0000001c   Code   RO         2146    i.rt_evt_clr        RTX_CM4.lib(rt_event.o)
    0x0000bbe4   0x0000bbe4   0x00000050   Code   RO         2148    i.rt_evt_psh        RTX_CM4.lib(rt_event.o)
    0x0000bc34   0x0000bc34   0x0000005c   Code   RO         2149    i.rt_evt_set        RTX_CM4.lib(rt_event.o)
    0x0000bc90   0x0000bc90   0x0000003c   Code   RO         2150    i.rt_evt_wait       RTX_CM4.lib(rt_event.o)
    0x0000bccc   0x0000bccc   0x0000002c   Code   RO         2423    i.rt_free_box       RTX_CM4.lib(rt_membox.o)
    0x0000bcf8   0x0000bcf8   0x00000028   Code   RO         2451    i.rt_free_mem       RTX_CM4.lib(rt_memory.o)
    0x0000bd20   0x0000bd20   0x00000028   Code   RO         2192    i.rt_get_first      RTX_CM4.lib(rt_list.o)
    0x0000bd48   0x0000bd48   0x00000024   Code   RO         2193    i.rt_get_same_rdy_prio  RTX_CM4.lib(rt_list.o)
    0x0000bd6c   0x0000bd6c   0x00000008   Code   RO          622    i.rt_id2obj         RTX_CM4.lib(rt_cmsis.o)
    0x0000bd74   0x0000bd74   0x00000048   Code   RO         1972    i.rt_init_context   RTX_CM4.lib(rt_task.o)
    0x0000bdbc   0x0000bdbc   0x0000001a   Code   RO         2452    i.rt_init_mem       RTX_CM4.lib(rt_memory.o)
    0x0000bdd6   0x0000bdd6   0x00000002   PAD
    0x0000bdd8   0x0000bdd8   0x00000018   Code   RO         2716    i.rt_init_robin     RTX_CM4.lib(rt_robin.o)
    0x0000bdf0   0x0000bdf0   0x00000080   Code   RO         2477    i.rt_init_stack     RTX_CM4.lib(hal_cm.o)
    0x0000be70   0x0000be70   0x00000008   Code   RO         2269    i.rt_mbx_check      RTX_CM4.lib(rt_mailbox.o)
    0x0000be78   0x0000be78   0x0000001a   Code   RO         2270    i.rt_mbx_init       RTX_CM4.lib(rt_mailbox.o)
    0x0000be92   0x0000be92   0x00000002   PAD
    0x0000be94   0x0000be94   0x000000f0   Code   RO         2271    i.rt_mbx_psh        RTX_CM4.lib(rt_mailbox.o)
    0x0000bf84   0x0000bf84   0x000000b4   Code   RO         2273    i.rt_mbx_wait       RTX_CM4.lib(rt_mailbox.o)
    0x0000c038   0x0000c038   0x00000044   Code   RO          623    i.rt_ms2tick        RTX_CM4.lib(rt_cmsis.o)
    0x0000c07c   0x0000c07c   0x000000b0   Code   RO         2390    i.rt_mut_delete     RTX_CM4.lib(rt_mutex.o)
    0x0000c12c   0x0000c12c   0x00000010   Code   RO         2391    i.rt_mut_init       RTX_CM4.lib(rt_mutex.o)
    0x0000c13c   0x0000c13c   0x000000d8   Code   RO         2392    i.rt_mut_release    RTX_CM4.lib(rt_mutex.o)
    0x0000c214   0x0000c214   0x00000078   Code   RO         2393    i.rt_mut_wait       RTX_CM4.lib(rt_mutex.o)
    0x0000c28c   0x0000c28c   0x0000007c   Code   RO         2059    i.rt_pop_req        RTX_CM4.lib(rt_system.o)
    0x0000c308   0x0000c308   0x00000020   Code   RO         2060    i.rt_psh_req        RTX_CM4.lib(rt_system.o)
    0x0000c328   0x0000c328   0x0000005c   Code   RO         2194    i.rt_psq_enq        RTX_CM4.lib(rt_list.o)
    0x0000c384   0x0000c384   0x00000048   Code   RO         2195    i.rt_put_dly        RTX_CM4.lib(rt_list.o)
    0x0000c3cc   0x0000c3cc   0x00000036   Code   RO         2196    i.rt_put_prio       RTX_CM4.lib(rt_list.o)
    0x0000c402   0x0000c402   0x00000002   PAD
    0x0000c404   0x0000c404   0x00000014   Code   RO         2197    i.rt_put_rdy_first  RTX_CM4.lib(rt_list.o)
    0x0000c418   0x0000c418   0x00000034   Code   RO         2198    i.rt_resort_prio    RTX_CM4.lib(rt_list.o)
    0x0000c44c   0x0000c44c   0x00000010   Code   RO         2478    i.rt_ret_regs       RTX_CM4.lib(hal_cm.o)
    0x0000c45c   0x0000c45c   0x0000000c   Code   RO         2479    i.rt_ret_val        RTX_CM4.lib(hal_cm.o)
    0x0000c468   0x0000c468   0x00000010   Code   RO         2480    i.rt_ret_val2       RTX_CM4.lib(hal_cm.o)
    0x0000c478   0x0000c478   0x00000028   Code   RO         2199    i.rt_rmv_dly        RTX_CM4.lib(rt_list.o)
    0x0000c4a0   0x0000c4a0   0x00000030   Code   RO         2200    i.rt_rmv_list       RTX_CM4.lib(rt_list.o)
    0x0000c4d0   0x0000c4d0   0x0000005c   Code   RO         2316    i.rt_sem_delete     RTX_CM4.lib(rt_semaphore.o)
    0x0000c52c   0x0000c52c   0x0000000c   Code   RO         2317    i.rt_sem_init       RTX_CM4.lib(rt_semaphore.o)
    0x0000c538   0x0000c538   0x00000034   Code   RO         2318    i.rt_sem_psh        RTX_CM4.lib(rt_semaphore.o)
    0x0000c56c   0x0000c56c   0x0000002a   Code   RO         2319    i.rt_sem_send       RTX_CM4.lib(rt_semaphore.o)
    0x0000c596   0x0000c596   0x00000002   PAD
    0x0000c598   0x0000c598   0x00000040   Code   RO         2320    i.rt_sem_wait       RTX_CM4.lib(rt_semaphore.o)
    0x0000c5d8   0x0000c5d8   0x00000024   Code   RO         2062    i.rt_stk_check      RTX_CM4.lib(rt_system.o)
    0x0000c5fc   0x0000c5fc   0x00000028   Code   RO         1973    i.rt_switch_req     RTX_CM4.lib(rt_task.o)
    0x0000c624   0x0000c624   0x000000cc   Code   RO         1974    i.rt_sys_init       RTX_CM4.lib(rt_task.o)
    0x0000c6f0   0x0000c6f0   0x00000078   Code   RO         1975    i.rt_sys_start      RTX_CM4.lib(rt_task.o)
    0x0000c768   0x0000c768   0x00000040   Code   RO         2064    i.rt_systick        RTX_CM4.lib(rt_system.o)
    0x0000c7a8   0x0000c7a8   0x00000012   Code   RO          624    i.rt_tid2ptcb       RTX_CM4.lib(rt_cmsis.o)
    0x0000c7ba   0x0000c7ba   0x00000002   PAD
    0x0000c7bc   0x0000c7bc   0x00000034   Code   RO          625    i.rt_timer_insert   RTX_CM4.lib(rt_cmsis.o)
    0x0000c7f0   0x0000c7f0   0x0000003c   Code   RO          626    i.rt_timer_remove   RTX_CM4.lib(rt_cmsis.o)
    0x0000c82c   0x0000c82c   0x00000088   Code   RO         1976    i.rt_tsk_create     RTX_CM4.lib(rt_task.o)
    0x0000c8b4   0x0000c8b4   0x0000017c   Code   RO         1977    i.rt_tsk_delete     RTX_CM4.lib(rt_task.o)
    0x0000ca30   0x0000ca30   0x00000030   Code   RO         1978    i.rt_tsk_pass       RTX_CM4.lib(rt_task.o)
    0x0000ca60   0x0000ca60   0x0000007c   Code   RO         1979    i.rt_tsk_prio       RTX_CM4.lib(rt_task.o)
    0x0000cadc   0x0000cadc   0x00000010   Code   RO         1980    i.rt_tsk_self       RTX_CM4.lib(rt_task.o)
    0x0000caec   0x0000caec   0x00000048   Code   RO         1733    i.search_delim      Net_CM3_L.lib(net_http_server.o)
    0x0000cb34   0x0000cb34   0x00000070   Code   RO         1637    i.select_server     Net_CM3_L.lib(net_dhcp6_client.o)
    0x0000cba4   0x0000cba4   0x00000012   Code   RO          627    i.svcDelay          RTX_CM4.lib(rt_cmsis.o)
    0x0000cbb6   0x0000cbb6   0x00000002   PAD
    0x0000cbb8   0x0000cbb8   0x00000070   Code   RO          628    i.svcKernelInitialize  RTX_CM4.lib(rt_cmsis.o)
    0x0000cc28   0x0000cc28   0x00000048   Code   RO          630    i.svcKernelStart    RTX_CM4.lib(rt_cmsis.o)
    0x0000cc70   0x0000cc70   0x00000038   Code   RO          631    i.svcKernelSysTick  RTX_CM4.lib(rt_cmsis.o)
    0x0000cca8   0x0000cca8   0x00000024   Code   RO          633    i.svcMessageCreate  RTX_CM4.lib(rt_cmsis.o)
    0x0000cccc   0x0000cccc   0x0000003a   Code   RO          634    i.svcMessageGet     RTX_CM4.lib(rt_cmsis.o)
    0x0000cd06   0x0000cd06   0x0000001c   Code   RO          636    i.svcMutexCreate    RTX_CM4.lib(rt_cmsis.o)
    0x0000cd22   0x0000cd22   0x0000001a   Code   RO          637    i.svcMutexDelete    RTX_CM4.lib(rt_cmsis.o)
    0x0000cd3c   0x0000cd3c   0x00000022   Code   RO          638    i.svcMutexRelease   RTX_CM4.lib(rt_cmsis.o)
    0x0000cd5e   0x0000cd5e   0x0000003a   Code   RO          639    i.svcMutexWait      RTX_CM4.lib(rt_cmsis.o)
    0x0000cd98   0x0000cd98   0x00000024   Code   RO          641    i.svcSemaphoreCreate  RTX_CM4.lib(rt_cmsis.o)
    0x0000cdbc   0x0000cdbc   0x0000001a   Code   RO          642    i.svcSemaphoreDelete  RTX_CM4.lib(rt_cmsis.o)
    0x0000cdd6   0x0000cdd6   0x00000028   Code   RO          643    i.svcSemaphoreRelease  RTX_CM4.lib(rt_cmsis.o)
    0x0000cdfe   0x0000cdfe   0x00000032   Code   RO          644    i.svcSemaphoreWait  RTX_CM4.lib(rt_cmsis.o)
    0x0000ce30   0x0000ce30   0x00000024   Code   RO          645    i.svcSignalClear    RTX_CM4.lib(rt_cmsis.o)
    0x0000ce54   0x0000ce54   0x00000024   Code   RO          646    i.svcSignalSet      RTX_CM4.lib(rt_cmsis.o)
    0x0000ce78   0x0000ce78   0x00000054   Code   RO          647    i.svcSignalWait     RTX_CM4.lib(rt_cmsis.o)
    0x0000cecc   0x0000cecc   0x0000006c   Code   RO          648    i.svcThreadCreate   RTX_CM4.lib(rt_cmsis.o)
    0x0000cf38   0x0000cf38   0x0000001c   Code   RO          649    i.svcThreadGetId    RTX_CM4.lib(rt_cmsis.o)
    0x0000cf54   0x0000cf54   0x00000038   Code   RO          652    i.svcThreadTerminate  RTX_CM4.lib(rt_cmsis.o)
    0x0000cf8c   0x0000cf8c   0x0000000a   Code   RO          653    i.svcThreadYield    RTX_CM4.lib(rt_cmsis.o)
    0x0000cf96   0x0000cf96   0x00000018   Code   RO          654    i.svcTimerCall      RTX_CM4.lib(rt_cmsis.o)
    0x0000cfae   0x0000cfae   0x00000002   PAD
    0x0000cfb0   0x0000cfb0   0x00000038   Code   RO          655    i.svcTimerCreate    RTX_CM4.lib(rt_cmsis.o)
    0x0000cfe8   0x0000cfe8   0x00000028   Code   RO          656    i.svcTimerDelete    RTX_CM4.lib(rt_cmsis.o)
    0x0000d010   0x0000d010   0x00000064   Code   RO          657    i.svcTimerStart     RTX_CM4.lib(rt_cmsis.o)
    0x0000d074   0x0000d074   0x0000005c   Code   RO          663    i.sysTimerTick      RTX_CM4.lib(rt_cmsis.o)
    0x0000d0d0   0x0000d0d0   0x00000018   Code   RO         1873    i.sys_map_if        Net_CM3_L.lib(net_sys.o)
    0x0000d0e8   0x0000d0e8   0x0000004c   Code   RO         1874    i.sys_proc_tick     Net_CM3_L.lib(net_sys.o)
    0x0000d134   0x0000d134   0x000000f0   Code   RO         1500    i.tcp_map_socket    Net_CM3_L.lib(net_tcp.o)
    0x0000d224   0x0000d224   0x0000005e   Code   RO         1501    i.tcp_parse_opt     Net_CM3_L.lib(net_tcp.o)
    0x0000d282   0x0000d282   0x00000002   PAD
    0x0000d284   0x0000d284   0x000000d4   Code   RO         1502    i.tcp_proc_acknr    Net_CM3_L.lib(net_tcp.o)
    0x0000d358   0x0000d358   0x00000060   Code   RO         1503    i.tcp_proc_dupack   Net_CM3_L.lib(net_tcp.o)
    0x0000d3b8   0x0000d3b8   0x0000001a   Code   RO         1504    i.tcp_que_free      Net_CM3_L.lib(net_tcp.o)
    0x0000d3d2   0x0000d3d2   0x0000001a   Code   RO         1505    i.tcp_que_init      Net_CM3_L.lib(net_tcp.o)
    0x0000d3ec   0x0000d3ec   0x00000098   Code   RO         1506    i.tcp_que_resend    Net_CM3_L.lib(net_tcp.o)
    0x0000d484   0x0000d484   0x0000007e   Code   RO         1507    i.tcp_send_ctrl     Net_CM3_L.lib(net_tcp.o)
    0x0000d502   0x0000d502   0x00000062   Code   RO         1508    i.tcp_send_data     Net_CM3_L.lib(net_tcp.o)
    0x0000d564   0x0000d564   0x00000080   Code   RO         1509    i.tcp_send_reset    Net_CM3_L.lib(net_tcp.o)
    0x0000d5e4   0x0000d5e4   0x0000002c   Code   RO         1510    i.tcp_set_cwnd      Net_CM3_L.lib(net_tcp.o)
    0x0000d610   0x0000d610   0x00000074   Code   RO         1511    i.tcp_transit       Net_CM3_L.lib(net_tcp.o)
    0x0000d684   0x0000d684   0x000000fc   Code   RO         1512    i.tcp_write         Net_CM3_L.lib(net_tcp.o)
    0x0000d780   0x0000d780   0x0000002c   Code   RO         1422    i.udp_port_in_use   Net_CM3_L.lib(net_udp.o)
    0x0000d7ac   0x0000d7ac   0x000000f0   Code   RO         1734    i.utc_to_http       Net_CM3_L.lib(net_http_server.o)
    0x0000d89c   0x0000d89c   0x00000020   Data   RO            3    .constdata          http_server.o
    0x0000d8bc   0x0000d8bc   0x00000004   Data   RO           84    .constdata          web.o
    0x0000d8c0   0x0000d8c0   0x0000e064   Data   RO           85    .constdata          web.o
    0x0001b924   0x0001b924   0x000000a8   Data   RO           86    .constdata          web.o
    0x0001b9cc   0x0001b9cc   0x00001500   Data   RO          214    .constdata          glcd_fonts.o
    0x0001cecc   0x0001cecc   0x00000010   Data   RO          216    .constdata          glcd_fonts.o
    0x0001cedc   0x0001cedc   0x00000002   Data   RO          246    .constdata          rtx_conf_cm.o
    0x0001cede   0x0001cede   0x00000002   PAD
    0x0001cee0   0x0001cee0   0x00000004   Data   RO          247    .constdata          rtx_conf_cm.o
    0x0001cee4   0x0001cee4   0x00000004   Data   RO          248    .constdata          rtx_conf_cm.o
    0x0001cee8   0x0001cee8   0x00000002   Data   RO          250    .constdata          rtx_conf_cm.o
    0x0001ceea   0x0001ceea   0x00000002   Data   RO          251    .constdata          rtx_conf_cm.o
    0x0001ceec   0x0001ceec   0x00000004   Data   RO          252    .constdata          rtx_conf_cm.o
    0x0001cef0   0x0001cef0   0x00000001   Data   RO          253    .constdata          rtx_conf_cm.o
    0x0001cef1   0x0001cef1   0x00000003   PAD
    0x0001cef4   0x0001cef4   0x00000020   Data   RO          254    .constdata          rtx_conf_cm.o
    0x0001cf14   0x0001cf14   0x00000002   Data   RO          255    .constdata          rtx_conf_cm.o
    0x0001cf16   0x0001cf16   0x00000002   PAD
    0x0001cf18   0x0001cf18   0x00000004   Data   RO          256    .constdata          rtx_conf_cm.o
    0x0001cf1c   0x0001cf1c   0x00000004   Data   RO          257    .constdata          rtx_conf_cm.o
    0x0001cf20   0x0001cf20   0x00000001   Data   RO          258    .constdata          rtx_conf_cm.o
    0x0001cf21   0x0001cf21   0x00000003   PAD
    0x0001cf24   0x0001cf24   0x00000010   Data   RO          259    .constdata          rtx_conf_cm.o
    0x0001cf34   0x0001cf34   0x00000008   Data   RO          260    .constdata          rtx_conf_cm.o
    0x0001cf3c   0x0001cf3c   0x00000002   Data   RO          261    .constdata          rtx_conf_cm.o
    0x0001cf3e   0x0001cf3e   0x00000002   PAD
    0x0001cf40   0x0001cf40   0x00000026   Data   RO          295    .constdata          emac_lpc40xx.o
    0x0001cf66   0x0001cf66   0x00000002   PAD
    0x0001cf68   0x0001cf68   0x00000044   Data   RO          296    .constdata          emac_lpc40xx.o
    0x0001cfac   0x0001cfac   0x0000001c   Data   RO          349    .constdata          i2c_lpc40xx.o
    0x0001cfc8   0x0001cfc8   0x00000030   Data   RO          350    .constdata          i2c_lpc40xx.o
    0x0001cff8   0x0001cff8   0x00000004   Data   RO          378    .constdata          phy_lan8720.o
    0x0001cffc   0x0001cffc   0x00000020   Data   RO          379    .constdata          phy_lan8720.o
    0x0001d01c   0x0001d01c   0x00000054   Data   RO          498    .constdata          net_config.o
    0x0001d070   0x0001d070   0x0000001c   Data   RO          499    .constdata          net_config.o
    0x0001d08c   0x0001d08c   0x00000014   Data   RO          500    .constdata          net_config.o
    0x0001d0a0   0x0001d0a0   0x00000010   Data   RO          501    .constdata          net_config.o
    0x0001d0b0   0x0001d0b0   0x00000024   Data   RO          502    .constdata          net_config.o
    0x0001d0d4   0x0001d0d4   0x00000010   Data   RO          503    .constdata          net_config.o
    0x0001d0e4   0x0001d0e4   0x00000014   Data   RO          504    .constdata          net_config.o
    0x0001d0f8   0x0001d0f8   0x0000001c   Data   RO          505    .constdata          net_config.o
    0x0001d114   0x0001d114   0x0000002c   Data   RO          506    .constdata          net_config.o
    0x0001d140   0x0001d140   0x00000008   Data   RO          507    .constdata          net_config.o
    0x0001d148   0x0001d148   0x00000008   Data   RO          509    .constdata          net_config.o
    0x0001d150   0x0001d150   0x00000008   Data   RO          510    .constdata          net_config.o
    0x0001d158   0x0001d158   0x00000008   Data   RO          511    .constdata          net_config.o
    0x0001d160   0x0001d160   0x00000008   Data   RO          512    .constdata          net_config.o
    0x0001d168   0x0001d168   0x00000008   Data   RO          513    .constdata          net_config.o
    0x0001d170   0x0001d170   0x00000008   Data   RO          514    .constdata          net_config.o
    0x0001d178   0x0001d178   0x00000008   Data   RO          515    .constdata          net_config.o
    0x0001d180   0x0001d180   0x0000000c   Data   RO          516    .constdata          net_config.o
    0x0001d18c   0x0001d18c   0x00000018   Data   RO          517    .constdata          net_config.o
    0x0001d1a4   0x0001d1a4   0x00000034   Data   RO          518    .constdata          net_config.o
    0x0001d1d8   0x0001d1d8   0x00000030   Data   RO          519    .constdata          net_config.o
    0x0001d208   0x0001d208   0x00000028   Data   RO          520    .constdata          net_config.o
    0x0001d230   0x0001d230   0x00000010   Data   RO          522    .constdata          net_config.o
    0x0001d240   0x0001d240   0x00000010   Data   RO          523    .constdata          net_config.o
    0x0001d250   0x0001d250   0x0000002c   Data   RO         1385    .constdata          Net_CM3_L.lib(net_loopback.o)
    0x0001d27c   0x0001d27c   0x0000000c   Data   RO         1386    .constdata          Net_CM3_L.lib(net_loopback.o)
    0x0001d288   0x0001d288   0x00000010   Data   RO         1642    .constdata          Net_CM3_L.lib(net_dhcp6_client.o)
    0x0001d298   0x0001d298   0x00000008   Data   RO         1668    .constdata          Net_CM3_L.lib(net_nbns_client.o)
    0x0001d2a0   0x0001d2a0   0x000000fa   Data   RO         1736    .constdata          Net_CM3_L.lib(net_http_server.o)
    0x0001d39a   0x0001d39a   0x00000002   PAD
    0x0001d39c   0x0001d39c   0x00000018   Data   RO         1813    .constdata          Net_CM3_L.lib(net_http_server_auth.o)
    0x0001d3b4   0x0001d3b4   0x00000012   Data   RO         1841    .constdata          Net_CM3_L.lib(net_ping_core.o)
    0x0001d3c6   0x0001d3c6   0x00000010   Data   RO         1933    .constdata          Net_CM3_L.lib(net_addr.o)
    0x0001d3d6   0x0001d3d6   0x00000006   Data   RO         1934    .constdata          Net_CM3_L.lib(net_addr.o)
    0x0001d3dc   0x0001d3dc   0x00000004   Data   RO         2543    .constdata          Net_CM3_L.lib(net_ip4.o)
    0x0001d3e0   0x0001d3e0   0x00000020   Data   RO         2588    .constdata          Net_CM3_L.lib(net_ip6.o)
    0x0001d400   0x0001d400   0x00000010   Data   RO         2589    .constdata          Net_CM3_L.lib(net_ip6.o)
    0x0001d410   0x0001d410   0x00000018   Data   RO         2620    .constdata          Net_CM3_L.lib(net_http_server_err.o)
    0x0001d428   0x0001d428   0x00000090   Data   RO         2699    .constdata          Net_CM3_L.lib(net_base64.o)
    0x0001d4b8   0x0001d4b8   0x00000004   Data   RO         2708    .constdata          Net_CM3_L.lib(net_version.o)
    0x0001d4bc   0x0001d4bc   0x00000081   Data   RO         3065    .constdata          mc_w.l(ctype_o.o)
    0x0001d53d   0x0001d53d   0x00000003   PAD
    0x0001d540   0x0001d540   0x00000004   Data   RO         3066    .constdata          mc_w.l(ctype_o.o)
    0x0001d544   0x0001d544   0x000000da   Data   RO           65    .conststring        http_server_cgi.o
    0x0001d61e   0x0001d61e   0x00000002   PAD
    0x0001d620   0x0001d620   0x00000012   Data   RO          524    .conststring        net_config.o
    0x0001d632   0x0001d632   0x00000002   PAD
    0x0001d634   0x0001d634   0x00000008   Data   RO          525    .conststring        net_config.o
    0x0001d63c   0x0001d63c   0x00000001   Data   RO          526    .conststring        net_config.o
    0x0001d63d   0x0001d63d   0x00000003   PAD
    0x0001d640   0x0001d640   0x00000040   Data   RO          527    .conststring        net_config.o
    0x0001d680   0x0001d680   0x0000003d   Data   RO          528    .conststring        net_config.o
    0x0001d6bd   0x0001d6bd   0x00000003   PAD
    0x0001d6c0   0x0001d6c0   0x0000001c   Data   RO          529    .conststring        net_config.o
    0x0001d6dc   0x0001d6dc   0x00000203   Data   RO         2621    .conststring        Net_CM3_L.lib(net_http_server_err.o)
    0x0001d8df   0x0001d8df   0x00000001   PAD
    0x0001d8e0   0x0001d8e0   0x00000030   Data   RO         3135    Region$$Table       anon$$obj.o


    Execution Region RW_IRAM1 (Exec base: 0x10000000, Load base: 0x0001d910, Size: 0x00004fd0, Max: 0x00010000, ABSOLUTE)

    Exec Addr    Load Addr    Size         Type   Attr      Idx    E Section Name        Object

    0x10000000   0x0001d910   0x00000036   Data   RW            4    .data               http_server.o
    0x10000036   0x0001d946   0x00000002   PAD
    0x10000038   0x0001d948   0x00000008   Data   RW           66    .data               http_server_cgi.o
    0x10000040   0x0001d950   0x00000004   Data   RW          108    .data               adc_ea_lpc4088.o
    0x10000044   0x0001d954   0x00000008   Data   RW          183    .data               glcd_ea_lpc4088.o
    0x1000004c   0x0001d95c   0x00000004   Data   RW          263    .data               rtx_conf_cm.o
    0x10000050   0x0001d960   0x00000004   Data   RW          264    .data               rtx_conf_cm.o
    0x10000054   0x0001d964   0x00000004   Data   RW          265    .data               rtx_conf_cm.o
    0x10000058   0x0001d968   0x00000010   Data   RW          460    .data               system_lpc407x_8x_177x_8x.o
    0x10000068   0x0001d978   0x00000008   Data   RW          530    .data               net_config.o
    0x10000070   0x0001d980   0x00000006   Data   RW          531    .data               net_config.o
    0x10000076   0x0001d986   0x00000004   Data   RW          532    .data               net_config.o
    0x1000007a   0x0001d98a   0x00000002   PAD
    0x1000007c   0x0001d98c   0x00000008   Data   RW          666    .data               RTX_CM4.lib(rt_cmsis.o)
    0x10000084   0x0001d994   0x00000004   Data   RW         1387    .data               Net_CM3_L.lib(net_loopback.o)
    0x10000088   0x0001d998   0x00000002   Data   RW         1424    .data               Net_CM3_L.lib(net_udp.o)
    0x1000008a   0x0001d99a   0x00000004   Data   RW         1515    .data               Net_CM3_L.lib(net_tcp.o)
    0x1000008e   0x0001d99e   0x00000002   Data   RW         1600    .data               Net_CM3_L.lib(net_dhcp_client.o)
    0x10000090   0x0001d9a0   0x00000002   Data   RW         1643    .data               Net_CM3_L.lib(net_dhcp6_client.o)
    0x10000092   0x0001d9a2   0x00000001   Data   RW         1669    .data               Net_CM3_L.lib(net_nbns_client.o)
    0x10000093   0x0001d9a3   0x00000001   PAD
    0x10000094   0x0001d9a4   0x0000000c   Data   RW         1737    .data               Net_CM3_L.lib(net_http_server.o)
    0x100000a0   0x0001d9b0   0x00000008   Data   RW         1982    .data               RTX_CM4.lib(rt_task.o)
    0x100000a8   0x0001d9b8   0x00000008   Data   RW         2067    .data               RTX_CM4.lib(rt_system.o)
    0x100000b0   0x0001d9c0   0x00000004   Data   RW         2361    .data               RTX_CM4.lib(rt_time.o)
    0x100000b4   0x0001d9c4   0x00000001   Data   RW         2481    .data               RTX_CM4.lib(hal_cm.o)
    0x100000b5   0x0001d9c5   0x00000003   PAD
    0x100000b8   0x0001d9c8   0x00000008   Data   RW         2544    .data               Net_CM3_L.lib(net_ip4.o)
    0x100000c0   0x0001d9d0   0x00000004   Data   RW         2590    .data               Net_CM3_L.lib(net_ip6.o)
    0x100000c4   0x0001d9d4   0x00000008   Data   RW         2717    .data               RTX_CM4.lib(rt_robin.o)
    0x100000cc   0x0001d9dc   0x00000004   Data   RW         3095    .data               mc_w.l(errno.o)
    0x100000d0        -       0x00000050   Zero   RW            2    .bss                http_server.o
    0x10000120        -       0x00000038   Zero   RW           64    .bss                http_server_cgi.o
    0x10000158        -       0x00000020   Zero   RW          240    .bss                rtx_conf_cm.o
    0x10000178        -       0x00000144   Zero   RW          241    .bss                rtx_conf_cm.o
    0x100002bc   0x0001d9e0   0x00000004   PAD
    0x100002c0        -       0x00000610   Zero   RW          242    .bss                rtx_conf_cm.o
    0x100008d0        -       0x00000a18   Zero   RW          243    .bss                rtx_conf_cm.o
    0x100012e8        -       0x00000084   Zero   RW          244    .bss                rtx_conf_cm.o
    0x1000136c        -       0x00000018   Zero   RW          245    .bss                rtx_conf_cm.o
    0x10001384        -       0x00000024   Zero   RW          348    .bss                i2c_lpc40xx.o
    0x100013a8        -       0x0000000c   Zero   RW          377    .bss                phy_lan8720.o
    0x100013b4        -       0x00000010   Zero   RW          487    .bss                net_config.o
    0x100013c4        -       0x00000010   Zero   RW          488    .bss                net_config.o
    0x100013d4        -       0x00000018   Zero   RW          489    .bss                net_config.o
    0x100013ec        -       0x00002ee0   Zero   RW          490    .bss                net_config.o
    0x100042cc        -       0x000000c8   Zero   RW          491    .bss                net_config.o
    0x10004394        -       0x00000018   Zero   RW          492    .bss                net_config.o
    0x100043ac        -       0x000000a0   Zero   RW          493    .bss                net_config.o
    0x1000444c        -       0x00000064   Zero   RW          494    .bss                net_config.o
    0x100044b0        -       0x00000050   Zero   RW          495    .bss                net_config.o
    0x10004500        -       0x00000228   Zero   RW          496    .bss                net_config.o
    0x10004728        -       0x00000150   Zero   RW          497    .bss                net_config.o
    0x10004878        -       0x000000a0   Zero   RW         1218    .bss                Net_CM3_L.lib(net_eth.o)
    0x10004918        -       0x00000018   Zero   RW         1277    .bss                Net_CM3_L.lib(net_arp.o)
    0x10004930        -       0x00000044   Zero   RW         1343    .bss                Net_CM3_L.lib(net_ndp.o)
    0x10004974        -       0x0000001c   Zero   RW         1423    .bss                Net_CM3_L.lib(net_udp.o)
    0x10004990        -       0x00000028   Zero   RW         1596    .bss                Net_CM3_L.lib(net_dhcp_client.o)
    0x100049b8        -       0x00000044   Zero   RW         1638    .bss                Net_CM3_L.lib(net_dhcp6_client.o)
    0x100049fc        -       0x00000098   Zero   RW         1735    .bss                Net_CM3_L.lib(net_http_server.o)
    0x10004a94        -       0x0000002c   Zero   RW         1840    .bss                Net_CM3_L.lib(net_ping_core.o)
    0x10004ac0        -       0x00000038   Zero   RW         1875    .bss                Net_CM3_L.lib(net_sys.o)
    0x10004af8        -       0x0000005c   Zero   RW         1932    .bss                Net_CM3_L.lib(net_addr.o)
    0x10004b54        -       0x00000034   Zero   RW         1981    .bss                RTX_CM4.lib(rt_task.o)
    0x10004b88        -       0x00000030   Zero   RW         2201    .bss                RTX_CM4.lib(rt_list.o)
    0x10004bb8        -       0x00000014   Zero   RW         2636    .bss                Net_CM3_L.lib(net_mem.o)
    0x10004bcc   0x0001d9e0   0x00000004   PAD
    0x10004bd0        -       0x00000400   Zero   RW          446    STACK               startup_lpc407x_8x_177x_8x.o


    Execution Region RW_IRAM2 (Exec base: 0x20000000, Load base: 0x0001d9e0, Size: 0x00002a74, Max: 0x00008000, ABSOLUTE)

    Exec Addr    Load Addr    Size         Type   Attr      Idx    E Section Name        Object

    0x20000000        -       0x00002a74   Zero   RW          294    .bss                emac_lpc40xx.o



  Load Region LR$$.ARM.__AT_0xA0000000 (Base: 0xa0000000, Size: 0x00000000, Max: 0x000bb800, ABSOLUTE)

    Execution Region ER$$.ARM.__AT_0xA0000000 (Exec base: 0xa0000000, Load base: 0xa0000000, Size: 0x000bb800, Max: 0x000bb800, ABSOLUTE, UNINIT)

    Exec Addr    Load Addr    Size         Type   Attr      Idx    E Section Name        Object

    0xa0000000        -       0x000bb800   Zero   RW          181    .ARM.__AT_0xA0000000  glcd_ea_lpc4088.o


==============================================================================

Image component sizes


      Code (inc. data)   RO Data    RW Data    ZI Data      Debug   Object Name

       208         16          0          4          0      57240   adc_ea_lpc4088.o
       112          6          0          0          0       4120   buttons_ea_lpc4088.o
      1812         88        106          0      10868      50283   emac_lpc40xx.o
      1900         70          0          8     768000      10036   glcd_ea_lpc4088.o
         0          0       5392          0          0        828   glcd_fonts.o
       124         10          0          0          0       1797   gpio_lpc40xx.o
       560        142         32         54         80      20494   http_server.o
      1676        342        218          8         56       3969   http_server_cgi.o
      2124         68         76          0         36      10924   i2c_lpc40xx.o
       460          6          0          0          0       2145   led_ea_lpc4088.o
       228         10        744         18      13508      24413   net_config.o
       408          8         36          0         12       5706   phy_lan8720.o
       132          4          0          0          0       1182   pin_lpc40xx.o
        28          6         88         12       4648       7602   rtx_conf_cm.o
        40         12        228          0       1024       1240   startup_lpc407x_8x_177x_8x.o
      1016         44          0         16          0       7181   system_lpc407x_8x_177x_8x.o
        92         10      57616          0          0       1844   web.o

    ----------------------------------------------------------------------
     10920        842      64608        124     798236     211004   Object Totals
         0          0         48          0          0          0   (incl. Generated)
         0          0         24          4          4          0   (incl. Padding)

    ----------------------------------------------------------------------

      Code (inc. data)   RO Data    RW Data    ZI Data      Debug   Library Member Name

      1390         84         22          0         92       1548   net_addr.o
      2108         58          0          0         24       1504   net_arp.o
       120          6        144          0          0         84   net_base64.o
       316          6          0          0          0        736   net_common.o
      2650        100         16          2         68        892   net_dhcp6_client.o
      2512         86          0          2         40        872   net_dhcp_client.o
      2876         90          0          0        160       1588   net_eth.o
      5962       1270        250         12        152       2836   net_http_server.o
       222         64         24          0          0        356   net_http_server_auth.o
         0          0        539          0          0          0   net_http_server_err.o
       388         22          0          0          0        164   net_icmp.o
       508         32          0          0          0        264   net_icmp6.o
       980         60          4          8          0        948   net_ip4.o
       676         54         48          4          0        636   net_ip6.o
       288         20         56          4          0        256   net_loopback.o
       448         46          0          0         20        556   net_mem.o
       344         22          8          1          0        180   net_nbns_client.o
      2760         58          0          0         68       1632   net_ndp.o
       108         18         18          0         44        212   net_ping_core.o
       754         76          0          0         56       1012   net_sys.o
      4916        180          0          4          0       2620   net_tcp.o
      1022         52          0          2         28        656   net_udp.o
         0          0          4          0          0          0   net_version.o
       268         24          0          1          0       4440   hal_cm.o
       408         34          0          0          0        812   hal_cm4.o
      2496        280          0          8          0      61251   rt_cmsis.o
       300         24          0          0          0       3371   rt_event.o
       566         44          0          0         48       9168   rt_list.o
       554         10          0          0          0       4177   rt_mailbox.o
       140          0          0          0          0       2033   rt_membox.o
       128          0          0          0          0       2411   rt_memory.o
       528         22          0          0          0       3009   rt_mutex.o
        96         22          0          8          0       1230   rt_robin.o
       278         18          0          0          0       3770   rt_semaphore.o
       334         64          0          8          0       7375   rt_system.o
      1264        184          0          8         52      10551   rt_task.o
         6          0          0          4          0        684   rt_time.o
         4          4          0          0          0        196   svc_table.o
        56          8          0          0          0         84   __0sscanf.o
        28          0          0          0          0         68   _chval.o
       816          6          0          0          0        112   _scanf.o
       332          0          0          0          0         96   _scanf_int.o
        64          0          0          0          0         84   _sgetc.o
       158          0          0          0          0         92   _strtoul.o
        26          0          0          0          0         80   atoi.o
         8          4        133          0          0         68   ctype_o.o
         0          0          0          0          0          0   entry.o
         0          0          0          0          0          0   entry10a.o
         0          0          0          0          0          0   entry11a.o
         4          0          0          0          0          0   entry12b.o
         8          4          0          0          0          0   entry2.o
         4          0          0          0          0          0   entry5.o
         0          0          0          0          0          0   entry7b.o
         0          0          0          0          0          0   entry8b.o
         8          4          0          4          0         68   errno.o
        30          0          0          0          0          0   handlers.o
        36          8          0          0          0         68   init.o
        18          0          0          0          0         76   isspace_o.o
         0          0          0          0          0          0   iusefp.o
        30          0          0          0          0         68   llshl.o
        36          0          0          0          0         68   llsshr.o
        32          0          0          0          0         68   llushr.o
        26          0          0          0          0         80   memcmp.o
        36          0          0          0          0         68   memcpya.o
        36          0          0          0          0        108   memseta.o
      2236         86          0          0          0        532   printfa.o
        40          8          0          0          0         84   scanf_char.o
        28          0          0          0          0         76   strcmp.o
        18          0          0          0          0         68   strcpy.o
        14          0          0          0          0         68   strlen.o
        30          0          0          0          0         80   strncmp.o
       112          0          0          0          0         88   strtol.o
        44          0          0          0          0         80   uidiv.o
        98          0          0          0          0         92   uldiv.o
        48          0          0          0          0         68   cdrcmple.o
       334          0          0          0          0        148   dadd.o
       222          0          0          0          0        100   ddiv.o
       186          0          0          0          0        176   depilogue.o
        48          0          0          0          0         68   dfixul.o
       228          0          0          0          0         96   dmul.o
        38          0          0          0          0         68   f2d.o

    ----------------------------------------------------------------------
     44304       3262       1272         84        856     137278   Library Totals
        70          0          6          4          4          0   (incl. Padding)

    ----------------------------------------------------------------------

      Code (inc. data)   RO Data    RW Data    ZI Data      Debug   Library Name

     31348       2404       1133         39        752      19552   Net_CM3_L.lib
      7370        730          0         37        100     114478   RTX_CM4.lib
      4412        128        133          4          0       2524   mc_w.l
      1104          0          0          0          0        724   mf_w.l

    ----------------------------------------------------------------------
     44304       3262       1272         84        856     137278   Library Totals

    ----------------------------------------------------------------------

==============================================================================


      Code (inc. data)   RO Data    RW Data    ZI Data      Debug   

     55224       4104      65880        208     799092     318782   Grand Totals
     55224       4104      65880        208     799092     318782   ELF Image Totals
     55224       4104      65880        208          0          0   ROM Totals

==============================================================================

    Total RO  Size (Code + RO Data)               121104 ( 118.27kB)
    Total RW  Size (RW Data + ZI Data)            799300 ( 780.57kB)
    Total ROM Size (Code + RO Data + RW Data)     121312 ( 118.47kB)

==============================================================================

