<html>
<body>
<pre>
<h1>µVision Build Log</h1>
<h2>Tool Versions:</h2>
IDE-Version: µVision V5.34.0.0
Copyright (C) 2021 ARM Ltd and ARM Germany GmbH. All rights reserved.
License Information: - - - Flex license: MDK Professional 5.34 (Flex): 25 user(s) (mdk_pro) Operation stops: 31 May 2021
 
Tool Versions:
Toolchain:       MDK Professional 5.34 (Flex): 25 user(s)  Version: 5.34.0.0
Toolchain Path:  C:\Keil_v5\ARM\ARMCC\Bin
C Compiler:      Armcc.exe V5.06 update 7 (build 960)
Assembler:       Armasm.exe V5.06 update 7 (build 960)
Linker/Locator:  ArmLink.exe V5.06 update 7 (build 960)
Library Manager: ArmAr.exe V5.06 update 7 (build 960)
Hex Converter:   FromElf.exe V5.06 update 7 (build 960)
CPU DLL:         SARMCM3.DLL V5.34.0.0
Dialog DLL:      DCM.DLL V1.17.3.0
Target DLL:      Segger\JL2CM3.dll V2.99.38.0
Dialog DLL:      TCM.DLL V1.48.0.0
 
<h2>Project:</h2>
C:\Users\Lab. DBM\DBM\Ethernet\Boards\Embedded Artists\LPC4088-32 Developers Kit\Middleware\NetworkDS\HTTP_Server\HTTP_Server.uvprojx
Project File Date:  05/26/2021

<h2>Output:</h2>
*** Using Compiler 'V5.06 update 7 (build 960)', folder: 'C:\Keil_v5\ARM\ARMCC\Bin'
Rebuild target 'LCD PB1 TFT 4.3 inch'

FCARM uses the following Files via command file '.\Auto_FcArm_Cmd.inp':
index.htm,
pg_header.inc,
pg_footer.inc,
ad.cgi,
ad.cgx,
buttons.cgi,
buttons.cgx,
language.cgi,
lcd.cgi,
leds.cgi,
network.cgi,
system.cgi,
tcp.cgi,
xml_http.js,
home.png,
keil.gif,
llblue.jpg,
pabb.gif,
logo.gif,
uca150x59.gif 
TO Web.c RTE NOPRINT ROOT(Web)
custom translating @.\Auto_FcArm_Cmd.inp...
Custom: C:\Keil_v5\ARM\Bin\FCARM.exe @.\Auto_FcArm_Cmd.inp
FCARM FILE CONVERTER V2.58
Completed 20 File(s), Ratio 93%
compiling HTTP_Server.c...
compiling Web.c...
compiling HTTP_Server_CGI.c...
compiling Buttons_EA_LPC4088.c...
compiling ADC_EA_LPC4088.c...
compiling GLCD_Fonts.c...
compiling LED_EA_LPC4088.c...
compiling GLCD_EA_LPC4088.c...
compiling RTX_Conf_CM.c...
compiling PHY_LAN8720.c...
compiling EMAC_LPC40xx.c...
compiling I2C_LPC40xx.c...
compiling GPIO_LPC40xx.c...
assembling startup_LPC407x_8x_177x_8x.s...
compiling PIN_LPC40xx.c...
compiling system_LPC407x_8x_177x_8x.c...
compiling Net_Config.c...
linking...
Program Size: Code=55224 RO-data=65880 RW-data=208 ZI-data=799092  
".\Output\HTTP_Server.axf" - 0 Error(s), 0 Warning(s).

<h2>Software Packages used:</h2>

Package Vendor: ARM
                http://www.keil.com/pack/ARM.CMSIS.5.7.0.pack
                ARM.CMSIS.5.7.0
                CMSIS (Cortex Microcontroller Software Interface Standard)
   * Component: Ethernet MAC Version: 2.2.0
   * Component: Ethernet PHY Version: 2.2.0
   * Component: I2C Version: 2.4.0
   * Component: RTOS Version: 1.0.0
   * Component: CORE Version: 5.4.0
   * Component: Keil RTX Version: 4.82.0

Package Vendor: ARM
                http://www.keil.com/pack/ARM.CMSIS-Driver.2.6.1.pack
                ARM.CMSIS-Driver.2.6.1
                CMSIS Drivers for external devices
   * Component: LAN8720 Version: 6.2.0

Package Vendor: Keil
                http://www.keil.com/pack/Keil.LPC4000_DFP.2.1.0.pack
                Keil.LPC4000_DFP.2.1.0
                NXP LPC4000 Series Device Support
   * Component: A/D Converter Version: 1.0.0
   * Component: Buttons Version: 1.0.0
   * Component: Graphic LCD Variant: TFT 800x480 Version: 1.0.0
   * Component: LED Version: 1.0.0
   * Component: Ethernet MAC Version: 1.1
   * Component: I2C Version: 1.0
   * Component: GPIO Version: 1.0
   * Component: PIN Version: 1.0
   * Component: Startup Version: 1.0.1

Package Vendor: Keil
                http://www.keil.com/pack/Keil.MDK-Middleware.7.12.0.pack
                Keil.MDK-Middleware.7.12.0
                Middleware for Keil MDK-Professional and MDK-Plus
   * Component: A/D Converter Version: 1.0.0
   * Component: Buttons Version: 1.0.0
   * Component: Graphic LCD Version: 1.0.0
   * Component: LED Version: 1.0.0
   * Component: CORE Variant: IPv4/IPv6 Release Version: 7.14.0
   * Component: ETH Version: 7.14.0
   * Component: Web Server Compact Variant: HTTP Version: 7.14.0
   * Component: TCP Version: 7.14.0
   * Component: UDP Version: 7.14.0

<h2>Collection of Component include folders:</h2>
  .\RTE\Device\LPC4088FET208
  .\RTE\Network
  .\RTE\_LCD_PB1_TFT_4.3_inch
  C:\Keil_v5\ARM\PACK\ARM\CMSIS\5.7.0\CMSIS\Core\Include
  C:\Keil_v5\ARM\PACK\ARM\CMSIS\5.7.0\CMSIS\Driver\Include
  C:\Keil_v5\ARM\PACK\ARM\CMSIS\5.7.0\CMSIS\RTOS\RTX\INC
  C:\Keil_v5\ARM\PACK\Keil\LPC4000_DFP\2.1.0\Boards\Embedded Artists\LPC4088-32 Developers Kit\Common
  C:\Keil_v5\ARM\PACK\Keil\LPC4000_DFP\2.1.0\Device\Include
  C:\Keil_v5\ARM\PACK\Keil\LPC4000_DFP\2.1.0\RTE_Driver
  C:\Keil_v5\ARM\PACK\Keil\MDK-Middleware\7.12.0\Board
  C:\Keil_v5\ARM\PACK\Keil\MDK-Middleware\7.12.0\Network\Include

<h2>Collection of Component Files used:</h2>

   * Component: ::Board Support:A/D Converter:1.0.0 (API)
      Include file:  Board\Board_ADC.h

   * Component: ::Board Support:Buttons:1.0.0 (API)
      Include file:  Board\Board_Buttons.h

   * Component: ::Board Support:Graphic LCD:1.0.0 (API)
      Include file:  Board\Board_GLCD.h

   * Component: ::Board Support:LED:1.0.0 (API)
      Include file:  Board\Board_LED.h

   * Component: ::CMSIS Driver:Ethernet MAC:2.2.0 (API)
      Include file:  CMSIS\Driver\Include\Driver_ETH_MAC.h

   * Component: ::CMSIS Driver:Ethernet PHY:2.2.0 (API)
      Include file:  CMSIS\Driver\Include\Driver_ETH_PHY.h

   * Component: ::CMSIS Driver:I2C:2.4.0 (API)
      Include file:  CMSIS\Driver\Include\Driver_I2C.h

   * Component: ::CMSIS:RTOS:1.0.0 (API)

   * Component: ARM::CMSIS:CORE:5.4.0

   * Component: ARM::CMSIS:RTOS:Keil RTX:4.82.0
      Library file:  CMSIS\RTOS\RTX\LIB\ARM\RTX_CM4.lib
      Source file:   CMSIS\RTOS\RTX\UserCodeTemplates\Timer.c
      Source file:   CMSIS\RTOS\RTX\UserCodeTemplates\MailQueue.c
      Source file:   CMSIS\RTOS\RTX\UserCodeTemplates\main.c
      Include file:  CMSIS\RTOS\RTX\UserCodeTemplates\osObjects.h
      Source file:   CMSIS\RTOS\RTX\UserCodeTemplates\MsgQueue.c
      Source file:   CMSIS\RTOS\RTX\UserCodeTemplates\Mutex.c
      Source file:   CMSIS\RTOS\RTX\UserCodeTemplates\Thread.c
      Include file:  CMSIS\RTOS\RTX\INC\cmsis_os.h
      Source file:   CMSIS\RTOS\RTX\Templates\RTX_Conf_CM.c
      Source file:   CMSIS\RTOS\RTX\SRC\ARM\SVC_Table.s
      Source file:   CMSIS\RTOS\RTX\UserCodeTemplates\Semaphore.c
      Source file:   CMSIS\RTOS\RTX\UserCodeTemplates\MemPool.c

   * Component: Keil.LPC4088-32 Developers Kit::Board Support:A/D Converter:1.0.0
      Source file:   Boards\Embedded Artists\LPC4088-32 Developers Kit\Common\ADC_EA_LPC4088.c

   * Component: Keil.LPC4088-32 Developers Kit::Board Support:Buttons:1.0.0
      Source file:   Boards\Embedded Artists\LPC4088-32 Developers Kit\Common\Buttons_EA_LPC4088.c

   * Component: Keil.LPC4088-32 Developers Kit::Board Support:Graphic LCD:TFT 800x480:1.0.0
      Source file:   Boards\Embedded Artists\LPC4088-32 Developers Kit\Common\GLCD_EA_LPC4088.c
      Include file:  Boards\Embedded Artists\LPC4088-32 Developers Kit\Common\GLCD_Config.h
      Source file:   Boards\Embedded Artists\LPC4088-32 Developers Kit\Common\GLCD_Fonts.c

   * Component: Keil.LPC4088-32 Developers Kit::Board Support:LED:1.0.0
      Source file:   Boards\Embedded Artists\LPC4088-32 Developers Kit\Common\LED_EA_LPC4088.c

   * Component: Keil.MDK-Pro::Network:CORE:IPv4/IPv6 Release:7.14.0
      Source file:   Network\Config\Net_Config.c
      Library file:  Network\Lib\ARM\Net_CM3_L.lib
      Include file:  Network\Include\rl_net.h

   * Component: Keil.MDK-Pro::Network:Interface:ETH:7.14.0
      Include file:  Network\Config\Net_Config_ETH.h

   * Component: Keil.MDK-Pro::Network:Service:Web Server Compact:HTTP:7.14.0
      Source file:   Network\Template\HTTP_Server_CGI.c
      Source file:   Network\Template\HTTP_Server_Access.c
      Include file:  Network\Config\Net_Config_HTTP_Server.h
      Source file:   Network\Template\HTTP_Server_Multiuser.c
      Source file:   Network\Template\HTTP_Server_Error.c

   * Component: Keil.MDK-Pro::Network:Socket:TCP:7.14.0
      Source file:   Network\Template\TCP_Socket_Server.c
      Include file:  Network\Config\Net_Config_TCP.h
      Source file:   Network\Template\TCP_Socket_Client.c

   * Component: Keil.MDK-Pro::Network:Socket:UDP:7.14.0
      Include file:  Network\Config\Net_Config_UDP.h
      Source file:   Network\Template\UDP_Socket.c

   * Component: Keil::CMSIS Driver:Ethernet MAC:1.1
      Source file:   RTE_Driver\EMAC_LPC40xx.c

   * Component: Keil::CMSIS Driver:Ethernet PHY:LAN8720:6.2.0
      Source file:   ETH\PHY_LAN8720.c

   * Component: Keil::CMSIS Driver:I2C:1.0
      Source file:   RTE_Driver\I2C_LPC40xx.c

   * Component: Keil::Device:GPIO:1.0
      Source file:   RTE_Driver\GPIO_LPC40xx.c
      Include file:  RTE_Driver\GPIO_LPC40xx.h

   * Component: Keil::Device:PIN:1.0
      Include file:  RTE_Driver\PIN_LPC40xx.h
      Source file:   RTE_Driver\PIN_LPC40xx.c

   * Component: Keil::Device:Startup:1.0.1
      Include file:  RTE_Driver\Config\RTE_Device.h
      Source file:   Device\Source\ARM\startup_LPC407x_8x_177x_8x.s
      Source file:   Device\Source\system_LPC407x_8x_177x_8x.c
      Include file:  Device\Include\system_LPC407x_8x_177x_8x.h
      Include file:  Device\Include\LPC407x_8x_177x_8x.h
Build Time Elapsed:  00:00:01
</pre>
</body>
</html>
